Component: ARM Compiler 5.06 update 2 (build 183) Tool: armlink [4d35b7]

==============================================================================

Section Cross References

    main.o(i.assert_nrf_callback) refers to app_error.o(i.app_error_handler) for app_error_handler
    main.o(i.audio_stimulus_handler) refers to printf3.o(i.__0printf$3) for __2printf
    main.o(i.audio_stimulus_handler) refers to app_timer.o(i.app_timer_start) for app_timer_start
    main.o(i.audio_stimulus_handler) refers to app_error.o(i.app_error_handler) for app_error_handler
    main.o(i.audio_stimulus_handler) refers to app_timer.o(i.app_timer_cnt_get) for app_timer_cnt_get
    main.o(i.audio_stimulus_handler) refers to app_timer.o(i.app_timer_cnt_diff_compute) for app_timer_cnt_diff_compute
    main.o(i.audio_stimulus_handler) refers to main.o(.data) for timer_created
    main.o(i.audio_stimulus_handler) refers to main.o(.constdata) for timer_stim_freq_id
    main.o(i.audio_stimulus_handler) refers to main.o(.bss) for audio_stim_timer_tick_array
    main.o(i.audio_stimulus_handler_test) refers to ble_nus_c.o(i.ble_nus_c_string_send) for ble_nus_c_string_send
    main.o(i.audio_stimulus_handler_test) refers to main.o(.bss) for m_ble_nus_c
    main.o(i.average_tick) refers to main.o(i.median_tick) for median_tick
    main.o(i.ble_evt_dispatch) refers to main.o(i.on_ble_evt) for on_ble_evt
    main.o(i.ble_evt_dispatch) refers to bsp_btn_ble.o(i.bsp_btn_ble_on_ble_evt) for bsp_btn_ble_on_ble_evt
    main.o(i.ble_evt_dispatch) refers to ble_db_discovery.o(i.ble_db_discovery_on_ble_evt) for ble_db_discovery_on_ble_evt
    main.o(i.ble_evt_dispatch) refers to ble_nus_c.o(i.ble_nus_c_on_ble_evt) for ble_nus_c_on_ble_evt
    main.o(i.ble_evt_dispatch) refers to main.o(.bss) for m_ble_db_discovery
    main.o(i.ble_nus_c_evt_handler) refers to ble_nus_c.o(i.ble_nus_c_rx_notif_enable) for ble_nus_c_rx_notif_enable
    main.o(i.ble_nus_c_evt_handler) refers to app_error.o(i.app_error_handler) for app_error_handler
    main.o(i.ble_nus_c_evt_handler) refers to app_uart_fifo.o(i.app_uart_put) for app_uart_put
    main.o(i.ble_nus_c_evt_handler) refers to main.o(i.scan_start) for scan_start
    main.o(i.ble_stack_init) refers to softdevice_handler.o(i.softdevice_handler_init) for softdevice_handler_init
    main.o(i.ble_stack_init) refers to app_error.o(i.app_error_handler) for app_error_handler
    main.o(i.ble_stack_init) refers to softdevice_handler.o(i.softdevice_ble_evt_handler_set) for softdevice_ble_evt_handler_set
    main.o(i.ble_stack_init) refers to main.o(.bss) for BLE_EVT_BUFFER
    main.o(i.ble_stack_init) refers to main.o(i.ble_evt_dispatch) for ble_evt_dispatch
    main.o(i.bsp_event_handler) refers to main.o(i.sleep_mode_enter) for sleep_mode_enter
    main.o(i.bsp_event_handler) refers to app_error.o(i.app_error_handler) for app_error_handler
    main.o(i.bsp_event_handler) refers to main.o(.bss) for m_ble_nus_c
    main.o(i.buttons_leds_init) refers to bsp.o(i.bsp_init) for bsp_init
    main.o(i.buttons_leds_init) refers to app_error.o(i.app_error_handler) for app_error_handler
    main.o(i.buttons_leds_init) refers to bsp_btn_ble.o(i.bsp_btn_ble_init) for bsp_btn_ble_init
    main.o(i.buttons_leds_init) refers to main.o(i.bsp_event_handler) for bsp_event_handler
    main.o(i.gpiote_init) refers to printf3.o(i.__0printf$3) for __2printf
    main.o(i.gpiote_init) refers to nrf_drv_gpiote.o(i.nrf_drv_gpiote_is_init) for nrf_drv_gpiote_is_init
    main.o(i.gpiote_init) refers to nrf_drv_gpiote.o(i.nrf_drv_gpiote_init) for nrf_drv_gpiote_init
    main.o(i.gpiote_init) refers to app_error.o(i.app_error_handler) for app_error_handler
    main.o(i.gpiote_init) refers to nrf_drv_gpiote.o(i.nrf_drv_gpiote_in_init) for nrf_drv_gpiote_in_init
    main.o(i.gpiote_init) refers to main.o(i.NVIC_SetPriority) for NVIC_SetPriority
    main.o(i.gpiote_init) refers to nrf_drv_gpiote.o(i.nrf_drv_gpiote_in_event_addr_get) for nrf_drv_gpiote_in_event_addr_get
    main.o(i.gpiote_init) refers to nrf_drv_gpiote.o(i.nrf_drv_gpiote_in_event_enable) for nrf_drv_gpiote_in_event_enable
    main.o(i.gpiote_init) refers to main.o(.constdata) for .constdata
    main.o(i.gpiote_init) refers to main.o(i.audio_stimulus_handler) for audio_stimulus_handler
    main.o(i.gpiote_init) refers to main.o(i.visual_stimulus_handler) for visual_stimulus_handler
    main.o(i.main) refers to app_timer.o(i.app_timer_init) for app_timer_init
    main.o(i.main) refers to app_error.o(i.app_error_handler) for app_error_handler
    main.o(i.main) refers to main.o(i.uart_init) for uart_init
    main.o(i.main) refers to main.o(i.buttons_leds_init) for buttons_leds_init
    main.o(i.main) refers to main.o(i.ble_stack_init) for ble_stack_init
    main.o(i.main) refers to ble_db_discovery.o(i.ble_db_discovery_init) for ble_db_discovery_init
    main.o(i.main) refers to main.o(i.nus_c_init) for nus_c_init
[...]
    Removing app_fifo.o(i.app_fifo_flush), (10 bytes).
    Removing app_fifo.o(i.app_fifo_read), (106 bytes).
    Removing app_fifo.o(i.app_fifo_write), (110 bytes).
    Removing app_timer.o(.rev16_text), (4 bytes).
    Removing app_timer.o(.revsh_text), (4 bytes).
    Removing app_timer.o(i.app_timer_stop_all), (32 bytes).
    Removing app_timer.o(i.timer_stop_all_op_schedule), (64 bytes).
    Removing retarget.o(.rev16_text), (4 bytes).
    Removing retarget.o(.revsh_text), (4 bytes).
    Removing retarget.o(i.fgetc), (22 bytes).
    Removing softdevice_handler.o(.rev16_text), (4 bytes).
    Removing softdevice_handler.o(.revsh_text), (4 bytes).
    Removing softdevice_handler.o(i.softdevice_handler_isEnabled), (12 bytes).
    Removing softdevice_handler.o(i.softdevice_handler_sd_disable), (28 bytes).
    Removing softdevice_handler.o(i.softdevice_sys_evt_handler_set), (24 bytes).
    Removing dadd.o(.text), (356 bytes).
    Removing dmul.o(.text), (208 bytes).
    Removing ddiv.o(.text), (240 bytes).
    Removing dfixul.o(.text), (64 bytes).
    Removing cdrcmple.o(.text), (40 bytes).
    Removing depilogue.o(.text), (190 bytes).
    Removing depilogue.o(i.__ARM_clz), (46 bytes).

118 unused section(s) (total 7164 bytes) removed from the image.

==============================================================================

Image Symbol Table

    Local Symbols

    Symbol Name                              Value     Ov Type        Size  Object(Section)

    ../clib/microlib/division.c              0x00000000   Number         0  uidiv.o ABSOLUTE
    ../clib/microlib/division.c              0x00000000   Number         0  uldiv.o ABSOLUTE
    ../clib/microlib/init/entry.s            0x00000000   Number         0  entry10b.o ABSOLUTE
    ../clib/microlib/init/entry.s            0x00000000   Number         0  entry11a.o ABSOLUTE
    ../clib/microlib/init/entry.s            0x00000000   Number         0  entry9a.o ABSOLUTE
    ../clib/microlib/init/entry.s            0x00000000   Number         0  entry8a.o ABSOLUTE
    ../clib/microlib/init/entry.s            0x00000000   Number         0  entry10a.o ABSOLUTE
    ../clib/microlib/init/entry.s            0x00000000   Number         0  entry7b.o ABSOLUTE
    ../clib/microlib/init/entry.s            0x00000000   Number         0  entry9b.o ABSOLUTE
    ../clib/microlib/init/entry.s            0x00000000   Number         0  entry8b.o ABSOLUTE
    ../clib/microlib/init/entry.s            0x00000000   Number         0  entry2.o ABSOLUTE
    ../clib/microlib/init/entry.s            0x00000000   Number         0  entry.o ABSOLUTE
    ../clib/microlib/init/entry.s            0x00000000   Number         0  entry5.o ABSOLUTE
    ../clib/microlib/init/entry.s            0x00000000   Number         0  entry11b.o ABSOLUTE
    ../clib/microlib/init/entry.s            0x00000000   Number         0  entry7a.o ABSOLUTE
    ../clib/microlib/longlong.c              0x00000000   Number         0  llushr.o ABSOLUTE
    ../clib/microlib/longlong.c              0x00000000   Number         0  llsshr.o ABSOLUTE
    ../clib/microlib/longlong.c              0x00000000   Number         0  llshl.o ABSOLUTE
    ../clib/microlib/printf/printf.c         0x00000000   Number         0  printf2.o ABSOLUTE
    ../clib/microlib/printf/printf.c         0x00000000   Number         0  printf1.o ABSOLUTE
    ../clib/microlib/printf/printf.c         0x00000000   Number         0  printf0.o ABSOLUTE
    ../clib/microlib/printf/printf.c         0x00000000   Number         0  printf7.o ABSOLUTE
    ../clib/microlib/printf/printf.c         0x00000000   Number         0  printf5.o ABSOLUTE
    ../clib/microlib/printf/printf.c         0x00000000   Number         0  printfb.o ABSOLUTE
    ../clib/microlib/printf/printf.c         0x00000000   Number         0  printf6.o ABSOLUTE
    ../clib/microlib/printf/printf.c         0x00000000   Number         0  printf4.o ABSOLUTE
    ../clib/microlib/printf/printf.c         0x00000000   Number         0  printfa.o ABSOLUTE
    ../clib/microlib/printf/printf.c         0x00000000   Number         0  printf3.o ABSOLUTE
    ../clib/microlib/printf/printf.c         0x00000000   Number         0  printf8.o ABSOLUTE
    ../clib/microlib/printf/stubs.s          0x00000000   Number         0  stubs.o ABSOLUTE
    ../clib/microlib/string/memcpy.c         0x00000000   Number         0  memcpya.o ABSOLUTE
    ../clib/microlib/string/memcpy.c         0x00000000   Number         0  memcpyb.o ABSOLUTE
    ../clib/microlib/string/memset.c         0x00000000   Number         0  memseta.o ABSOLUTE
    ../clib/microlib/string/strlen.c         0x00000000   Number         0  strlen.o ABSOLUTE
    ../clib/microlib/stubs.s                 0x00000000   Number         0  iusefp.o ABSOLUTE
    ../fplib/microlib/fpadd.c                0x00000000   Number         0  dadd.o ABSOLUTE
    ../fplib/microlib/fpdiv.c                0x00000000   Number         0  ddiv.o ABSOLUTE
    ../fplib/microlib/fpepilogue.c           0x00000000   Number         0  depilogue.o ABSOLUTE
    ../fplib/microlib/fpfix.c                0x00000000   Number         0  dfixul.o ABSOLUTE
    ../fplib/microlib/fpmul.c                0x00000000   Number         0  dmul.o ABSOLUTE
    ..\..\..\main.c                          0x00000000   Number         0  main.o ABSOLUTE
    ..\..\..\quicksort.c                     0x00000000   Number         0  quicksort.o ABSOLUTE
    ..\\..\\..\\main.c                       0x00000000   Number         0  main.o ABSOLUTE
    C:\Keil_v5\ARM\PACK\NordicSemiconductor\nRF_BLE\3.1.0\ble_services\ble_nus_c\ble_nus_c.c 0x00000000   Number         0  ble_nus_c.o ABSOLUTE
    C:\Keil_v5\ARM\PACK\NordicSemiconductor\nRF_BLE\3.1.0\common\ble_srv_common.c 0x00000000   Number         0  ble_srv_common.o ABSOLUTE
    C:\Keil_v5\ARM\PACK\NordicSemiconductor\nRF_Drivers\3.1.0\common\nrf_drv_common.c 0x00000000   Number         0  nrf_drv_common.o ABSOLUTE
    C:\Keil_v5\ARM\PACK\NordicSemiconductor\nRF_Drivers\3.1.0\delay\nrf_delay.c 0x00000000   Number         0  nrf_delay.o ABSOLUTE
    C:\Keil_v5\ARM\PACK\NordicSemiconductor\nRF_Drivers\3.1.0\gpiote\nrf_drv_gpiote.c 0x00000000   Number         0  nrf_drv_gpiote.o ABSOLUTE
    C:\Keil_v5\ARM\PACK\NordicSemiconductor\nRF_Drivers\3.1.0\uart\nrf_drv_uart.c 0x00000000   Number         0  nrf_drv_uart.o ABSOLUTE
    C:\\Keil_v5\\ARM\\PACK\\NordicSemiconductor\\nRF_Drivers\\3.1.0\\common\\nrf_drv_common.c 0x00000000   Number         0  nrf_drv_common.o ABSOLUTE
    C:\\Keil_v5\\ARM\\PACK\\NordicSemiconductor\\nRF_Drivers\\3.1.0\\delay\\nrf_delay.c 0x00000000   Number         0  nrf_delay.o ABSOLUTE
    C:\\Keil_v5\\ARM\\PACK\\NordicSemiconductor\\nRF_Drivers\\3.1.0\\gpiote\\nrf_drv_gpiote.c 0x00000000   Number         0  nrf_drv_gpiote.o ABSOLUTE
    C:\\Keil_v5\\ARM\\PACK\\NordicSemiconductor\\nRF_Drivers\\3.1.0\\uart\\nrf_drv_uart.c 0x00000000   Number         0  nrf_drv_uart.o ABSOLUTE
    RTE\Board_Support\nRF51422_xxAC\bsp.c    0x00000000   Number         0  bsp.o ABSOLUTE
    RTE\Board_Support\nRF51422_xxAC\bsp_btn_ble.c 0x00000000   Number         0  bsp_btn_ble.o ABSOLUTE
    RTE\Device\nRF51422_xxAC\arm_startup_nrf51.s 0x00000000   Number         0  arm_startup_nrf51.o ABSOLUTE
    RTE\Device\nRF51422_xxAC\system_nrf51.c  0x00000000   Number         0  system_nrf51.o ABSOLUTE
    RTE\\Board_Support\\nRF51422_xxAC\\bsp.c 0x00000000   Number         0  bsp.o ABSOLUTE
    RTE\\Board_Support\\nRF51422_xxAC\\bsp_btn_ble.c 0x00000000   Number         0  bsp_btn_ble.o ABSOLUTE
    RTE\\Device\\nRF51422_xxAC\\system_nrf51.c 0x00000000   Number         0  system_nrf51.o ABSOLUTE
    RTE\\nRF_Drivers\\nRF51422_xxAC\\app_uart_fifo.c 0x00000000   Number         0  app_uart_fifo.o ABSOLUTE
    RTE\\nRF_Libraries\\nRF51422_xxAC\\app_button.c 0x00000000   Number         0  app_button.o ABSOLUTE
    RTE\\nRF_Libraries\\nRF51422_xxAC\\app_error.c 0x00000000   Number         0  app_error.o ABSOLUTE
    RTE\\nRF_Libraries\\nRF51422_xxAC\\app_timer.c 0x00000000   Number         0  app_timer.o ABSOLUTE
    RTE\\nRF_Libraries\\nRF51422_xxAC\\retarget.c 0x00000000   Number         0  retarget.o ABSOLUTE
    RTE\\nRF_SoftDevice\\nRF51422_xxAC\\softdevice_handler.c 0x00000000   Number         0  softdevice_handler.o ABSOLUTE
    RTE\nRF_BLE\nRF51422_xxAC\ble_advdata.c  0x00000000   Number         0  ble_advdata.o ABSOLUTE
    RTE\nRF_BLE\nRF51422_xxAC\ble_db_discovery.c 0x00000000   Number         0  ble_db_discovery.o ABSOLUTE
    RTE\nRF_Drivers\nRF51422_xxAC\app_uart_fifo.c 0x00000000   Number         0  app_uart_fifo.o ABSOLUTE
    RTE\nRF_Libraries\nRF51422_xxAC\app_button.c 0x00000000   Number         0  app_button.o ABSOLUTE
    RTE\nRF_Libraries\nRF51422_xxAC\app_error.c 0x00000000   Number         0  app_error.o ABSOLUTE
    RTE\nRF_Libraries\nRF51422_xxAC\app_fifo.c 0x00000000   Number         0  app_fifo.o ABSOLUTE
    RTE\nRF_Libraries\nRF51422_xxAC\app_timer.c 0x00000000   Number         0  app_timer.o ABSOLUTE
    RTE\nRF_Libraries\nRF51422_xxAC\app_trace.c 0x00000000   Number         0  app_trace.o ABSOLUTE
    RTE\nRF_Libraries\nRF51422_xxAC\nrf_assert.c 0x00000000   Number         0  nrf_assert.o ABSOLUTE
    RTE\nRF_Libraries\nRF51422_xxAC\retarget.c 0x00000000   Number         0  retarget.o ABSOLUTE
    RTE\nRF_SoftDevice\nRF51422_xxAC\softdevice_handler.c 0x00000000   Number         0  softdevice_handler.o ABSOLUTE
    cdrcmple.s                               0x00000000   Number         0  cdrcmple.o ABSOLUTE
    dc.s                                     0x00000000   Number         0  dc.o ABSOLUTE
    handlers.s                               0x00000000   Number         0  handlers.o ABSOLUTE
    init.s                                   0x00000000   Number         0  init.o ABSOLUTE
    RESET                                    0x0001d000   Section      192  arm_startup_nrf51.o(RESET)
    .ARM.Collect$$$$00000000                 0x0001d0c0   Section        0  entry.o(.ARM.Collect$$$$00000000)
    .ARM.Collect$$$$00000001                 0x0001d0c0   Section        4  entry2.o(.ARM.Collect$$$$00000001)
    .ARM.Collect$$$$00000004                 0x0001d0c4   Section        4  entry5.o(.ARM.Collect$$$$00000004)
    .ARM.Collect$$$$00000008                 0x0001d0c8   Section        0  entry7b.o(.ARM.Collect$$$$00000008)
    .ARM.Collect$$$$0000000A                 0x0001d0c8   Section        0  entry8b.o(.ARM.Collect$$$$0000000A)
    .ARM.Collect$$$$0000000B                 0x0001d0c8   Section        8  entry9a.o(.ARM.Collect$$$$0000000B)
    .ARM.Collect$$$$0000000D                 0x0001d0d0   Section        0  entry10a.o(.ARM.Collect$$$$0000000D)
    .ARM.Collect$$$$0000000F                 0x0001d0d0   Section        0  entry11a.o(.ARM.Collect$$$$0000000F)
    .ARM.Collect$$$$00002712                 0x0001d0d0   Section        4  entry2.o(.ARM.Collect$$$$00002712)
    __lit__00000000                          0x0001d0d0   Data           4  entry2.o(.ARM.Collect$$$$00002712)
    .emb_text                                0x0001d0d4   Section       30  app_timer.o(.emb_text)
    .text                                    0x0001d0f4   Section       56  arm_startup_nrf51.o(.text)
    .text                                    0x0001d12c   Section        0  uidiv.o(.text)
    .text                                    0x0001d158   Section        0  memcpya.o(.text)
    .text                                    0x0001d17c   Section        0  memseta.o(.text)
    .text                                    0x0001d1a0   Section       36  init.o(.text)
    i.GPIOTE_IRQHandler                      0x0001d1c4   Section        0  nrf_drv_gpiote.o(i.GPIOTE_IRQHandler)
    i.NVIC_ClearPendingIRQ                   0x0001d350   Section        0  app_timer.o(i.NVIC_ClearPendingIRQ)
    NVIC_ClearPendingIRQ                     0x0001d351   Thumb Code    14  app_timer.o(i.NVIC_ClearPendingIRQ)
    i.NVIC_EnableIRQ                         0x0001d364   Section        0  app_timer.o(i.NVIC_EnableIRQ)
    NVIC_EnableIRQ                           0x0001d365   Thumb Code    14  app_timer.o(i.NVIC_EnableIRQ)
    i.NVIC_SetPendingIRQ                     0x0001d378   Section        0  app_timer.o(i.NVIC_SetPendingIRQ)
    NVIC_SetPendingIRQ                       0x0001d379   Thumb Code    14  app_timer.o(i.NVIC_SetPendingIRQ)
    i.NVIC_SetPriority                       0x0001d38c   Section        0  main.o(i.NVIC_SetPriority)
    NVIC_SetPriority                         0x0001d38d   Thumb Code   110  main.o(i.NVIC_SetPriority)
    i.NVIC_SetPriority                       0x0001d404   Section        0  nrf_drv_common.o(i.NVIC_SetPriority)
    NVIC_SetPriority                         0x0001d405   Thumb Code   110  nrf_drv_common.o(i.NVIC_SetPriority)
    i.NVIC_SetPriority                       0x0001d47c   Section        0  app_timer.o(i.NVIC_SetPriority)
    NVIC_SetPriority                         0x0001d47d   Thumb Code   110  app_timer.o(i.NVIC_SetPriority)
    i.RTC1_IRQHandler                        0x0001d4f4   Section        0  app_timer.o(i.RTC1_IRQHandler)
    i.SWI0_IRQHandler                        0x0001d51c   Section        0  app_timer.o(i.SWI0_IRQHandler)
    i.SWI2_IRQHandler                        0x0001d524   Section        0  softdevice_handler.o(i.SWI2_IRQHandler)
    i.SystemInit                             0x0001d594   Section        0  system_nrf51.o(i.SystemInit)
    i.UART0_IRQHandler                       0x0001d5cc   Section        0  nrf_drv_uart.o(i.UART0_IRQHandler)
    i.__0printf$3                            0x0001d704   Section        0  printf3.o(i.__0printf$3)
    i.__0sprintf$3                           0x0001d724   Section        0  printf3.o(i.__0sprintf$3)
    i.__ARM_common_switch8                   0x0001d74c   Section        0  bsp.o(i.__ARM_common_switch8)
    i.__scatterload_copy                     0x0001d768   Section       14  handlers.o(i.__scatterload_copy)
    i.__scatterload_null                     0x0001d776   Section        2  handlers.o(i.__scatterload_null)
    i.__scatterload_zeroinit                 0x0001d778   Section       14  handlers.o(i.__scatterload_zeroinit)
    i._printf_core                           0x0001d788   Section        0  printf3.o(i._printf_core)
    _printf_core                             0x0001d789   Thumb Code   456  printf3.o(i._printf_core)
    i._sputc                                 0x0001d954   Section        0  printf3.o(i._sputc)
    _sputc                                   0x0001d955   Thumb Code    10  printf3.o(i._sputc)
    i.advertising_buttons_configure          0x0001d95e   Section        0  bsp_btn_ble.o(i.advertising_buttons_configure)
    advertising_buttons_configure            0x0001d95f   Thumb Code    90  bsp_btn_ble.o(i.advertising_buttons_configure)
    i.alert_timer_handler                    0x0001d9b8   Section        0  bsp.o(i.alert_timer_handler)
    alert_timer_handler                      0x0001d9b9   Thumb Code    30  bsp.o(i.alert_timer_handler)
    i.app_error_handler                      0x0001d9dc   Section        0  app_error.o(i.app_error_handler)
    i.app_fifo_get                           0x0001da18   Section        0  app_fifo.o(i.app_fifo_get)
    i.app_fifo_init                          0x0001da38   Section        0  app_fifo.o(i.app_fifo_init)
    i.app_fifo_put                           0x0001da62   Section        0  app_fifo.o(i.app_fifo_put)
    i.app_timer_cnt_diff_compute             0x0001da84   Section        0  app_timer.o(i.app_timer_cnt_diff_compute)
    i.app_timer_cnt_get                      0x0001da9a   Section        0  app_timer.o(i.app_timer_cnt_get)
    i.app_timer_create                       0x0001daa8   Section        0  app_timer.o(i.app_timer_create)
    i.app_timer_init                         0x0001dae8   Section        0  app_timer.o(i.app_timer_init)
    i.app_timer_start                        0x0001dba0   Section        0  app_timer.o(i.app_timer_start)
    i.app_timer_stop                         0x0001dbf8   Section        0  app_timer.o(i.app_timer_stop)
    i.app_uart_get                           0x0001dc30   Section        0  app_uart_fifo.o(i.app_uart_get)
    i.app_uart_init                          0x0001dc68   Section        0  app_uart_fifo.o(i.app_uart_init)
    i.app_uart_put                           0x0001dd28   Section        0  app_uart_fifo.o(i.app_uart_put)
    i.apply_config                           0x0001dd54   Section        0  nrf_drv_uart.o(i.apply_config)
    apply_config                             0x0001dd55   Thumb Code   106  nrf_drv_uart.o(i.apply_config)
    i.audio_stimulus_handler                 0x0001ddc4   Section        0  main.o(i.audio_stimulus_handler)
    i.average_tick                           0x0001df18   Section        0  main.o(i.average_tick)
    i.ble_db_discovery_evt_register          0x0001df28   Section        0  ble_db_discovery.o(i.ble_db_discovery_evt_register)
    i.ble_db_discovery_init                  0x0001df64   Section        0  ble_db_discovery.o(i.ble_db_discovery_init)
    i.ble_db_discovery_on_ble_evt            0x0001df84   Section        0  ble_db_discovery.o(i.ble_db_discovery_on_ble_evt)
    i.ble_db_discovery_start                 0x0001e000   Section        0  ble_db_discovery.o(i.ble_db_discovery_start)
    i.ble_evt_dispatch                       0x0001e090   Section        0  main.o(i.ble_evt_dispatch)
    ble_evt_dispatch                         0x0001e091   Thumb Code    34  main.o(i.ble_evt_dispatch)
    i.ble_nus_c_evt_handler                  0x0001e0bc   Section        0  main.o(i.ble_nus_c_evt_handler)
    ble_nus_c_evt_handler                    0x0001e0bd   Thumb Code   100  main.o(i.ble_nus_c_evt_handler)
    i.ble_nus_c_init                         0x0001e130   Section        0  ble_nus_c.o(i.ble_nus_c_init)
    i.ble_nus_c_on_ble_evt                   0x0001e190   Section        0  ble_nus_c.o(i.ble_nus_c_on_ble_evt)
    i.ble_nus_c_rx_notif_enable              0x0001e1f4   Section        0  ble_nus_c.o(i.ble_nus_c_rx_notif_enable)
    i.ble_nus_c_string_send                  0x0001e224   Section        0  ble_nus_c.o(i.ble_nus_c_string_send)
    i.ble_stack_init                         0x0001e26c   Section        0  main.o(i.ble_stack_init)
    ble_stack_init                           0x0001e26d   Thumb Code   126  main.o(i.ble_stack_init)
    i.bsp_btn_ble_init                       0x0001e304   Section        0  bsp_btn_ble.o(i.bsp_btn_ble_init)
    i.bsp_btn_ble_on_ble_evt                 0x0001e344   Section        0  bsp_btn_ble.o(i.bsp_btn_ble_on_ble_evt)
    i.bsp_btn_ble_sleep_mode_prepare         0x0001e3c8   Section        0  bsp_btn_ble.o(i.bsp_btn_ble_sleep_mode_prepare)
    i.bsp_button_is_pressed                  0x0001e3e6   Section        0  bsp.o(i.bsp_button_is_pressed)
    i.bsp_event_handler                      0x0001e3f0   Section        0  main.o(i.bsp_event_handler)
    i.bsp_event_to_button_action_assign      0x0001e448   Section        0  bsp.o(i.bsp_event_to_button_action_assign)
    i.bsp_indication_set                     0x0001e454   Section        0  bsp.o(i.bsp_indication_set)
    i.bsp_init                               0x0001e478   Section        0  bsp.o(i.bsp_init)
    i.bsp_led_indication                     0x0001e4e8   Section        0  bsp.o(i.bsp_led_indication)
    bsp_led_indication                       0x0001e4e9   Thumb Code  1362  bsp.o(i.bsp_led_indication)
    i.bsp_wakeup_buttons_set                 0x0001ea50   Section        0  bsp.o(i.bsp_wakeup_buttons_set)
    i.buttons_leds_init                      0x0001ea58   Section        0  main.o(i.buttons_leds_init)
    buttons_leds_init                        0x0001ea59   Thumb Code    76  main.o(i.buttons_leds_init)
    i.cccd_configure                         0x0001eac0   Section        0  ble_nus_c.o(i.cccd_configure)
    cccd_configure                           0x0001eac1   Thumb Code    42  ble_nus_c.o(i.cccd_configure)
    i.channel_free                           0x0001eaf0   Section        0  nrf_drv_gpiote.o(i.channel_free)
    channel_free                             0x0001eaf1   Thumb Code    26  nrf_drv_gpiote.o(i.channel_free)
    i.channel_handler_get                    0x0001eb10   Section        0  nrf_drv_gpiote.o(i.channel_handler_get)
    channel_handler_get                      0x0001eb11   Thumb Code    10  nrf_drv_gpiote.o(i.channel_handler_get)
    i.channel_port_alloc                     0x0001eb20   Section        0  nrf_drv_gpiote.o(i.channel_port_alloc)
    channel_port_alloc                       0x0001eb21   Thumb Code   116  nrf_drv_gpiote.o(i.channel_port_alloc)
    i.channel_port_get                       0x0001eb98   Section        0  nrf_drv_gpiote.o(i.channel_port_get)
    channel_port_get                         0x0001eb99   Thumb Code     8  nrf_drv_gpiote.o(i.channel_port_get)
    i.characteristics_discover               0x0001eba4   Section        0  ble_db_discovery.o(i.characteristics_discover)
    characteristics_discover                 0x0001eba5   Thumb Code    82  ble_db_discovery.o(i.characteristics_discover)
    i.compare_reg_update                     0x0001ebf8   Section        0  app_timer.o(i.compare_reg_update)
    compare_reg_update                       0x0001ebf9   Thumb Code   126  app_timer.o(i.compare_reg_update)
    i.connection_buttons_configure           0x0001ec84   Section        0  bsp_btn_ble.o(i.connection_buttons_configure)
    connection_buttons_configure             0x0001ec85   Thumb Code    90  bsp_btn_ble.o(i.connection_buttons_configure)
    i.current_int_priority_get               0x0001ece0   Section        0  app_timer.o(i.current_int_priority_get)
    current_int_priority_get                 0x0001ece1   Thumb Code    84  app_timer.o(i.current_int_priority_get)
    i.db_discover_evt_handler                0x0001ed3c   Section        0  ble_nus_c.o(i.db_discover_evt_handler)
    db_discover_evt_handler                  0x0001ed3d   Thumb Code   196  ble_nus_c.o(i.db_discover_evt_handler)
    i.descriptors_discover                   0x0001ee04   Section        0  ble_db_discovery.o(i.descriptors_discover)
    descriptors_discover                     0x0001ee05   Thumb Code   182  ble_db_discovery.o(i.descriptors_discover)
    i.discovery_complete_evt_trigger         0x0001eebc   Section        0  ble_db_discovery.o(i.discovery_complete_evt_trigger)
    discovery_complete_evt_trigger           0x0001eebd   Thumb Code   152  ble_db_discovery.o(i.discovery_complete_evt_trigger)
    i.discovery_error_evt_trigger            0x0001ef60   Section        0  ble_db_discovery.o(i.discovery_error_evt_trigger)
    discovery_error_evt_trigger              0x0001ef61   Thumb Code   124  ble_db_discovery.o(i.discovery_error_evt_trigger)
    i.elapsed_ticks_acquire                  0x0001efe8   Section        0  app_timer.o(i.elapsed_ticks_acquire)
    elapsed_ticks_acquire                    0x0001efe9   Thumb Code    82  app_timer.o(i.elapsed_ticks_acquire)
    i.expired_timers_handler                 0x0001f04c   Section        0  app_timer.o(i.expired_timers_handler)
    expired_timers_handler                   0x0001f04d   Thumb Code    86  app_timer.o(i.expired_timers_handler)
    i.fifo_get                               0x0001f0a8   Section        0  app_fifo.o(i.fifo_get)
    fifo_get                                 0x0001f0a9   Thumb Code    20  app_fifo.o(i.fifo_get)
    i.fifo_length                            0x0001f0bc   Section        0  app_uart_fifo.o(i.fifo_length)
    fifo_length                              0x0001f0bd   Thumb Code    10  app_uart_fifo.o(i.fifo_length)
    i.fifo_length                            0x0001f0c6   Section        0  app_fifo.o(i.fifo_length)
    fifo_length                              0x0001f0c7   Thumb Code    10  app_fifo.o(i.fifo_length)
    i.fifo_put                               0x0001f0d0   Section        0  app_fifo.o(i.fifo_put)
    fifo_put                                 0x0001f0d1   Thumb Code    18  app_fifo.o(i.fifo_put)
    i.fputc                                  0x0001f0e2   Section        0  retarget.o(i.fputc)
    i.gpiote_init                            0x0001f0f4   Section        0  main.o(i.gpiote_init)
    i.intern_softdevice_events_execute       0x0001f1f4   Section        0  softdevice_handler.o(i.intern_softdevice_events_execute)
    i.is_char_discovery_reqd                 0x0001f2e8   Section        0  ble_db_discovery.o(i.is_char_discovery_reqd)
    is_char_discovery_reqd                   0x0001f2e9   Thumb Code    30  ble_db_discovery.o(i.is_char_discovery_reqd)
    i.is_desc_discovery_reqd                 0x0001f306   Section        0  ble_db_discovery.o(i.is_desc_discovery_reqd)
    is_desc_discovery_reqd                   0x0001f307   Thumb Code    84  ble_db_discovery.o(i.is_desc_discovery_reqd)
    i.is_disabled_in_debug_needed            0x0001f35c   Section        0  system_nrf51.o(i.is_disabled_in_debug_needed)
    is_disabled_in_debug_needed              0x0001f35d   Thumb Code    52  system_nrf51.o(i.is_disabled_in_debug_needed)
    i.is_manual_peripheral_setup_needed      0x0001f394   Section        0  system_nrf51.o(i.is_manual_peripheral_setup_needed)
    is_manual_peripheral_setup_needed        0x0001f395   Thumb Code   104  system_nrf51.o(i.is_manual_peripheral_setup_needed)
    i.is_uuid_present                        0x0001f400   Section        0  main.o(i.is_uuid_present)
    is_uuid_present                          0x0001f401   Thumb Code   270  main.o(i.is_uuid_present)
    i.leds_timer_handler                     0x0001f510   Section        0  bsp.o(i.leds_timer_handler)
    leds_timer_handler                       0x0001f511   Thumb Code    26  bsp.o(i.leds_timer_handler)
    i.list_deletions_handler                 0x0001f534   Section        0  app_timer.o(i.list_deletions_handler)
    list_deletions_handler                   0x0001f535   Thumb Code   136  app_timer.o(i.list_deletions_handler)
    i.list_insertions_handler                0x0001f5c8   Section        0  app_timer.o(i.list_insertions_handler)
    list_insertions_handler                  0x0001f5c9   Thumb Code   248  app_timer.o(i.list_insertions_handler)
    i.main                                   0x0001f6d8   Section        0  main.o(i.main)
    i.median_tick                            0x0001f7d4   Section        0  main.o(i.median_tick)
    i.nrf_drv_common_irq_enable              0x0001f808   Section        0  nrf_drv_common.o(i.nrf_drv_common_irq_enable)
    i.nrf_drv_gpiote_in_event_addr_get       0x0001f840   Section        0  nrf_drv_gpiote.o(i.nrf_drv_gpiote_in_event_addr_get)
    i.nrf_drv_gpiote_in_event_enable         0x0001f85c   Section        0  nrf_drv_gpiote.o(i.nrf_drv_gpiote_in_event_enable)
    i.nrf_drv_gpiote_in_init                 0x0001f924   Section        0  nrf_drv_gpiote.o(i.nrf_drv_gpiote_in_init)
    i.nrf_drv_gpiote_init                    0x0001fa18   Section        0  nrf_drv_gpiote.o(i.nrf_drv_gpiote_init)
    i.nrf_drv_gpiote_is_init                 0x0001fa68   Section        0  nrf_drv_gpiote.o(i.nrf_drv_gpiote_is_init)
    i.nrf_drv_uart_init                      0x0001fa7c   Section        0  nrf_drv_uart.o(i.nrf_drv_uart_init)
    i.nrf_drv_uart_rx                        0x0001fafc   Section        0  nrf_drv_uart.o(i.nrf_drv_uart_rx)
    i.nrf_drv_uart_rx_enable                 0x0001fbdc   Section        0  nrf_drv_uart.o(i.nrf_drv_uart_rx_enable)
    i.nrf_drv_uart_tx                        0x0001fbf8   Section        0  nrf_drv_uart.o(i.nrf_drv_uart_tx)
    i.nrf_gpio_cfg                           0x0001fcac   Section        0  nrf_drv_gpiote.o(i.nrf_gpio_cfg)
    nrf_gpio_cfg                             0x0001fcad   Thumb Code    38  nrf_drv_gpiote.o(i.nrf_gpio_cfg)
    i.nrf_gpio_cfg                           0x0001fcd2   Section        0  nrf_drv_uart.o(i.nrf_gpio_cfg)
    nrf_gpio_cfg                             0x0001fcd3   Thumb Code    38  nrf_drv_uart.o(i.nrf_gpio_cfg)
    i.nrf_gpio_cfg_input                     0x0001fcf8   Section        0  nrf_drv_uart.o(i.nrf_gpio_cfg_input)
    nrf_gpio_cfg_input                       0x0001fcf9   Thumb Code    26  nrf_drv_uart.o(i.nrf_gpio_cfg_input)
    i.nrf_gpio_cfg_output                    0x0001fd12   Section        0  nrf_drv_uart.o(i.nrf_gpio_cfg_output)
    nrf_gpio_cfg_output                      0x0001fd13   Thumb Code    24  nrf_drv_uart.o(i.nrf_gpio_cfg_output)
    i.nrf_gpio_cfg_sense_set                 0x0001fd2a   Section        0  nrf_drv_gpiote.o(i.nrf_gpio_cfg_sense_set)
    nrf_gpio_cfg_sense_set                   0x0001fd2b   Thumb Code    70  nrf_drv_gpiote.o(i.nrf_gpio_cfg_sense_set)
    i.nrf_gpio_pin_set                       0x0001fd70   Section        0  nrf_drv_uart.o(i.nrf_gpio_pin_set)
    nrf_gpio_pin_set                         0x0001fd71   Thumb Code    10  nrf_drv_uart.o(i.nrf_gpio_pin_set)
    i.nrf_gpiote_event_addr_get              0x0001fd80   Section        0  nrf_drv_gpiote.o(i.nrf_gpiote_event_addr_get)
    nrf_gpiote_event_addr_get                0x0001fd81   Thumb Code     8  nrf_drv_gpiote.o(i.nrf_gpiote_event_addr_get)
    i.nrf_gpiote_event_clear                 0x0001fd8c   Section        0  nrf_drv_gpiote.o(i.nrf_gpiote_event_clear)
    nrf_gpiote_event_clear                   0x0001fd8d   Thumb Code    16  nrf_drv_gpiote.o(i.nrf_gpiote_event_clear)
    i.nrf_gpiote_event_is_set                0x0001fd9c   Section        0  nrf_drv_gpiote.o(i.nrf_gpiote_event_is_set)
    nrf_gpiote_event_is_set                  0x0001fd9d   Thumb Code    22  nrf_drv_gpiote.o(i.nrf_gpiote_event_is_set)
    i.nrf_gpiote_int_enable                  0x0001fdb4   Section        0  nrf_drv_gpiote.o(i.nrf_gpiote_int_enable)
    nrf_gpiote_int_enable                    0x0001fdb5   Thumb Code     6  nrf_drv_gpiote.o(i.nrf_gpiote_int_enable)
    i.nrf_uart_errorsrc_get_and_clear        0x0001fdc0   Section        0  nrf_drv_uart.o(i.nrf_uart_errorsrc_get_and_clear)
    nrf_uart_errorsrc_get_and_clear          0x0001fdc1   Thumb Code    20  nrf_drv_uart.o(i.nrf_uart_errorsrc_get_and_clear)
    i.nrf_uart_event_check                   0x0001fdd4   Section        0  nrf_drv_uart.o(i.nrf_uart_event_check)
    nrf_uart_event_check                     0x0001fdd5   Thumb Code    16  nrf_drv_uart.o(i.nrf_uart_event_check)
    i.nrf_uart_event_clear                   0x0001fde4   Section        0  nrf_drv_uart.o(i.nrf_uart_event_clear)
    nrf_uart_event_clear                     0x0001fde5   Thumb Code     6  nrf_drv_uart.o(i.nrf_uart_event_clear)
    i.nrf_uart_hwfc_pins_set                 0x0001fdea   Section        0  nrf_drv_uart.o(i.nrf_uart_hwfc_pins_set)
    nrf_uart_hwfc_pins_set                   0x0001fdeb   Thumb Code    18  nrf_drv_uart.o(i.nrf_uart_hwfc_pins_set)
    i.nrf_uart_int_disable                   0x0001fdfc   Section        0  nrf_drv_uart.o(i.nrf_uart_int_disable)
    nrf_uart_int_disable                     0x0001fdfd   Thumb Code    10  nrf_drv_uart.o(i.nrf_uart_int_disable)
    i.nrf_uart_int_enable                    0x0001fe06   Section        0  nrf_drv_uart.o(i.nrf_uart_int_enable)
    nrf_uart_int_enable                      0x0001fe07   Thumb Code    10  nrf_drv_uart.o(i.nrf_uart_int_enable)
    i.nrf_uart_int_enable_check              0x0001fe10   Section        0  nrf_drv_uart.o(i.nrf_uart_int_enable_check)
    nrf_uart_int_enable_check                0x0001fe11   Thumb Code    24  nrf_drv_uart.o(i.nrf_uart_int_enable_check)
    i.nrf_uart_task_trigger                  0x0001fe28   Section        0  nrf_drv_uart.o(i.nrf_uart_task_trigger)
    nrf_uart_task_trigger                    0x0001fe29   Thumb Code     6  nrf_drv_uart.o(i.nrf_uart_task_trigger)
    i.nrf_uart_txrx_pins_set                 0x0001fe2e   Section        0  nrf_drv_uart.o(i.nrf_uart_txrx_pins_set)
    nrf_uart_txrx_pins_set                   0x0001fe2f   Thumb Code    18  nrf_drv_uart.o(i.nrf_uart_txrx_pins_set)
    i.nus_c_init                             0x0001fe40   Section        0  main.o(i.nus_c_init)
    nus_c_init                               0x0001fe41   Thumb Code    42  main.o(i.nus_c_init)
    i.on_ble_evt                             0x0001fe88   Section        0  main.o(i.on_ble_evt)
    on_ble_evt                               0x0001fe89   Thumb Code   276  main.o(i.on_ble_evt)
    i.on_characteristic_discovery_rsp        0x0001ffc0   Section        0  ble_db_discovery.o(i.on_characteristic_discovery_rsp)
    on_characteristic_discovery_rsp          0x0001ffc1   Thumb Code   284  ble_db_discovery.o(i.on_characteristic_discovery_rsp)
    i.on_descriptor_discovery_rsp            0x000200dc   Section        0  ble_db_discovery.o(i.on_descriptor_discovery_rsp)
    on_descriptor_discovery_rsp              0x000200dd   Thumb Code   182  ble_db_discovery.o(i.on_descriptor_discovery_rsp)
    i.on_hvx                                 0x00020198   Section        0  ble_nus_c.o(i.on_hvx)
    on_hvx                                   0x00020199   Thumb Code    56  ble_nus_c.o(i.on_hvx)
    i.on_primary_srv_discovery_rsp           0x000201d0   Section        0  ble_db_discovery.o(i.on_primary_srv_discovery_rsp)
    on_primary_srv_discovery_rsp             0x000201d1   Thumb Code    88  ble_db_discovery.o(i.on_primary_srv_discovery_rsp)
    i.on_srv_disc_completion                 0x00020228   Section        0  ble_db_discovery.o(i.on_srv_disc_completion)
    on_srv_disc_completion                   0x00020229   Thumb Code   118  ble_db_discovery.o(i.on_srv_disc_completion)
    i.pending_user_evts_send                 0x000202a8   Section        0  ble_db_discovery.o(i.pending_user_evts_send)
    pending_user_evts_send                   0x000202a9   Thumb Code    42  ble_db_discovery.o(i.pending_user_evts_send)
    i.pin_in_use_by_gpiote                   0x000202e0   Section        0  nrf_drv_gpiote.o(i.pin_in_use_by_gpiote)
    pin_in_use_by_gpiote                     0x000202e1   Thumb Code    22  nrf_drv_gpiote.o(i.pin_in_use_by_gpiote)
    i.pin_in_use_by_port                     0x000202fc   Section        0  nrf_drv_gpiote.o(i.pin_in_use_by_port)
    pin_in_use_by_port                       0x000202fd   Thumb Code    18  nrf_drv_gpiote.o(i.pin_in_use_by_port)
    i.pin_in_use_by_te                       0x00020314   Section        0  nrf_drv_gpiote.o(i.pin_in_use_by_te)
    pin_in_use_by_te                         0x00020315   Thumb Code    26  nrf_drv_gpiote.o(i.pin_in_use_by_te)
    i.pin_in_use_clear                       0x00020334   Section        0  nrf_drv_gpiote.o(i.pin_in_use_clear)
    pin_in_use_clear                         0x00020335   Thumb Code    10  nrf_drv_gpiote.o(i.pin_in_use_clear)
    i.power_manage                           0x00020344   Section        0  main.o(i.power_manage)
    power_manage                             0x00020345   Thumb Code    32  main.o(i.power_manage)
    i.quicksort                              0x00020378   Section        0  quicksort.o(i.quicksort)
    i.registered_handler_get                 0x00020400   Section        0  ble_db_discovery.o(i.registered_handler_get)
    registered_handler_get                   0x00020401   Thumb Code    56  ble_db_discovery.o(i.registered_handler_get)
    i.registered_handler_set                 0x00020440   Section        0  ble_db_discovery.o(i.registered_handler_set)
    registered_handler_set                   0x00020441   Thumb Code    58  ble_db_discovery.o(i.registered_handler_set)
    i.rtc1_compare0_set                      0x00020484   Section        0  app_timer.o(i.rtc1_compare0_set)
    rtc1_compare0_set                        0x00020485   Thumb Code     6  app_timer.o(i.rtc1_compare0_set)
    i.rtc1_counter_get                       0x00020490   Section        0  app_timer.o(i.rtc1_counter_get)
    rtc1_counter_get                         0x00020491   Thumb Code     6  app_timer.o(i.rtc1_counter_get)
    i.rtc1_init                              0x0002049c   Section        0  app_timer.o(i.rtc1_init)
    rtc1_init                                0x0002049d   Thumb Code    18  app_timer.o(i.rtc1_init)
    i.rtc1_start                             0x000204b4   Section        0  app_timer.o(i.rtc1_start)
    rtc1_start                               0x000204b5   Thumb Code    48  app_timer.o(i.rtc1_start)
    i.rtc1_stop                              0x000204f0   Section        0  app_timer.o(i.rtc1_stop)
    rtc1_stop                                0x000204f1   Thumb Code    66  app_timer.o(i.rtc1_stop)
    i.rx_byte                                0x00020548   Section        0  nrf_drv_uart.o(i.rx_byte)
    rx_byte                                  0x00020549   Thumb Code    48  nrf_drv_uart.o(i.rx_byte)
    i.rx_done_event                          0x00020580   Section        0  nrf_drv_uart.o(i.rx_done_event)
    rx_done_event                            0x00020581   Thumb Code    38  nrf_drv_uart.o(i.rx_done_event)
    i.rx_enable                              0x000205ac   Section        0  nrf_drv_uart.o(i.rx_enable)
    rx_enable                                0x000205ad   Thumb Code    32  nrf_drv_uart.o(i.rx_enable)
    i.scan_start                             0x000205d0   Section        0  main.o(i.scan_start)
    scan_start                               0x000205d1   Thumb Code    66  main.o(i.scan_start)
    i.sleep_mode_enter                       0x00020628   Section        0  main.o(i.sleep_mode_enter)
    sleep_mode_enter                         0x00020629   Thumb Code    94  main.o(i.sleep_mode_enter)
    i.softdevice_assertion_handler           0x00020698   Section        0  softdevice_handler.o(i.softdevice_assertion_handler)
    i.softdevice_ble_evt_handler_set         0x000206ac   Section        0  softdevice_handler.o(i.softdevice_ble_evt_handler_set)
    i.softdevice_handler_init                0x000206c4   Section        0  softdevice_handler.o(i.softdevice_handler_init)
    i.startup_event_extract                  0x0002072c   Section        0  bsp_btn_ble.o(i.startup_event_extract)
    startup_event_extract                    0x0002072d   Thumb Code    84  bsp_btn_ble.o(i.startup_event_extract)
    i.ticks_diff_get                         0x00020780   Section        0  app_timer.o(i.ticks_diff_get)
    ticks_diff_get                           0x00020781   Thumb Code    10  app_timer.o(i.ticks_diff_get)
    i.timeout_handler_exec                   0x0002078c   Section        0  app_timer.o(i.timeout_handler_exec)
    timeout_handler_exec                     0x0002078d   Thumb Code    60  app_timer.o(i.timeout_handler_exec)
    i.timer_list_handler                     0x000207f8   Section        0  app_timer.o(i.timer_list_handler)
    timer_list_handler                       0x000207f9   Thumb Code    74  app_timer.o(i.timer_list_handler)
    i.timer_list_handler_sched               0x00020850   Section        0  app_timer.o(i.timer_list_handler_sched)
    timer_list_handler_sched                 0x00020851   Thumb Code    10  app_timer.o(i.timer_list_handler_sched)
    i.timer_list_insert                      0x0002085c   Section        0  app_timer.o(i.timer_list_insert)
    timer_list_insert                        0x0002085d   Thumb Code   104  app_timer.o(i.timer_list_insert)
    i.timer_list_remove                      0x000208c8   Section        0  app_timer.o(i.timer_list_remove)
    timer_list_remove                        0x000208c9   Thumb Code    96  app_timer.o(i.timer_list_remove)
    i.timer_start_op_schedule                0x00020938   Section        0  app_timer.o(i.timer_start_op_schedule)
    timer_start_op_schedule                  0x00020939   Thumb Code    82  app_timer.o(i.timer_start_op_schedule)
    i.timer_stim_freq_handler                0x00020990   Section        0  main.o(i.timer_stim_freq_handler)
    timer_stim_freq_handler                  0x00020991   Thumb Code   390  main.o(i.timer_stim_freq_handler)
    i.timer_stop_op_schedule                 0x00020ba4   Section        0  app_timer.o(i.timer_stop_op_schedule)
    timer_stop_op_schedule                   0x00020ba5   Thumb Code    60  app_timer.o(i.timer_stop_op_schedule)
    i.timer_timeouts_check                   0x00020be4   Section        0  app_timer.o(i.timer_timeouts_check)
    timer_timeouts_check                     0x00020be5   Thumb Code   128  app_timer.o(i.timer_timeouts_check)
    i.timer_timeouts_check_sched             0x00020c78   Section        0  app_timer.o(i.timer_timeouts_check_sched)
    timer_timeouts_check_sched               0x00020c79   Thumb Code    10  app_timer.o(i.timer_timeouts_check_sched)
    i.tx_byte                                0x00020c84   Section        0  nrf_drv_uart.o(i.tx_byte)
    tx_byte                                  0x00020c85   Thumb Code    48  nrf_drv_uart.o(i.tx_byte)
    i.tx_done_event                          0x00020cbc   Section        0  nrf_drv_uart.o(i.tx_done_event)
    tx_done_event                            0x00020cbd   Thumb Code    38  nrf_drv_uart.o(i.tx_done_event)
    i.uart_event_handle                      0x00020ce8   Section        0  main.o(i.uart_event_handle)
    i.uart_event_handler                     0x00020d84   Section        0  app_uart_fifo.o(i.uart_event_handler)
    uart_event_handler                       0x00020d85   Thumb Code   170  app_uart_fifo.o(i.uart_event_handler)
    i.uart_init                              0x00020e44   Section        0  main.o(i.uart_init)
    uart_init                                0x00020e45   Thumb Code    78  main.o(i.uart_init)
    i.user_id_get                            0x00020eb8   Section        0  app_timer.o(i.user_id_get)
    user_id_get                              0x00020eb9   Thumb Code    34  app_timer.o(i.user_id_get)
    i.user_op_alloc                          0x00020eda   Section        0  app_timer.o(i.user_op_alloc)
    user_op_alloc                            0x00020edb   Thumb Code    46  app_timer.o(i.user_op_alloc)
    i.user_op_enque                          0x00020f08   Section        0  app_timer.o(i.user_op_enque)
    user_op_enque                            0x00020f09   Thumb Code     4  app_timer.o(i.user_op_enque)
    i.visual_stimulus_handler                0x00020f0c   Section        0  main.o(i.visual_stimulus_handler)
    .constdata                               0x00020f44   Section       52  main.o(.constdata)
    m_connection_param                       0x00020f44   Data           8  main.o(.constdata)
    m_scan_params                            0x00020f4c   Data          16  main.o(.constdata)
    m_nus_uuid                               0x00020f5c   Data           4  main.o(.constdata)
    timer_stim_freq_id                       0x00020f60   Data           4  main.o(.constdata)
    .constdata                               0x00020f78   Section        8  bsp.o(.constdata)
    m_leds_timer_id                          0x00020f78   Data           4  bsp.o(.constdata)
    m_alert_timer_id                         0x00020f7c   Data           4  bsp.o(.constdata)
    .constdata                               0x00020f80   Section       40  ble_nus_c.o(.constdata)
    .constdata                               0x00020fa8   Section       32  nrf_drv_uart.o(.constdata)
    m_default_config                         0x00020fa8   Data          32  nrf_drv_uart.o(.constdata)
    .constdata                               0x00020fc8   Section       32  app_uart_fifo.o(.constdata)
    .data                                    0x20002800   Section       22  main.o(.data)
    index                                    0x20002815   Data           1  main.o(.data)
    .data                                    0x20002818   Section       16  bsp.o(.data)
    m_stable_state                           0x20002818   Data           1  bsp.o(.data)
    m_app_ticks_per_100ms                    0x2000281c   Data           4  bsp.o(.data)
    m_indication_type                        0x20002820   Data           4  bsp.o(.data)
    m_alert_mask                             0x20002824   Data           4  bsp.o(.data)
    .data                                    0x20002828   Section        8  bsp_btn_ble.o(.data)
    m_error_handler                          0x20002828   Data           4  bsp_btn_ble.o(.data)
    m_num_connections                        0x2000282c   Data           4  bsp_btn_ble.o(.data)
    .data                                    0x20002830   Section        4  system_nrf51.o(.data)
    __tagsym$$used                           0x20002830   Number         0  system_nrf51.o(.data)
    .data                                    0x20002834   Section        4  ble_nus_c.o(.data)
    mp_ble_nus_c                             0x20002834   Data           4  ble_nus_c.o(.data)
    .data                                    0x20002838   Section        9  ble_db_discovery.o(.data)
    m_pending_usr_evt_index                  0x20002838   Data           4  ble_db_discovery.o(.data)
    m_num_of_handlers_reg                    0x2000283c   Data           4  ble_db_discovery.o(.data)
    m_initialized                            0x20002840   Data           1  ble_db_discovery.o(.data)
    .data                                    0x20002844   Section        7  app_uart_fifo.o(.data)
    m_event_handler                          0x20002844   Data           4  app_uart_fifo.o(.data)
    tx_buffer                                0x20002848   Data           1  app_uart_fifo.o(.data)
    tx_tmp                                   0x20002849   Data           1  app_uart_fifo.o(.data)
    rx_buffer                                0x2000284a   Data           1  app_uart_fifo.o(.data)
    .data                                    0x2000284c   Section       12  app_error.o(.data)
    .data                                    0x20002858   Section       34  app_timer.o(.data)
    m_user_array_size                        0x20002858   Data           1  app_timer.o(.data)
    mp_users                                 0x2000285c   Data           4  app_timer.o(.data)
    mp_timer_id_head                         0x20002860   Data           4  app_timer.o(.data)
    m_ticks_latest                           0x20002864   Data           4  app_timer.o(.data)
    m_ticks_elapsed                          0x20002868   Data           8  app_timer.o(.data)
    m_ticks_elapsed_q_read_ind               0x20002870   Data           1  app_timer.o(.data)
    m_ticks_elapsed_q_write_ind              0x20002871   Data           1  app_timer.o(.data)
    m_evt_schedule_func                      0x20002874   Data           4  app_timer.o(.data)
    m_rtc1_running                           0x20002878   Data           1  app_timer.o(.data)
    m_rtc1_reset                             0x20002879   Data           1  app_timer.o(.data)
    .data                                    0x2000287c   Section        8  retarget.o(.data)
    .data                                    0x20002884   Section       24  softdevice_handler.o(.data)
    m_evt_schedule_func                      0x20002884   Data           4  softdevice_handler.o(.data)
    m_softdevice_enabled                     0x20002888   Data           1  softdevice_handler.o(.data)
    mp_ble_evt_buffer                        0x2000288c   Data           4  softdevice_handler.o(.data)
    m_ble_evt_buffer_size                    0x20002890   Data           2  softdevice_handler.o(.data)
    m_ble_evt_handler                        0x20002894   Data           4  softdevice_handler.o(.data)
    m_sys_evt_handler                        0x20002898   Data           4  softdevice_handler.o(.data)
    .bss                                     0x2000289c   Section     2064  main.o(.bss)
    m_ble_nus_c                              0x2000289c   Data          16  main.o(.bss)
    m_ble_db_discovery                       0x200028ac   Data         124  main.o(.bss)
    timer_stim_freq_id_data                  0x20002ab8   Data          32  main.o(.bss)
    data_array                               0x20002ad8   Data          20  main.o(.bss)
    BLE_EVT_BUFFER                           0x20002aec   Data          72  main.o(.bss)
    rx_buf                                   0x20002b34   Data         256  main.o(.bss)
    tx_buf                                   0x20002c34   Data         256  main.o(.bss)
    APP_TIMER_BUF                            0x20002d34   Data         888  main.o(.bss)
    .bss                                     0x200030ac   Section       64  bsp.o(.bss)
    m_leds_timer_id_data                     0x200030ac   Data          32  bsp.o(.bss)
    m_alert_timer_id_data                    0x200030cc   Data          32  bsp.o(.bss)
    .bss                                     0x200030ec   Section      152  ble_db_discovery.o(.bss)
    m_registered_handlers                    0x200030ec   Data          16  ble_db_discovery.o(.bss)
    m_pending_user_evts                      0x200030fc   Data         136  ble_db_discovery.o(.bss)
    .bss                                     0x20003184   Section       72  nrf_drv_gpiote.o(.bss)
    m_cb                                     0x20003184   Data          72  nrf_drv_gpiote.o(.bss)
    .bss                                     0x200031cc   Section       24  nrf_drv_uart.o(.bss)
    m_cb                                     0x200031cc   Data          24  nrf_drv_uart.o(.bss)
    .bss                                     0x200031e4   Section       32  app_uart_fifo.o(.bss)
    m_rx_fifo                                0x200031e4   Data          16  app_uart_fifo.o(.bss)
    m_tx_fifo                                0x200031f4   Data          16  app_uart_fifo.o(.bss)
    STACK                                    0x20003208   Section     2048  arm_startup_nrf51.o(STACK)

    Global Symbols

    Symbol Name                              Value     Ov Type        Size  Object(Section)

    BuildAttributes$$THM_ISAv3M$S$PE$A:L22$X:L11$S22$IEEE1$IW$USESV6$~STKCKD$USESV7$~SHL$OSPACE$ROPI$EBA8$MICROLIB$REQ8$PRES8$EABIv2 0x00000000   Number         0  anon$$obj.o ABSOLUTE
    __ARM_use_no_argv                        0x00000000   Number         0  main.o ABSOLUTE
    _printf_a                                0x00000000   Number         0  stubs.o ABSOLUTE
    _printf_c                                0x00000000   Number         0  stubs.o ABSOLUTE
    _printf_charcount                        0x00000000   Number         0  stubs.o ABSOLUTE
    _printf_d                                0x00000000   Number         0  stubs.o ABSOLUTE
    _printf_e                                0x00000000   Number         0  stubs.o ABSOLUTE
    _printf_f                                0x00000000   Number         0  stubs.o ABSOLUTE
    _printf_flags                            0x00000000   Number         0  stubs.o ABSOLUTE
    _printf_fp_dec                           0x00000000   Number         0  stubs.o ABSOLUTE
    _printf_fp_hex                           0x00000000   Number         0  stubs.o ABSOLUTE
    _printf_g                                0x00000000   Number         0  stubs.o ABSOLUTE
    _printf_i                                0x00000000   Number         0  stubs.o ABSOLUTE
    _printf_int_dec                          0x00000000   Number         0  stubs.o ABSOLUTE
    _printf_l                                0x00000000   Number         0  stubs.o ABSOLUTE
    _printf_lc                               0x00000000   Number         0  stubs.o ABSOLUTE
    _printf_ll                               0x00000000   Number         0  stubs.o ABSOLUTE
    _printf_lld                              0x00000000   Number         0  stubs.o ABSOLUTE
    _printf_lli                              0x00000000   Number         0  stubs.o ABSOLUTE
    _printf_llo                              0x00000000   Number         0  stubs.o ABSOLUTE
    _printf_llu                              0x00000000   Number         0  stubs.o ABSOLUTE
    _printf_llx                              0x00000000   Number         0  stubs.o ABSOLUTE
    _printf_longlong_dec                     0x00000000   Number         0  stubs.o ABSOLUTE
    _printf_longlong_hex                     0x00000000   Number         0  stubs.o ABSOLUTE
    _printf_longlong_oct                     0x00000000   Number         0  stubs.o ABSOLUTE
    _printf_ls                               0x00000000   Number         0  stubs.o ABSOLUTE
    _printf_mbtowc                           0x00000000   Number         0  stubs.o ABSOLUTE
    _printf_n                                0x00000000   Number         0  stubs.o ABSOLUTE
    _printf_o                                0x00000000   Number         0  stubs.o ABSOLUTE
    _printf_p                                0x00000000   Number         0  stubs.o ABSOLUTE
    _printf_percent                          0x00000000   Number         0  stubs.o ABSOLUTE
    _printf_pre_padding                      0x00000000   Number         0  stubs.o ABSOLUTE
    _printf_return_value                     0x00000000   Number         0  stubs.o ABSOLUTE
    _printf_s                                0x00000000   Number         0  stubs.o ABSOLUTE
    _printf_sizespec                         0x00000000   Number         0  stubs.o ABSOLUTE
    _printf_str                              0x00000000   Number         0  stubs.o ABSOLUTE
    _printf_truncate_signed                  0x00000000   Number         0  stubs.o ABSOLUTE
    _printf_truncate_unsigned                0x00000000   Number         0  stubs.o ABSOLUTE
    _printf_u                                0x00000000   Number         0  stubs.o ABSOLUTE
    _printf_wc                               0x00000000   Number         0  stubs.o ABSOLUTE
    _printf_wctomb                           0x00000000   Number         0  stubs.o ABSOLUTE
    _printf_widthprec                        0x00000000   Number         0  stubs.o ABSOLUTE
    _printf_x                                0x00000000   Number         0  stubs.o ABSOLUTE
    __cpp_initialize__aeabi_                  - Undefined Weak Reference
    __cxa_finalize                            - Undefined Weak Reference
    __decompress                              - Undefined Weak Reference
    _clock_init                               - Undefined Weak Reference
    _microlib_exit                            - Undefined Weak Reference
    __Vectors_Size                           0x000000c0   Number         0  arm_startup_nrf51.o ABSOLUTE
    __Vectors                                0x0001d000   Data           4  arm_startup_nrf51.o(RESET)
    __Vectors_End                            0x0001d0c0   Data           0  arm_startup_nrf51.o(RESET)
    __main                                   0x0001d0c1   Thumb Code     0  entry.o(.ARM.Collect$$$$00000000)
    _main_stk                                0x0001d0c1   Thumb Code     0  entry2.o(.ARM.Collect$$$$00000001)
    _main_scatterload                        0x0001d0c5   Thumb Code     0  entry5.o(.ARM.Collect$$$$00000004)
    __main_after_scatterload                 0x0001d0c9   Thumb Code     0  entry5.o(.ARM.Collect$$$$00000004)
    _main_clock                              0x0001d0c9   Thumb Code     0  entry7b.o(.ARM.Collect$$$$00000008)
    _main_cpp_init                           0x0001d0c9   Thumb Code     0  entry8b.o(.ARM.Collect$$$$0000000A)
    _main_init                               0x0001d0c9   Thumb Code     0  entry9a.o(.ARM.Collect$$$$0000000B)
    __rt_final_cpp                           0x0001d0d1   Thumb Code     0  entry10a.o(.ARM.Collect$$$$0000000D)
    __rt_final_exit                          0x0001d0d1   Thumb Code     0  entry11a.o(.ARM.Collect$$$$0000000F)
    __asm___11_app_timer_c_cd27f9c3__nrf_delay_us 0x0001d0d5   Thumb Code    30  app_timer.o(.emb_text)
    Reset_Handler                            0x0001d0f5   Thumb Code    26  arm_startup_nrf51.o(.text)
    NMI_Handler                              0x0001d10f   Thumb Code     2  arm_startup_nrf51.o(.text)
    HardFault_Handler                        0x0001d111   Thumb Code     2  arm_startup_nrf51.o(.text)
    SVC_Handler                              0x0001d113   Thumb Code     2  arm_startup_nrf51.o(.text)
    PendSV_Handler                           0x0001d115   Thumb Code     2  arm_startup_nrf51.o(.text)
    SysTick_Handler                          0x0001d117   Thumb Code     2  arm_startup_nrf51.o(.text)
    ADC_IRQHandler                           0x0001d119   Thumb Code     0  arm_startup_nrf51.o(.text)
    CCM_AAR_IRQHandler                       0x0001d119   Thumb Code     0  arm_startup_nrf51.o(.text)
    ECB_IRQHandler                           0x0001d119   Thumb Code     0  arm_startup_nrf51.o(.text)
    LPCOMP_IRQHandler                        0x0001d119   Thumb Code     0  arm_startup_nrf51.o(.text)
    POWER_CLOCK_IRQHandler                   0x0001d119   Thumb Code     0  arm_startup_nrf51.o(.text)
    QDEC_IRQHandler                          0x0001d119   Thumb Code     0  arm_startup_nrf51.o(.text)
    RADIO_IRQHandler                         0x0001d119   Thumb Code     0  arm_startup_nrf51.o(.text)
    RNG_IRQHandler                           0x0001d119   Thumb Code     0  arm_startup_nrf51.o(.text)
    RTC0_IRQHandler                          0x0001d119   Thumb Code     0  arm_startup_nrf51.o(.text)
    SPI0_TWI0_IRQHandler                     0x0001d119   Thumb Code     0  arm_startup_nrf51.o(.text)
    SPI1_TWI1_IRQHandler                     0x0001d119   Thumb Code     0  arm_startup_nrf51.o(.text)
    SWI1_IRQHandler                          0x0001d119   Thumb Code     0  arm_startup_nrf51.o(.text)
    SWI3_IRQHandler                          0x0001d119   Thumb Code     0  arm_startup_nrf51.o(.text)
    SWI4_IRQHandler                          0x0001d119   Thumb Code     0  arm_startup_nrf51.o(.text)
    SWI5_IRQHandler                          0x0001d119   Thumb Code     0  arm_startup_nrf51.o(.text)
    TEMP_IRQHandler                          0x0001d119   Thumb Code     0  arm_startup_nrf51.o(.text)
    TIMER0_IRQHandler                        0x0001d119   Thumb Code     0  arm_startup_nrf51.o(.text)
    TIMER1_IRQHandler                        0x0001d119   Thumb Code     0  arm_startup_nrf51.o(.text)
    TIMER2_IRQHandler                        0x0001d119   Thumb Code     0  arm_startup_nrf51.o(.text)
    WDT_IRQHandler                           0x0001d119   Thumb Code     0  arm_startup_nrf51.o(.text)
    __aeabi_uidiv                            0x0001d12d   Thumb Code     0  uidiv.o(.text)
    __aeabi_uidivmod                         0x0001d12d   Thumb Code    44  uidiv.o(.text)
    __aeabi_memcpy                           0x0001d159   Thumb Code    36  memcpya.o(.text)
    __aeabi_memcpy4                          0x0001d159   Thumb Code     0  memcpya.o(.text)
    __aeabi_memcpy8                          0x0001d159   Thumb Code     0  memcpya.o(.text)
    __aeabi_memset                           0x0001d17d   Thumb Code    14  memseta.o(.text)
    __aeabi_memset4                          0x0001d17d   Thumb Code     0  memseta.o(.text)
    __aeabi_memset8                          0x0001d17d   Thumb Code     0  memseta.o(.text)
    __aeabi_memclr                           0x0001d18b   Thumb Code     4  memseta.o(.text)
    __aeabi_memclr4                          0x0001d18b   Thumb Code     0  memseta.o(.text)
    __aeabi_memclr8                          0x0001d18b   Thumb Code     0  memseta.o(.text)
    _memset$wrapper                          0x0001d18f   Thumb Code    18  memseta.o(.text)
    __scatterload                            0x0001d1a1   Thumb Code    28  init.o(.text)
    __scatterload_rt2                        0x0001d1a1   Thumb Code     0  init.o(.text)
    GPIOTE_IRQHandler                        0x0001d1c5   Thumb Code   378  nrf_drv_gpiote.o(i.GPIOTE_IRQHandler)
    RTC1_IRQHandler                          0x0001d4f5   Thumb Code    34  app_timer.o(i.RTC1_IRQHandler)
    SWI0_IRQHandler                          0x0001d51d   Thumb Code     8  app_timer.o(i.SWI0_IRQHandler)
    SWI2_IRQHandler                          0x0001d525   Thumb Code    52  softdevice_handler.o(i.SWI2_IRQHandler)
    SystemInit                               0x0001d595   Thumb Code    38  system_nrf51.o(i.SystemInit)
    UART0_IRQHandler                         0x0001d5cd   Thumb Code   304  nrf_drv_uart.o(i.UART0_IRQHandler)
    __0printf$3                              0x0001d705   Thumb Code    24  printf3.o(i.__0printf$3)
    __1printf$3                              0x0001d705   Thumb Code     0  printf3.o(i.__0printf$3)
    __2printf                                0x0001d705   Thumb Code     0  printf3.o(i.__0printf$3)
    __0sprintf$3                             0x0001d725   Thumb Code    36  printf3.o(i.__0sprintf$3)
    __1sprintf$3                             0x0001d725   Thumb Code     0  printf3.o(i.__0sprintf$3)
    __2sprintf                               0x0001d725   Thumb Code     0  printf3.o(i.__0sprintf$3)
    __ARM_common_switch8                     0x0001d74d   Thumb Code    28  bsp.o(i.__ARM_common_switch8)
    __scatterload_copy                       0x0001d769   Thumb Code    14  handlers.o(i.__scatterload_copy)
    __scatterload_null                       0x0001d777   Thumb Code     2  handlers.o(i.__scatterload_null)
    __scatterload_zeroinit                   0x0001d779   Thumb Code    14  handlers.o(i.__scatterload_zeroinit)
    app_error_handler                        0x0001d9dd   Thumb Code    48  app_error.o(i.app_error_handler)
    app_fifo_get                             0x0001da19   Thumb Code    32  app_fifo.o(i.app_fifo_get)
    app_fifo_init                            0x0001da39   Thumb Code    42  app_fifo.o(i.app_fifo_init)
    app_fifo_put                             0x0001da63   Thumb Code    34  app_fifo.o(i.app_fifo_put)
    app_timer_cnt_diff_compute               0x0001da85   Thumb Code    22  app_timer.o(i.app_timer_cnt_diff_compute)
    app_timer_cnt_get                        0x0001da9b   Thumb Code    14  app_timer.o(i.app_timer_cnt_get)
    app_timer_create                         0x0001daa9   Thumb Code    60  app_timer.o(i.app_timer_create)
    app_timer_init                           0x0001dae9   Thumb Code   156  app_timer.o(i.app_timer_init)
    app_timer_start                          0x0001dba1   Thumb Code    82  app_timer.o(i.app_timer_start)
    app_timer_stop                           0x0001dbf9   Thumb Code    50  app_timer.o(i.app_timer_stop)
    app_uart_get                             0x0001dc31   Thumb Code    48  app_uart_fifo.o(i.app_uart_get)
    app_uart_init                            0x0001dc69   Thumb Code   168  app_uart_fifo.o(i.app_uart_init)
    app_uart_put                             0x0001dd29   Thumb Code    34  app_uart_fifo.o(i.app_uart_put)
    audio_stimulus_handler                   0x0001ddc5   Thumb Code   272  main.o(i.audio_stimulus_handler)
    average_tick                             0x0001df19   Thumb Code    16  main.o(i.average_tick)
    ble_db_discovery_evt_register            0x0001df29   Thumb Code    52  ble_db_discovery.o(i.ble_db_discovery_evt_register)
    ble_db_discovery_init                    0x0001df65   Thumb Code    20  ble_db_discovery.o(i.ble_db_discovery_init)
    ble_db_discovery_on_ble_evt              0x0001df85   Thumb Code   118  ble_db_discovery.o(i.ble_db_discovery_on_ble_evt)
    ble_db_discovery_start                   0x0001e001   Thumb Code   126  ble_db_discovery.o(i.ble_db_discovery_start)
    ble_nus_c_init                           0x0001e131   Thumb Code    84  ble_nus_c.o(i.ble_nus_c_init)
    ble_nus_c_on_ble_evt                     0x0001e191   Thumb Code    94  ble_nus_c.o(i.ble_nus_c_on_ble_evt)
    ble_nus_c_rx_notif_enable                0x0001e1f5   Thumb Code    42  ble_nus_c.o(i.ble_nus_c_rx_notif_enable)
    ble_nus_c_string_send                    0x0001e225   Thumb Code    62  ble_nus_c.o(i.ble_nus_c_string_send)
    bsp_btn_ble_init                         0x0001e305   Thumb Code    54  bsp_btn_ble.o(i.bsp_btn_ble_init)
    bsp_btn_ble_on_ble_evt                   0x0001e345   Thumb Code   122  bsp_btn_ble.o(i.bsp_btn_ble_on_ble_evt)
    bsp_btn_ble_sleep_mode_prepare           0x0001e3c9   Thumb Code    30  bsp_btn_ble.o(i.bsp_btn_ble_sleep_mode_prepare)
    bsp_button_is_pressed                    0x0001e3e7   Thumb Code     8  bsp.o(i.bsp_button_is_pressed)
    bsp_event_handler                        0x0001e3f1   Thumb Code    66  main.o(i.bsp_event_handler)
    bsp_event_to_button_action_assign        0x0001e449   Thumb Code    10  bsp.o(i.bsp_event_to_button_action_assign)
    bsp_indication_set                       0x0001e455   Thumb Code    30  bsp.o(i.bsp_indication_set)
    bsp_init                                 0x0001e479   Thumb Code    84  bsp.o(i.bsp_init)
    bsp_wakeup_buttons_set                   0x0001ea51   Thumb Code     6  bsp.o(i.bsp_wakeup_buttons_set)
    fputc                                    0x0001f0e3   Thumb Code    16  retarget.o(i.fputc)
    gpiote_init                              0x0001f0f5   Thumb Code   184  main.o(i.gpiote_init)
    intern_softdevice_events_execute         0x0001f1f5   Thumb Code   168  softdevice_handler.o(i.intern_softdevice_events_execute)
    main                                     0x0001f6d9   Thumb Code   172  main.o(i.main)
    median_tick                              0x0001f7d5   Thumb Code    52  main.o(i.median_tick)
    nrf_drv_common_irq_enable                0x0001f809   Thumb Code    48  nrf_drv_common.o(i.nrf_drv_common_irq_enable)
    nrf_drv_gpiote_in_event_addr_get         0x0001f841   Thumb Code    26  nrf_drv_gpiote.o(i.nrf_drv_gpiote_in_event_addr_get)
    nrf_drv_gpiote_in_event_enable           0x0001f85d   Thumb Code   186  nrf_drv_gpiote.o(i.nrf_drv_gpiote_in_event_enable)
    nrf_drv_gpiote_in_init                   0x0001f925   Thumb Code   228  nrf_drv_gpiote.o(i.nrf_drv_gpiote_in_init)
    nrf_drv_gpiote_init                      0x0001fa19   Thumb Code    76  nrf_drv_gpiote.o(i.nrf_drv_gpiote_init)
    nrf_drv_gpiote_is_init                   0x0001fa69   Thumb Code    16  nrf_drv_gpiote.o(i.nrf_drv_gpiote_is_init)
    nrf_drv_uart_init                        0x0001fa7d   Thumb Code   110  nrf_drv_uart.o(i.nrf_drv_uart_init)
    nrf_drv_uart_rx                          0x0001fafd   Thumb Code   216  nrf_drv_uart.o(i.nrf_drv_uart_rx)
    nrf_drv_uart_rx_enable                   0x0001fbdd   Thumb Code    22  nrf_drv_uart.o(i.nrf_drv_uart_rx_enable)
    nrf_drv_uart_tx                          0x0001fbf9   Thumb Code   170  nrf_drv_uart.o(i.nrf_drv_uart_tx)
    quicksort                                0x00020379   Thumb Code   136  quicksort.o(i.quicksort)
    softdevice_assertion_handler             0x00020699   Thumb Code    18  softdevice_handler.o(i.softdevice_assertion_handler)
    softdevice_ble_evt_handler_set           0x000206ad   Thumb Code    18  softdevice_handler.o(i.softdevice_ble_evt_handler_set)
    softdevice_handler_init                  0x000206c5   Thumb Code    84  softdevice_handler.o(i.softdevice_handler_init)
    uart_event_handle                        0x00020ce9   Thumb Code   126  main.o(i.uart_event_handle)
    visual_stimulus_handler                  0x00020f0d   Thumb Code    42  main.o(i.visual_stimulus_handler)
    Region$$Table$$Base                      0x00020fe8   Number         0  anon$$obj.o(Region$$Table)
    Region$$Table$$Limit                     0x00021008   Number         0  anon$$obj.o(Region$$Table)
    timer_created                            0x20002800   Data           1  main.o(.data)
    audio_stim_case                          0x20002801   Data           1  main.o(.data)
    audio_stim_sample_count                  0x20002802   Data           1  main.o(.data)
    pulse_width                              0x20002804   Data           4  main.o(.data)
    start_tick                               0x20002808   Data           4  main.o(.data)
    curr_tick                                0x2000280c   Data           4  main.o(.data)
    prev_tick                                0x20002810   Data           4  main.o(.data)
    audio_stim_measurement_done              0x20002814   Data           1  main.o(.data)
    SystemCoreClock                          0x20002830   Data           4  system_nrf51.o(.data)
    m_error_code                             0x2000284c   Data           4  app_error.o(.data)
    m_line_num                               0x20002850   Data           4  app_error.o(.data)
    m_p_file_name                            0x20002854   Data           4  app_error.o(.data)
    __stdout                                 0x2000287c   Data           4  retarget.o(.data)
    __stdin                                  0x20002880   Data           4  retarget.o(.data)
    audio_stim_timer_tick_array              0x20002928   Data         400  main.o(.bss)
    __initial_sp                             0x20003a08   Data           0  arm_startup_nrf51.o(STACK)



==============================================================================

Memory Map of the image

  Image Entry point : 0x0001d0c1

  Load Region LR_IROM1 (Base: 0x0001d000, Size: 0x000040a4, Max: 0x00023000, ABSOLUTE)

    Execution Region ER_IROM1 (Base: 0x0001d000, Size: 0x00004008, Max: 0x00023000, ABSOLUTE)

    Base Addr    Size         Type   Attr      Idx    E Section Name        Object

    0x0001d000   0x000000c0   Data   RO          502    RESET               arm_startup_nrf51.o
    0x0001d0c0   0x00000000   Code   RO         1938  * .ARM.Collect$$$$00000000  mc_p.l(entry.o)
    0x0001d0c0   0x00000004   Code   RO         2212    .ARM.Collect$$$$00000001  mc_p.l(entry2.o)
    0x0001d0c4   0x00000004   Code   RO         2215    .ARM.Collect$$$$00000004  mc_p.l(entry5.o)
    0x0001d0c8   0x00000000   Code   RO         2217    .ARM.Collect$$$$00000008  mc_p.l(entry7b.o)
    0x0001d0c8   0x00000000   Code   RO         2219    .ARM.Collect$$$$0000000A  mc_p.l(entry8b.o)
    0x0001d0c8   0x00000008   Code   RO         2220    .ARM.Collect$$$$0000000B  mc_p.l(entry9a.o)
    0x0001d0d0   0x00000000   Code   RO         2222    .ARM.Collect$$$$0000000D  mc_p.l(entry10a.o)
    0x0001d0d0   0x00000000   Code   RO         2224    .ARM.Collect$$$$0000000F  mc_p.l(entry11a.o)
    0x0001d0d0   0x00000004   Code   RO         2213    .ARM.Collect$$$$00002712  mc_p.l(entry2.o)
    0x0001d0d4   0x0000001e   Code   RO         1596    .emb_text           app_timer.o
    0x0001d0f2   0x00000002   PAD
    0x0001d0f4   0x00000038   Code   RO          503    .text               arm_startup_nrf51.o
    0x0001d12c   0x0000002c   Code   RO         1941    .text               mc_p.l(uidiv.o)
    0x0001d158   0x00000024   Code   RO         1943    .text               mc_p.l(memcpya.o)
    0x0001d17c   0x00000024   Code   RO         1945    .text               mc_p.l(memseta.o)
    0x0001d1a0   0x00000024   Code   RO         2239    .text               mc_p.l(init.o)
    0x0001d1c4   0x0000018c   Code   RO          934    i.GPIOTE_IRQHandler  nrf_drv_gpiote.o
    0x0001d350   0x00000014   Code   RO         1597    i.NVIC_ClearPendingIRQ  app_timer.o
    0x0001d364   0x00000014   Code   RO         1598    i.NVIC_EnableIRQ    app_timer.o
    0x0001d378   0x00000014   Code   RO         1599    i.NVIC_SetPendingIRQ  app_timer.o
    0x0001d38c   0x00000078   Code   RO            4    i.NVIC_SetPriority  main.o
    0x0001d404   0x00000078   Code   RO          876    i.NVIC_SetPriority  nrf_drv_common.o
    0x0001d47c   0x00000078   Code   RO         1600    i.NVIC_SetPriority  app_timer.o
    0x0001d4f4   0x00000028   Code   RO         1601    i.RTC1_IRQHandler   app_timer.o
    0x0001d51c   0x00000008   Code   RO         1602    i.SWI0_IRQHandler   app_timer.o
    0x0001d524   0x00000070   Code   RO         1876    i.SWI2_IRQHandler   softdevice_handler.o
    0x0001d594   0x00000038   Code   RO          510    i.SystemInit        system_nrf51.o
    0x0001d5cc   0x00000138   Code   RO         1172    i.UART0_IRQHandler  nrf_drv_uart.o
    0x0001d704   0x00000020   Code   RO         2040    i.__0printf$3       mc_p.l(printf3.o)
    0x0001d724   0x00000028   Code   RO         2042    i.__0sprintf$3      mc_p.l(printf3.o)
    0x0001d74c   0x0000001c   Code   RO          433    i.__ARM_common_switch8  bsp.o
    0x0001d768   0x0000000e   Code   RO         2253    i.__scatterload_copy  mc_p.l(handlers.o)
    0x0001d776   0x00000002   Code   RO         2254    i.__scatterload_null  mc_p.l(handlers.o)
    0x0001d778   0x0000000e   Code   RO         2255    i.__scatterload_zeroinit  mc_p.l(handlers.o)
    0x0001d786   0x00000002   PAD
    0x0001d788   0x000001cc   Code   RO         2047    i._printf_core      mc_p.l(printf3.o)
    0x0001d954   0x0000000a   Code   RO         2049    i._sputc            mc_p.l(printf3.o)
    0x0001d95e   0x0000005a   Code   RO          453    i.advertising_buttons_configure  bsp_btn_ble.o
    0x0001d9b8   0x00000024   Code   RO          351    i.alert_timer_handler  bsp.o
    0x0001d9dc   0x0000003c   Code   RO         1513    i.app_error_handler  app_error.o
    0x0001da18   0x00000020   Code   RO         1535    i.app_fifo_get      app_fifo.o
    0x0001da38   0x0000002a   Code   RO         1536    i.app_fifo_init     app_fifo.o
    0x0001da62   0x00000022   Code   RO         1537    i.app_fifo_put      app_fifo.o
    0x0001da84   0x00000016   Code   RO         1603    i.app_timer_cnt_diff_compute  app_timer.o
    0x0001da9a   0x0000000e   Code   RO         1604    i.app_timer_cnt_get  app_timer.o
    0x0001daa8   0x00000040   Code   RO         1605    i.app_timer_create  app_timer.o
    0x0001dae8   0x000000b8   Code   RO         1606    i.app_timer_init    app_timer.o
    0x0001dba0   0x00000058   Code   RO         1607    i.app_timer_start   app_timer.o
    0x0001dbf8   0x00000038   Code   RO         1608    i.app_timer_stop    app_timer.o
    0x0001dc30   0x00000038   Code   RO         1371    i.app_uart_get      app_uart_fifo.o
    0x0001dc68   0x000000c0   Code   RO         1372    i.app_uart_init     app_uart_fifo.o
    0x0001dd28   0x0000002c   Code   RO         1373    i.app_uart_put      app_uart_fifo.o
    0x0001dd54   0x00000070   Code   RO         1173    i.apply_config      nrf_drv_uart.o
    0x0001ddc4   0x00000154   Code   RO            6    i.audio_stimulus_handler  main.o
    0x0001df18   0x00000010   Code   RO            8    i.average_tick      main.o
    0x0001df28   0x0000003c   Code   RO          761    i.ble_db_discovery_evt_register  ble_db_discovery.o
    0x0001df64   0x00000020   Code   RO          762    i.ble_db_discovery_init  ble_db_discovery.o
    0x0001df84   0x0000007c   Code   RO          763    i.ble_db_discovery_on_ble_evt  ble_db_discovery.o
    0x0001e000   0x00000090   Code   RO          764    i.ble_db_discovery_start  ble_db_discovery.o
    0x0001e090   0x0000002c   Code   RO            9    i.ble_evt_dispatch  main.o
    0x0001e0bc   0x00000074   Code   RO           10    i.ble_nus_c_evt_handler  main.o
    0x0001e130   0x00000060   Code   RO          549    i.ble_nus_c_init    ble_nus_c.o
    0x0001e190   0x00000064   Code   RO          550    i.ble_nus_c_on_ble_evt  ble_nus_c.o
    0x0001e1f4   0x00000030   Code   RO          551    i.ble_nus_c_rx_notif_enable  ble_nus_c.o
    0x0001e224   0x00000048   Code   RO          552    i.ble_nus_c_string_send  ble_nus_c.o
    0x0001e26c   0x00000098   Code   RO           11    i.ble_stack_init    main.o
    0x0001e304   0x00000040   Code   RO          454    i.bsp_btn_ble_init  bsp_btn_ble.o
    0x0001e344   0x00000084   Code   RO          455    i.bsp_btn_ble_on_ble_evt  bsp_btn_ble.o
    0x0001e3c8   0x0000001e   Code   RO          456    i.bsp_btn_ble_sleep_mode_prepare  bsp_btn_ble.o
    0x0001e3e6   0x00000008   Code   RO          352    i.bsp_button_is_pressed  bsp.o
    0x0001e3ee   0x00000002   PAD
    0x0001e3f0   0x00000058   Code   RO           12    i.bsp_event_handler  main.o
    0x0001e448   0x0000000a   Code   RO          356    i.bsp_event_to_button_action_assign  bsp.o
    0x0001e452   0x00000002   PAD
    0x0001e454   0x00000024   Code   RO          357    i.bsp_indication_set  bsp.o
    0x0001e478   0x00000070   Code   RO          359    i.bsp_init          bsp.o
    0x0001e4e8   0x00000568   Code   RO          360    i.bsp_led_indication  bsp.o
    0x0001ea50   0x00000006   Code   RO          361    i.bsp_wakeup_buttons_set  bsp.o
    0x0001ea56   0x00000002   PAD
    0x0001ea58   0x00000068   Code   RO           13    i.buttons_leds_init  main.o
    0x0001eac0   0x00000030   Code   RO          553    i.cccd_configure    ble_nus_c.o
    0x0001eaf0   0x00000020   Code   RO          935    i.channel_free      nrf_drv_gpiote.o
    0x0001eb10   0x00000010   Code   RO          936    i.channel_handler_get  nrf_drv_gpiote.o
    0x0001eb20   0x00000078   Code   RO          937    i.channel_port_alloc  nrf_drv_gpiote.o
    0x0001eb98   0x0000000c   Code   RO          938    i.channel_port_get  nrf_drv_gpiote.o
    0x0001eba4   0x00000052   Code   RO          765    i.characteristics_discover  ble_db_discovery.o
    0x0001ebf6   0x00000002   PAD
    0x0001ebf8   0x0000008c   Code   RO         1610    i.compare_reg_update  app_timer.o
    0x0001ec84   0x0000005a   Code   RO          457    i.connection_buttons_configure  bsp_btn_ble.o
    0x0001ecde   0x00000002   PAD
    0x0001ece0   0x0000005c   Code   RO         1611    i.current_int_priority_get  app_timer.o
    0x0001ed3c   0x000000c8   Code   RO          554    i.db_discover_evt_handler  ble_nus_c.o
    0x0001ee04   0x000000b6   Code   RO          766    i.descriptors_discover  ble_db_discovery.o
    0x0001eeba   0x00000002   PAD
    0x0001eebc   0x000000a4   Code   RO          767    i.discovery_complete_evt_trigger  ble_db_discovery.o
    0x0001ef60   0x00000088   Code   RO          768    i.discovery_error_evt_trigger  ble_db_discovery.o
    0x0001efe8   0x00000064   Code   RO         1612    i.elapsed_ticks_acquire  app_timer.o
    0x0001f04c   0x0000005c   Code   RO         1613    i.expired_timers_handler  app_timer.o
    0x0001f0a8   0x00000014   Code   RO         1540    i.fifo_get          app_fifo.o
    0x0001f0bc   0x0000000a   Code   RO         1374    i.fifo_length       app_uart_fifo.o
    0x0001f0c6   0x0000000a   Code   RO         1541    i.fifo_length       app_fifo.o
    0x0001f0d0   0x00000012   Code   RO         1542    i.fifo_put          app_fifo.o
    0x0001f0e2   0x00000010   Code   RO         1844    i.fputc             retarget.o
    0x0001f0f2   0x00000002   PAD
    0x0001f0f4   0x00000100   Code   RO           14    i.gpiote_init       main.o
    0x0001f1f4   0x000000f4   Code   RO         1877    i.intern_softdevice_events_execute  softdevice_handler.o
    0x0001f2e8   0x0000001e   Code   RO          769    i.is_char_discovery_reqd  ble_db_discovery.o
    0x0001f306   0x00000054   Code   RO          770    i.is_desc_discovery_reqd  ble_db_discovery.o
    0x0001f35a   0x00000002   PAD
    0x0001f35c   0x00000038   Code   RO          511    i.is_disabled_in_debug_needed  system_nrf51.o
    0x0001f394   0x0000006c   Code   RO          512    i.is_manual_peripheral_setup_needed  system_nrf51.o
    0x0001f400   0x0000010e   Code   RO           15    i.is_uuid_present   main.o
    0x0001f50e   0x00000002   PAD
    0x0001f510   0x00000024   Code   RO          362    i.leds_timer_handler  bsp.o
    0x0001f534   0x00000094   Code   RO         1614    i.list_deletions_handler  app_timer.o
    0x0001f5c8   0x00000110   Code   RO         1615    i.list_insertions_handler  app_timer.o
    0x0001f6d8   0x000000fc   Code   RO           16    i.main              main.o
    0x0001f7d4   0x00000034   Code   RO           18    i.median_tick       main.o
    0x0001f808   0x00000038   Code   RO          877    i.nrf_drv_common_irq_enable  nrf_drv_common.o
    0x0001f840   0x0000001a   Code   RO          939    i.nrf_drv_gpiote_in_event_addr_get  nrf_drv_gpiote.o
    0x0001f85a   0x00000002   PAD
    0x0001f85c   0x000000c8   Code   RO          941    i.nrf_drv_gpiote_in_event_enable  nrf_drv_gpiote.o
    0x0001f924   0x000000f4   Code   RO          942    i.nrf_drv_gpiote_in_init  nrf_drv_gpiote.o
    0x0001fa18   0x00000050   Code   RO          945    i.nrf_drv_gpiote_init  nrf_drv_gpiote.o
    0x0001fa68   0x00000014   Code   RO          946    i.nrf_drv_gpiote_is_init  nrf_drv_gpiote.o
    0x0001fa7c   0x00000080   Code   RO         1175    i.nrf_drv_uart_init  nrf_drv_uart.o
    0x0001fafc   0x000000e0   Code   RO         1176    i.nrf_drv_uart_rx   nrf_drv_uart.o
    0x0001fbdc   0x0000001c   Code   RO         1179    i.nrf_drv_uart_rx_enable  nrf_drv_uart.o
    0x0001fbf8   0x000000b4   Code   RO         1180    i.nrf_drv_uart_tx   nrf_drv_uart.o
    0x0001fcac   0x00000026   Code   RO          958    i.nrf_gpio_cfg      nrf_drv_gpiote.o
    0x0001fcd2   0x00000026   Code   RO         1183    i.nrf_gpio_cfg      nrf_drv_uart.o
    0x0001fcf8   0x0000001a   Code   RO         1185    i.nrf_gpio_cfg_input  nrf_drv_uart.o
    0x0001fd12   0x00000018   Code   RO         1186    i.nrf_gpio_cfg_output  nrf_drv_uart.o
    0x0001fd2a   0x00000046   Code   RO          960    i.nrf_gpio_cfg_sense_set  nrf_drv_gpiote.o
    0x0001fd70   0x00000010   Code   RO         1187    i.nrf_gpio_pin_set  nrf_drv_uart.o
    0x0001fd80   0x0000000c   Code   RO          963    i.nrf_gpiote_event_addr_get  nrf_drv_gpiote.o
    0x0001fd8c   0x00000010   Code   RO          964    i.nrf_gpiote_event_clear  nrf_drv_gpiote.o
    0x0001fd9c   0x00000016   Code   RO          965    i.nrf_gpiote_event_is_set  nrf_drv_gpiote.o
    0x0001fdb2   0x00000002   PAD
    0x0001fdb4   0x0000000c   Code   RO          966    i.nrf_gpiote_int_enable  nrf_drv_gpiote.o
    0x0001fdc0   0x00000014   Code   RO         1188    i.nrf_uart_errorsrc_get_and_clear  nrf_drv_uart.o
    0x0001fdd4   0x00000010   Code   RO         1189    i.nrf_uart_event_check  nrf_drv_uart.o
    0x0001fde4   0x00000006   Code   RO         1190    i.nrf_uart_event_clear  nrf_drv_uart.o
    0x0001fdea   0x00000012   Code   RO         1191    i.nrf_uart_hwfc_pins_set  nrf_drv_uart.o
    0x0001fdfc   0x0000000a   Code   RO         1192    i.nrf_uart_int_disable  nrf_drv_uart.o
    0x0001fe06   0x0000000a   Code   RO         1193    i.nrf_uart_int_enable  nrf_drv_uart.o
    0x0001fe10   0x00000018   Code   RO         1194    i.nrf_uart_int_enable_check  nrf_drv_uart.o
    0x0001fe28   0x00000006   Code   RO         1195    i.nrf_uart_task_trigger  nrf_drv_uart.o
    0x0001fe2e   0x00000012   Code   RO         1196    i.nrf_uart_txrx_pins_set  nrf_drv_uart.o
    0x0001fe40   0x00000048   Code   RO           19    i.nus_c_init        main.o
    0x0001fe88   0x00000138   Code   RO           20    i.on_ble_evt        main.o
    0x0001ffc0   0x0000011c   Code   RO          771    i.on_characteristic_discovery_rsp  ble_db_discovery.o
    0x000200dc   0x000000bc   Code   RO          772    i.on_descriptor_discovery_rsp  ble_db_discovery.o
    0x00020198   0x00000038   Code   RO          555    i.on_hvx            ble_nus_c.o
    0x000201d0   0x00000058   Code   RO          773    i.on_primary_srv_discovery_rsp  ble_db_discovery.o
    0x00020228   0x00000080   Code   RO          774    i.on_srv_disc_completion  ble_db_discovery.o
    0x000202a8   0x00000038   Code   RO          775    i.pending_user_evts_send  ble_db_discovery.o
    0x000202e0   0x0000001c   Code   RO          968    i.pin_in_use_by_gpiote  nrf_drv_gpiote.o
    0x000202fc   0x00000018   Code   RO          969    i.pin_in_use_by_port  nrf_drv_gpiote.o
    0x00020314   0x00000020   Code   RO          970    i.pin_in_use_by_te  nrf_drv_gpiote.o
    0x00020334   0x00000010   Code   RO          971    i.pin_in_use_clear  nrf_drv_gpiote.o
    0x00020344   0x00000034   Code   RO           21    i.power_manage      main.o
    0x00020378   0x00000088   Code   RO          337    i.quicksort         quicksort.o
    0x00020400   0x00000040   Code   RO          776    i.registered_handler_get  ble_db_discovery.o
    0x00020440   0x00000044   Code   RO          777    i.registered_handler_set  ble_db_discovery.o
    0x00020484   0x0000000c   Code   RO         1616    i.rtc1_compare0_set  app_timer.o
    0x00020490   0x0000000c   Code   RO         1617    i.rtc1_counter_get  app_timer.o
    0x0002049c   0x00000018   Code   RO         1618    i.rtc1_init         app_timer.o
    0x000204b4   0x0000003c   Code   RO         1619    i.rtc1_start        app_timer.o
    0x000204f0   0x00000058   Code   RO         1620    i.rtc1_stop         app_timer.o
    0x00020548   0x00000038   Code   RO         1198    i.rx_byte           nrf_drv_uart.o
    0x00020580   0x0000002c   Code   RO         1199    i.rx_done_event     nrf_drv_uart.o
    0x000205ac   0x00000024   Code   RO         1200    i.rx_enable         nrf_drv_uart.o
    0x000205d0   0x00000058   Code   RO           22    i.scan_start        main.o
    0x00020628   0x00000070   Code   RO           23    i.sleep_mode_enter  main.o
    0x00020698   0x00000012   Code   RO         1878    i.softdevice_assertion_handler  softdevice_handler.o
    0x000206aa   0x00000002   PAD
    0x000206ac   0x00000018   Code   RO         1879    i.softdevice_ble_evt_handler_set  softdevice_handler.o
    0x000206c4   0x00000068   Code   RO         1880    i.softdevice_handler_init  softdevice_handler.o
    0x0002072c   0x00000054   Code   RO          458    i.startup_event_extract  bsp_btn_ble.o
    0x00020780   0x0000000a   Code   RO         1621    i.ticks_diff_get    app_timer.o
    0x0002078a   0x00000002   PAD
    0x0002078c   0x0000006c   Code   RO         1622    i.timeout_handler_exec  app_timer.o
    0x000207f8   0x00000058   Code   RO         1623    i.timer_list_handler  app_timer.o
    0x00020850   0x0000000a   Code   RO         1624    i.timer_list_handler_sched  app_timer.o
    0x0002085a   0x00000002   PAD
    0x0002085c   0x0000006c   Code   RO         1625    i.timer_list_insert  app_timer.o
    0x000208c8   0x00000070   Code   RO         1626    i.timer_list_remove  app_timer.o
    0x00020938   0x00000058   Code   RO         1627    i.timer_start_op_schedule  app_timer.o
    0x00020990   0x00000214   Code   RO           24    i.timer_stim_freq_handler  main.o
    0x00020ba4   0x00000040   Code   RO         1629    i.timer_stop_op_schedule  app_timer.o
    0x00020be4   0x00000094   Code   RO         1630    i.timer_timeouts_check  app_timer.o
    0x00020c78   0x0000000a   Code   RO         1631    i.timer_timeouts_check_sched  app_timer.o
    0x00020c82   0x00000002   PAD
    0x00020c84   0x00000038   Code   RO         1201    i.tx_byte           nrf_drv_uart.o
    0x00020cbc   0x0000002c   Code   RO         1202    i.tx_done_event     nrf_drv_uart.o
    0x00020ce8   0x0000009c   Code   RO           25    i.uart_event_handle  main.o
    0x00020d84   0x000000c0   Code   RO         1375    i.uart_event_handler  app_uart_fifo.o
    0x00020e44   0x00000074   Code   RO           26    i.uart_init         main.o
    0x00020eb8   0x00000022   Code   RO         1632    i.user_id_get       app_timer.o
    0x00020eda   0x0000002e   Code   RO         1633    i.user_op_alloc     app_timer.o
    0x00020f08   0x00000004   Code   RO         1634    i.user_op_enque     app_timer.o
    0x00020f0c   0x00000038   Code   RO           27    i.visual_stimulus_handler  main.o
    0x00020f44   0x00000034   Data   RO           29    .constdata          main.o
    0x00020f78   0x00000008   Data   RO          364    .constdata          bsp.o
    0x00020f80   0x00000028   Data   RO          556    .constdata          ble_nus_c.o
    0x00020fa8   0x00000020   Data   RO         1204    .constdata          nrf_drv_uart.o
    0x00020fc8   0x00000020   Data   RO         1377    .constdata          app_uart_fifo.o
    0x00020fe8   0x00000020   Data   RO         2251    Region$$Table       anon$$obj.o


    Execution Region RW_IRAM1 (Base: 0x20002800, Size: 0x00001208, Max: 0x00005800, ABSOLUTE)

    Base Addr    Size         Type   Attr      Idx    E Section Name        Object

    0x20002800   0x00000016   Data   RW           30    .data               main.o
    0x20002816   0x00000002   PAD
    0x20002818   0x00000010   Data   RW          365    .data               bsp.o
    0x20002828   0x00000008   Data   RW          459    .data               bsp_btn_ble.o
    0x20002830   0x00000004   Data   RW          513    .data               system_nrf51.o
    0x20002834   0x00000004   Data   RW          557    .data               ble_nus_c.o
    0x20002838   0x00000009   Data   RW          779    .data               ble_db_discovery.o
    0x20002841   0x00000003   PAD
    0x20002844   0x00000007   Data   RW         1378    .data               app_uart_fifo.o
    0x2000284b   0x00000001   PAD
    0x2000284c   0x0000000c   Data   RW         1514    .data               app_error.o
    0x20002858   0x00000022   Data   RW         1635    .data               app_timer.o
    0x2000287a   0x00000002   PAD
    0x2000287c   0x00000008   Data   RW         1845    .data               retarget.o
    0x20002884   0x00000018   Data   RW         1884    .data               softdevice_handler.o
    0x2000289c   0x00000810   Zero   RW           28    .bss                main.o
    0x200030ac   0x00000040   Zero   RW          363    .bss                bsp.o
    0x200030ec   0x00000098   Zero   RW          778    .bss                ble_db_discovery.o
    0x20003184   0x00000048   Zero   RW          972    .bss                nrf_drv_gpiote.o
    0x200031cc   0x00000018   Zero   RW         1203    .bss                nrf_drv_uart.o
    0x200031e4   0x00000020   Zero   RW         1376    .bss                app_uart_fifo.o
    0x20003204   0x00000004   PAD
    0x20003208   0x00000800   Zero   RW          500    STACK               arm_startup_nrf51.o


==============================================================================

Image component sizes


      Code (inc. data)   RO Data    RW Data    ZI Data      Debug   Object Name

         0          0          0          0          0       1816   app_button.o
        60         12          0         12          0       1884   app_error.o
       156          0          0          0          0       5078   app_fifo.o
      2556        324          0         34          0      38484   app_timer.o
       494         64         32          7         32      12506   app_uart_fifo.o
        56         18        192          0       2048        712   arm_startup_nrf51.o
      1914        116          0          9        152      16695   ble_db_discovery.o
       620         44         40          4          0      13524   ble_nus_c.o
      1656        118          8         16         64       8345   bsp.o
       490         20          0          8          0       6085   bsp_btn_ble.o
      3306        682         52         22       2064     102432   main.o
       176         18          0          0          0       8760   nrf_drv_common.o
      1416        110          0          0         72      23248   nrf_drv_gpiote.o
      1452         94         32          0         24      24456   nrf_drv_uart.o
       136          0          0          0          0       1252   quicksort.o
        16          0          0          8          0       2950   retarget.o
       502        162          0         24          0       5883   softdevice_handler.o
       220         26          0          4          0       2043   system_nrf51.o

    ----------------------------------------------------------------------
     15258       1808        388        156       4460     276153   Object Totals
         0          0         32          0          0          0   (incl. Generated)
        32          0          0          8          4          0   (incl. Padding)

    ----------------------------------------------------------------------

      Code (inc. data)   RO Data    RW Data    ZI Data      Debug   Library Member Name

         0          0          0          0          0          0   entry.o
         0          0          0          0          0          0   entry10a.o
         0          0          0          0          0          0   entry11a.o
         8          4          0          0          0          0   entry2.o
         4          0          0          0          0          0   entry5.o
         0          0          0          0          0          0   entry7b.o
         0          0          0          0          0          0   entry8b.o
         8          4          0          0          0          0   entry9a.o
        30          0          0          0          0          0   handlers.o
        36          8          0          0          0         68   init.o
        36          0          0          0          0         60   memcpya.o
        36          0          0          0          0        100   memseta.o
       542         16          0          0          0        312   printf3.o
        44          0          0          0          0         72   uidiv.o

    ----------------------------------------------------------------------
       746         32          0          0          0        612   Library Totals
         2          0          0          0          0          0   (incl. Padding)

    ----------------------------------------------------------------------

      Code (inc. data)   RO Data    RW Data    ZI Data      Debug   Library Name

       744         32          0          0          0        612   mc_p.l

    ----------------------------------------------------------------------
       746         32          0          0          0        612   Library Totals

    ----------------------------------------------------------------------

==============================================================================


      Code (inc. data)   RO Data    RW Data    ZI Data      Debug   

     16004       1840        388        156       4460     269561   Grand Totals
     16004       1840        388        156       4460     269561   ELF Image Totals
     16004       1840        388        156          0          0   ROM Totals

==============================================================================

    Total RO  Size (Code + RO Data)                16392 (  16.01kB)
    Total RW  Size (RW Data + ZI Data)              4616 (   4.51kB)
    Total ROM Size (Code + RO Data + RW Data)      16548 (  16.16kB)

==============================================================================

