<!doctype html public "-//w3c//dtd html 4.0 transitional//en">
<html><head>
<title>Static Call Graph - [.\_build\nrf51422_xxac_s120.axf]</title></head>
<body><HR>
<H1>Static Call Graph for image .\_build\nrf51422_xxac_s120.axf</H1><HR>
<BR><P>#&#060CALLGRAPH&#062# ARM Linker, 5060183: Last Updated: Wed Sep 07 09:22:03 2016
<BR><P>
<H3>Maximum Stack Usage =        208 bytes + Unknown(Cycles, Untraceable Function Pointers)</H3><H3>
Call chain for Maximum Stack Depth:</H3>
timer_stim_freq_handler &rArr; app_error_handler &rArr; bsp_indication_set &rArr; bsp_led_indication &rArr; app_timer_start &rArr; timer_start_op_schedule &rArr; user_op_alloc
<P>
<H3>
Mutually Recursive functions
</H3> <LI><a href="#[1]">NMI_Handler</a>&nbsp;&nbsp;&nbsp;&rArr;&nbsp;&nbsp;&nbsp;<a href="#[1]">NMI_Handler</a><BR>
 <LI><a href="#[2]">HardFault_Handler</a>&nbsp;&nbsp;&nbsp;&rArr;&nbsp;&nbsp;&nbsp;<a href="#[2]">HardFault_Handler</a><BR>
 <LI><a href="#[3]">SVC_Handler</a>&nbsp;&nbsp;&nbsp;&rArr;&nbsp;&nbsp;&nbsp;<a href="#[3]">SVC_Handler</a><BR>
 <LI><a href="#[4]">PendSV_Handler</a>&nbsp;&nbsp;&nbsp;&rArr;&nbsp;&nbsp;&nbsp;<a href="#[4]">PendSV_Handler</a><BR>
 <LI><a href="#[5]">SysTick_Handler</a>&nbsp;&nbsp;&nbsp;&rArr;&nbsp;&nbsp;&nbsp;<a href="#[5]">SysTick_Handler</a><BR>
 <LI><a href="#[c]">ADC_IRQHandler</a>&nbsp;&nbsp;&nbsp;&rArr;&nbsp;&nbsp;&nbsp;<a href="#[c]">ADC_IRQHandler</a><BR>
 <LI><a href="#[32]">__asm___11_app_timer_c_cd27f9c3__nrf_delay_us</a>&nbsp;&nbsp;&nbsp;&rArr;&nbsp;&nbsp;&nbsp;<a href="#[32]">__asm___11_app_timer_c_cd27f9c3__nrf_delay_us</a><BR>
 <LI><a href="#[b0]">quicksort</a>&nbsp;&nbsp;&nbsp;&rArr;&nbsp;&nbsp;&nbsp;<a href="#[b0]">quicksort</a><BR>
</UL>
<P>
<H3>
Function Pointers
</H3><UL>
 <LI><a href="#[c]">ADC_IRQHandler</a> from arm_startup_nrf51.o(.text) referenced from arm_startup_nrf51.o(RESET)
 <LI><a href="#[14]">CCM_AAR_IRQHandler</a> from arm_startup_nrf51.o(.text) referenced from arm_startup_nrf51.o(RESET)
 <LI><a href="#[13]">ECB_IRQHandler</a> from arm_startup_nrf51.o(.text) referenced from arm_startup_nrf51.o(RESET)
 <LI><a href="#[b]">GPIOTE_IRQHandler</a> from nrf_drv_gpiote.o(i.GPIOTE_IRQHandler) referenced from arm_startup_nrf51.o(RESET)
 <LI><a href="#[2]">HardFault_Handler</a> from arm_startup_nrf51.o(.text) referenced from arm_startup_nrf51.o(RESET)
 <LI><a href="#[18]">LPCOMP_IRQHandler</a> from arm_startup_nrf51.o(.text) referenced from arm_startup_nrf51.o(RESET)
 <LI><a href="#[1]">NMI_Handler</a> from arm_startup_nrf51.o(.text) referenced from arm_startup_nrf51.o(RESET)
 <LI><a href="#[6]">POWER_CLOCK_IRQHandler</a> from arm_startup_nrf51.o(.text) referenced from arm_startup_nrf51.o(RESET)
 <LI><a href="#[4]">PendSV_Handler</a> from arm_startup_nrf51.o(.text) referenced from arm_startup_nrf51.o(RESET)
 <LI><a href="#[17]">QDEC_IRQHandler</a> from arm_startup_nrf51.o(.text) referenced from arm_startup_nrf51.o(RESET)
 <LI><a href="#[7]">RADIO_IRQHandler</a> from arm_startup_nrf51.o(.text) referenced from arm_startup_nrf51.o(RESET)
 <LI><a href="#[12]">RNG_IRQHandler</a> from arm_startup_nrf51.o(.text) referenced from arm_startup_nrf51.o(RESET)
 <LI><a href="#[10]">RTC0_IRQHandler</a> from arm_startup_nrf51.o(.text) referenced from arm_startup_nrf51.o(RESET)
 <LI><a href="#[16]">RTC1_IRQHandler</a> from app_timer.o(i.RTC1_IRQHandler) referenced from arm_startup_nrf51.o(RESET)
 <LI><a href="#[0]">Reset_Handler</a> from arm_startup_nrf51.o(.text) referenced from arm_startup_nrf51.o(RESET)
 <LI><a href="#[9]">SPI0_TWI0_IRQHandler</a> from arm_startup_nrf51.o(.text) referenced from arm_startup_nrf51.o(RESET)
 <LI><a href="#[a]">SPI1_TWI1_IRQHandler</a> from arm_startup_nrf51.o(.text) referenced from arm_startup_nrf51.o(RESET)
 <LI><a href="#[3]">SVC_Handler</a> from arm_startup_nrf51.o(.text) referenced from arm_startup_nrf51.o(RESET)
 <LI><a href="#[19]">SWI0_IRQHandler</a> from app_timer.o(i.SWI0_IRQHandler) referenced from arm_startup_nrf51.o(RESET)
 <LI><a href="#[1a]">SWI1_IRQHandler</a> from arm_startup_nrf51.o(.text) referenced from arm_startup_nrf51.o(RESET)
 <LI><a href="#[1b]">SWI2_IRQHandler</a> from softdevice_handler.o(i.SWI2_IRQHandler) referenced from arm_startup_nrf51.o(RESET)
 <LI><a href="#[1c]">SWI3_IRQHandler</a> from arm_startup_nrf51.o(.text) referenced from arm_startup_nrf51.o(RESET)
 <LI><a href="#[1d]">SWI4_IRQHandler</a> from arm_startup_nrf51.o(.text) referenced from arm_startup_nrf51.o(RESET)
 <LI><a href="#[1e]">SWI5_IRQHandler</a> from arm_startup_nrf51.o(.text) referenced from arm_startup_nrf51.o(RESET)
 <LI><a href="#[5]">SysTick_Handler</a> from arm_startup_nrf51.o(.text) referenced from arm_startup_nrf51.o(RESET)
 <LI><a href="#[20]">SystemInit</a> from system_nrf51.o(i.SystemInit) referenced from arm_startup_nrf51.o(.text)
 <LI><a href="#[11]">TEMP_IRQHandler</a> from arm_startup_nrf51.o(.text) referenced from arm_startup_nrf51.o(RESET)
 <LI><a href="#[d]">TIMER0_IRQHandler</a> from arm_startup_nrf51.o(.text) referenced from arm_startup_nrf51.o(RESET)
 <LI><a href="#[e]">TIMER1_IRQHandler</a> from arm_startup_nrf51.o(.text) referenced from arm_startup_nrf51.o(RESET)
 <LI><a href="#[f]">TIMER2_IRQHandler</a> from arm_startup_nrf51.o(.text) referenced from arm_startup_nrf51.o(RESET)
 <LI><a href="#[8]">UART0_IRQHandler</a> from nrf_drv_uart.o(i.UART0_IRQHandler) referenced from arm_startup_nrf51.o(RESET)
 <LI><a href="#[15]">WDT_IRQHandler</a> from arm_startup_nrf51.o(.text) referenced from arm_startup_nrf51.o(RESET)
 <LI><a href="#[21]">__main</a> from entry.o(.ARM.Collect$$$$00000000) referenced from arm_startup_nrf51.o(.text)
 <LI><a href="#[23]">_sputc</a> from printf3.o(i._sputc) referenced from printf3.o(i.__0sprintf$3)
 <LI><a href="#[28]">alert_timer_handler</a> from bsp.o(i.alert_timer_handler) referenced from bsp.o(i.bsp_init)
 <LI><a href="#[2a]">audio_stimulus_handler</a> from main.o(i.audio_stimulus_handler) referenced from main.o(i.gpiote_init)
 <LI><a href="#[26]">ble_evt_dispatch</a> from main.o(i.ble_evt_dispatch) referenced from main.o(i.ble_stack_init)
 <LI><a href="#[2d]">ble_nus_c_evt_handler</a> from main.o(i.ble_nus_c_evt_handler) referenced from main.o(i.nus_c_init)
 <LI><a href="#[29]">bsp_event_handler</a> from main.o(i.bsp_event_handler) referenced from main.o(i.buttons_leds_init)
 <LI><a href="#[25]">db_discover_evt_handler</a> from ble_nus_c.o(i.db_discover_evt_handler) referenced from ble_nus_c.o(i.ble_nus_c_init)
 <LI><a href="#[22]">fputc</a> from retarget.o(i.fputc) referenced from printf3.o(i.__0printf$3)
 <LI><a href="#[27]">leds_timer_handler</a> from bsp.o(i.leds_timer_handler) referenced from bsp.o(i.bsp_init)
 <LI><a href="#[1f]">main</a> from main.o(i.main) referenced from entry9a.o(.ARM.Collect$$$$0000000B)
 <LI><a href="#[2e]">softdevice_assertion_handler</a> from softdevice_handler.o(i.softdevice_assertion_handler) referenced from softdevice_handler.o(i.softdevice_handler_init)
 <LI><a href="#[2c]">timer_stim_freq_handler</a> from main.o(i.timer_stim_freq_handler) referenced from main.o(i.main)
 <LI><a href="#[2f]">uart_event_handle</a> from main.o(i.uart_event_handle) referenced from main.o(i.uart_init)
 <LI><a href="#[24]">uart_event_handler</a> from app_uart_fifo.o(i.uart_event_handler) referenced from app_uart_fifo.o(i.app_uart_init)
 <LI><a href="#[2b]">visual_stimulus_handler</a> from main.o(i.visual_stimulus_handler) referenced from main.o(i.gpiote_init)
</UL>
<P>
<H3>
Global Symbols
</H3>
<P><STRONG><a name="[21]"></a>__main</STRONG> (Thumb, 0 bytes, Stack size unknown bytes, entry.o(.ARM.Collect$$$$00000000))
<BR>[Address Reference Count : 1]<UL><LI> arm_startup_nrf51.o(.text)
</UL>
<P><STRONG><a name="[cf]"></a>_main_stk</STRONG> (Thumb, 0 bytes, Stack size unknown bytes, entry2.o(.ARM.Collect$$$$00000001))

<P><STRONG><a name="[30]"></a>_main_scatterload</STRONG> (Thumb, 0 bytes, Stack size unknown bytes, entry5.o(.ARM.Collect$$$$00000004))
<BR><BR>[Calls]<UL><LI><a href="#[31]">&gt;&gt;</a>&nbsp;&nbsp;&nbsp;__scatterload
</UL>

<P><STRONG><a name="[36]"></a>__main_after_scatterload</STRONG> (Thumb, 0 bytes, Stack size unknown bytes, entry5.o(.ARM.Collect$$$$00000004))
<BR><BR>[Called By]<UL><LI><a href="#[31]">&gt;&gt;</a>&nbsp;&nbsp;&nbsp;__scatterload
</UL>

<P><STRONG><a name="[d0]"></a>_main_clock</STRONG> (Thumb, 0 bytes, Stack size unknown bytes, entry7b.o(.ARM.Collect$$$$00000008))

<P><STRONG><a name="[d1]"></a>_main_cpp_init</STRONG> (Thumb, 0 bytes, Stack size unknown bytes, entry8b.o(.ARM.Collect$$$$0000000A))

<P><STRONG><a name="[d2]"></a>_main_init</STRONG> (Thumb, 0 bytes, Stack size unknown bytes, entry9a.o(.ARM.Collect$$$$0000000B))

<P><STRONG><a name="[d3]"></a>__rt_final_cpp</STRONG> (Thumb, 0 bytes, Stack size unknown bytes, entry10a.o(.ARM.Collect$$$$0000000D))

<P><STRONG><a name="[d4]"></a>__rt_final_exit</STRONG> (Thumb, 0 bytes, Stack size unknown bytes, entry11a.o(.ARM.Collect$$$$0000000F))

<P><STRONG><a name="[32]"></a>__asm___11_app_timer_c_cd27f9c3__nrf_delay_us</STRONG> (Thumb, 30 bytes, Stack size 0 bytes, app_timer.o(.emb_text))
<BR><BR>[Calls]<UL><LI><a href="#[32]">&gt;&gt;</a>&nbsp;&nbsp;&nbsp;__asm___11_app_timer_c_cd27f9c3__nrf_delay_us
</UL>
<BR>[Called By]<UL><LI><a href="#[32]">&gt;&gt;</a>&nbsp;&nbsp;&nbsp;__asm___11_app_timer_c_cd27f9c3__nrf_delay_us
<LI><a href="#[5d]">&gt;&gt;</a>&nbsp;&nbsp;&nbsp;rtc1_stop
<LI><a href="#[97]">&gt;&gt;</a>&nbsp;&nbsp;&nbsp;rtc1_start
<LI><a href="#[96]">&gt;&gt;</a>&nbsp;&nbsp;&nbsp;compare_reg_update
</UL>

<P><STRONG><a name="[0]"></a>Reset_Handler</STRONG> (Thumb, 26 bytes, Stack size 0 bytes, arm_startup_nrf51.o(.text))
<BR>[Address Reference Count : 1]<UL><LI> arm_startup_nrf51.o(RESET)
</UL>
<P><STRONG><a name="[1]"></a>NMI_Handler</STRONG> (Thumb, 2 bytes, Stack size 0 bytes, arm_startup_nrf51.o(.text))
<BR><BR>[Calls]<UL><LI><a href="#[1]">&gt;&gt;</a>&nbsp;&nbsp;&nbsp;NMI_Handler
</UL>
<BR>[Called By]<UL><LI><a href="#[1]">&gt;&gt;</a>&nbsp;&nbsp;&nbsp;NMI_Handler
</UL>
<BR>[Address Reference Count : 1]<UL><LI> arm_startup_nrf51.o(RESET)
</UL>
<P><STRONG><a name="[2]"></a>HardFault_Handler</STRONG> (Thumb, 2 bytes, Stack size 0 bytes, arm_startup_nrf51.o(.text))
<BR><BR>[Calls]<UL><LI><a href="#[2]">&gt;&gt;</a>&nbsp;&nbsp;&nbsp;HardFault_Handler
</UL>
<BR>[Called By]<UL><LI><a href="#[2]">&gt;&gt;</a>&nbsp;&nbsp;&nbsp;HardFault_Handler
</UL>
<BR>[Address Reference Count : 1]<UL><LI> arm_startup_nrf51.o(RESET)
</UL>
<P><STRONG><a name="[3]"></a>SVC_Handler</STRONG> (Thumb, 2 bytes, Stack size 0 bytes, arm_startup_nrf51.o(.text))
<BR><BR>[Calls]<UL><LI><a href="#[3]">&gt;&gt;</a>&nbsp;&nbsp;&nbsp;SVC_Handler
</UL>
<BR>[Called By]<UL><LI><a href="#[3]">&gt;&gt;</a>&nbsp;&nbsp;&nbsp;SVC_Handler
</UL>
<BR>[Address Reference Count : 1]<UL><LI> arm_startup_nrf51.o(RESET)
</UL>
<P><STRONG><a name="[4]"></a>PendSV_Handler</STRONG> (Thumb, 2 bytes, Stack size 0 bytes, arm_startup_nrf51.o(.text))
<BR><BR>[Calls]<UL><LI><a href="#[4]">&gt;&gt;</a>&nbsp;&nbsp;&nbsp;PendSV_Handler
</UL>
<BR>[Called By]<UL><LI><a href="#[4]">&gt;&gt;</a>&nbsp;&nbsp;&nbsp;PendSV_Handler
</UL>
<BR>[Address Reference Count : 1]<UL><LI> arm_startup_nrf51.o(RESET)
</UL>
<P><STRONG><a name="[5]"></a>SysTick_Handler</STRONG> (Thumb, 2 bytes, Stack size 0 bytes, arm_startup_nrf51.o(.text))
<BR><BR>[Calls]<UL><LI><a href="#[5]">&gt;&gt;</a>&nbsp;&nbsp;&nbsp;SysTick_Handler
</UL>
<BR>[Called By]<UL><LI><a href="#[5]">&gt;&gt;</a>&nbsp;&nbsp;&nbsp;SysTick_Handler
</UL>
<BR>[Address Reference Count : 1]<UL><LI> arm_startup_nrf51.o(RESET)
</UL>
<P><STRONG><a name="[c]"></a>ADC_IRQHandler</STRONG> (Thumb, 0 bytes, Stack size 0 bytes, arm_startup_nrf51.o(.text))
<BR><BR>[Calls]<UL><LI><a href="#[c]">&gt;&gt;</a>&nbsp;&nbsp;&nbsp;ADC_IRQHandler
</UL>
<BR>[Called By]<UL><LI><a href="#[c]">&gt;&gt;</a>&nbsp;&nbsp;&nbsp;ADC_IRQHandler
</UL>
<BR>[Address Reference Count : 1]<UL><LI> arm_startup_nrf51.o(RESET)
</UL>
<P><STRONG><a name="[14]"></a>CCM_AAR_IRQHandler</STRONG> (Thumb, 0 bytes, Stack size 0 bytes, arm_startup_nrf51.o(.text))
<BR>[Address Reference Count : 1]<UL><LI> arm_startup_nrf51.o(RESET)
</UL>
<P><STRONG><a name="[13]"></a>ECB_IRQHandler</STRONG> (Thumb, 0 bytes, Stack size 0 bytes, arm_startup_nrf51.o(.text))
<BR>[Address Reference Count : 1]<UL><LI> arm_startup_nrf51.o(RESET)
</UL>
<P><STRONG><a name="[18]"></a>LPCOMP_IRQHandler</STRONG> (Thumb, 0 bytes, Stack size 0 bytes, arm_startup_nrf51.o(.text))
<BR>[Address Reference Count : 1]<UL><LI> arm_startup_nrf51.o(RESET)
</UL>
<P><STRONG><a name="[6]"></a>POWER_CLOCK_IRQHandler</STRONG> (Thumb, 0 bytes, Stack size 0 bytes, arm_startup_nrf51.o(.text))
<BR>[Address Reference Count : 1]<UL><LI> arm_startup_nrf51.o(RESET)
</UL>
<P><STRONG><a name="[17]"></a>QDEC_IRQHandler</STRONG> (Thumb, 0 bytes, Stack size 0 bytes, arm_startup_nrf51.o(.text))
<BR>[Address Reference Count : 1]<UL><LI> arm_startup_nrf51.o(RESET)
</UL>
<P><STRONG><a name="[7]"></a>RADIO_IRQHandler</STRONG> (Thumb, 0 bytes, Stack size 0 bytes, arm_startup_nrf51.o(.text))
<BR>[Address Reference Count : 1]<UL><LI> arm_startup_nrf51.o(RESET)
</UL>
<P><STRONG><a name="[12]"></a>RNG_IRQHandler</STRONG> (Thumb, 0 bytes, Stack size 0 bytes, arm_startup_nrf51.o(.text))
<BR>[Address Reference Count : 1]<UL><LI> arm_startup_nrf51.o(RESET)
</UL>
<P><STRONG><a name="[10]"></a>RTC0_IRQHandler</STRONG> (Thumb, 0 bytes, Stack size 0 bytes, arm_startup_nrf51.o(.text))
<BR>[Address Reference Count : 1]<UL><LI> arm_startup_nrf51.o(RESET)
</UL>
<P><STRONG><a name="[9]"></a>SPI0_TWI0_IRQHandler</STRONG> (Thumb, 0 bytes, Stack size 0 bytes, arm_startup_nrf51.o(.text))
<BR>[Address Reference Count : 1]<UL><LI> arm_startup_nrf51.o(RESET)
</UL>
<P><STRONG><a name="[a]"></a>SPI1_TWI1_IRQHandler</STRONG> (Thumb, 0 bytes, Stack size 0 bytes, arm_startup_nrf51.o(.text))
<BR>[Address Reference Count : 1]<UL><LI> arm_startup_nrf51.o(RESET)
</UL>
<P><STRONG><a name="[1a]"></a>SWI1_IRQHandler</STRONG> (Thumb, 0 bytes, Stack size 0 bytes, arm_startup_nrf51.o(.text))
<BR>[Address Reference Count : 1]<UL><LI> arm_startup_nrf51.o(RESET)
</UL>
<P><STRONG><a name="[1c]"></a>SWI3_IRQHandler</STRONG> (Thumb, 0 bytes, Stack size 0 bytes, arm_startup_nrf51.o(.text))
<BR>[Address Reference Count : 1]<UL><LI> arm_startup_nrf51.o(RESET)
</UL>
<P><STRONG><a name="[1d]"></a>SWI4_IRQHandler</STRONG> (Thumb, 0 bytes, Stack size 0 bytes, arm_startup_nrf51.o(.text))
<BR>[Address Reference Count : 1]<UL><LI> arm_startup_nrf51.o(RESET)
</UL>
<P><STRONG><a name="[1e]"></a>SWI5_IRQHandler</STRONG> (Thumb, 0 bytes, Stack size 0 bytes, arm_startup_nrf51.o(.text))
<BR>[Address Reference Count : 1]<UL><LI> arm_startup_nrf51.o(RESET)
</UL>
<P><STRONG><a name="[11]"></a>TEMP_IRQHandler</STRONG> (Thumb, 0 bytes, Stack size 0 bytes, arm_startup_nrf51.o(.text))
<BR>[Address Reference Count : 1]<UL><LI> arm_startup_nrf51.o(RESET)
</UL>
<P><STRONG><a name="[d]"></a>TIMER0_IRQHandler</STRONG> (Thumb, 0 bytes, Stack size 0 bytes, arm_startup_nrf51.o(.text))
<BR>[Address Reference Count : 1]<UL><LI> arm_startup_nrf51.o(RESET)
</UL>
<P><STRONG><a name="[e]"></a>TIMER1_IRQHandler</STRONG> (Thumb, 0 bytes, Stack size 0 bytes, arm_startup_nrf51.o(.text))
<BR>[Address Reference Count : 1]<UL><LI> arm_startup_nrf51.o(RESET)
</UL>
<P><STRONG><a name="[f]"></a>TIMER2_IRQHandler</STRONG> (Thumb, 0 bytes, Stack size 0 bytes, arm_startup_nrf51.o(.text))
<BR>[Address Reference Count : 1]<UL><LI> arm_startup_nrf51.o(RESET)
</UL>
<P><STRONG><a name="[15]"></a>WDT_IRQHandler</STRONG> (Thumb, 0 bytes, Stack size 0 bytes, arm_startup_nrf51.o(.text))
<BR>[Address Reference Count : 1]<UL><LI> arm_startup_nrf51.o(RESET)
</UL>
<P><STRONG><a name="[d5]"></a>__aeabi_uidiv</STRONG> (Thumb, 0 bytes, Stack size 12 bytes, uidiv.o(.text), UNUSED)

<P><STRONG><a name="[4f]"></a>__aeabi_uidivmod</STRONG> (Thumb, 44 bytes, Stack size 12 bytes, uidiv.o(.text))
<BR><BR>[Stack]<UL><LI>Max Depth = 12<LI>Call Chain = __aeabi_uidivmod
</UL>
<BR>[Called By]<UL><LI><a href="#[91]">&gt;&gt;</a>&nbsp;&nbsp;&nbsp;bsp_led_indication
<LI><a href="#[2c]">&gt;&gt;</a>&nbsp;&nbsp;&nbsp;timer_stim_freq_handler
<LI><a href="#[4d]">&gt;&gt;</a>&nbsp;&nbsp;&nbsp;_printf_core
</UL>

<P><STRONG><a name="[9e]"></a>__aeabi_memcpy</STRONG> (Thumb, 36 bytes, Stack size 0 bytes, memcpya.o(.text))
<BR><BR>[Called By]<UL><LI><a href="#[7e]">&gt;&gt;</a>&nbsp;&nbsp;&nbsp;on_characteristic_discovery_rsp
<LI><a href="#[9c]">&gt;&gt;</a>&nbsp;&nbsp;&nbsp;discovery_complete_evt_trigger
</UL>

<P><STRONG><a name="[6c]"></a>__aeabi_memcpy4</STRONG> (Thumb, 0 bytes, Stack size 0 bytes, memcpya.o(.text))
<BR><BR>[Called By]<UL><LI><a href="#[6a]">&gt;&gt;</a>&nbsp;&nbsp;&nbsp;app_uart_init
</UL>

<P><STRONG><a name="[d6]"></a>__aeabi_memcpy8</STRONG> (Thumb, 0 bytes, Stack size 0 bytes, memcpya.o(.text), UNUSED)

<P><STRONG><a name="[34]"></a>__aeabi_memset</STRONG> (Thumb, 14 bytes, Stack size 0 bytes, memseta.o(.text))
<BR><BR>[Called By]<UL><LI><a href="#[35]">&gt;&gt;</a>&nbsp;&nbsp;&nbsp;_memset$wrapper
<LI><a href="#[33]">&gt;&gt;</a>&nbsp;&nbsp;&nbsp;__aeabi_memclr
</UL>

<P><STRONG><a name="[d7]"></a>__aeabi_memset4</STRONG> (Thumb, 0 bytes, Stack size 0 bytes, memseta.o(.text), UNUSED)

<P><STRONG><a name="[d8]"></a>__aeabi_memset8</STRONG> (Thumb, 0 bytes, Stack size 0 bytes, memseta.o(.text), UNUSED)

<P><STRONG><a name="[33]"></a>__aeabi_memclr</STRONG> (Thumb, 4 bytes, Stack size 0 bytes, memseta.o(.text))
<BR><BR>[Calls]<UL><LI><a href="#[34]">&gt;&gt;</a>&nbsp;&nbsp;&nbsp;__aeabi_memset
</UL>
<BR>[Called By]<UL><LI><a href="#[7c]">&gt;&gt;</a>&nbsp;&nbsp;&nbsp;ble_db_discovery_on_ble_evt
</UL>

<P><STRONG><a name="[d9]"></a>__aeabi_memclr4</STRONG> (Thumb, 0 bytes, Stack size 0 bytes, memseta.o(.text), UNUSED)

<P><STRONG><a name="[da]"></a>__aeabi_memclr8</STRONG> (Thumb, 0 bytes, Stack size 0 bytes, memseta.o(.text), UNUSED)

<P><STRONG><a name="[35]"></a>_memset$wrapper</STRONG> (Thumb, 18 bytes, Stack size 8 bytes, memseta.o(.text), UNUSED)
<BR><BR>[Calls]<UL><LI><a href="#[34]">&gt;&gt;</a>&nbsp;&nbsp;&nbsp;__aeabi_memset
</UL>

<P><STRONG><a name="[31]"></a>__scatterload</STRONG> (Thumb, 28 bytes, Stack size 0 bytes, init.o(.text))
<BR><BR>[Calls]<UL><LI><a href="#[36]">&gt;&gt;</a>&nbsp;&nbsp;&nbsp;__main_after_scatterload
</UL>
<BR>[Called By]<UL><LI><a href="#[30]">&gt;&gt;</a>&nbsp;&nbsp;&nbsp;_main_scatterload
</UL>

<P><STRONG><a name="[db]"></a>__scatterload_rt2</STRONG> (Thumb, 0 bytes, Stack size 0 bytes, init.o(.text), UNUSED)

<P><STRONG><a name="[b]"></a>GPIOTE_IRQHandler</STRONG> (Thumb, 378 bytes, Stack size 48 bytes, nrf_drv_gpiote.o(i.GPIOTE_IRQHandler))
<BR><BR>[Stack]<UL><LI>Max Depth = 56<LI>Call Chain = GPIOTE_IRQHandler &rArr; nrf_gpiote_event_is_set
</UL>
<BR>[Calls]<UL><LI><a href="#[37]">&gt;&gt;</a>&nbsp;&nbsp;&nbsp;nrf_gpiote_event_is_set
<LI><a href="#[38]">&gt;&gt;</a>&nbsp;&nbsp;&nbsp;nrf_gpiote_event_clear
<LI><a href="#[3b]">&gt;&gt;</a>&nbsp;&nbsp;&nbsp;nrf_gpio_cfg_sense_set
<LI><a href="#[3a]">&gt;&gt;</a>&nbsp;&nbsp;&nbsp;channel_port_get
<LI><a href="#[39]">&gt;&gt;</a>&nbsp;&nbsp;&nbsp;channel_handler_get
</UL>
<BR>[Address Reference Count : 1]<UL><LI> arm_startup_nrf51.o(RESET)
</UL>
<P><STRONG><a name="[16]"></a>RTC1_IRQHandler</STRONG> (Thumb, 34 bytes, Stack size 8 bytes, app_timer.o(i.RTC1_IRQHandler))
<BR><BR>[Stack]<UL><LI>Max Depth = 200<LI>Call Chain = RTC1_IRQHandler &rArr; timer_timeouts_check &rArr; timeout_handler_exec &rArr; app_error_handler &rArr; bsp_indication_set &rArr; bsp_led_indication &rArr; app_timer_start &rArr; timer_start_op_schedule &rArr; user_op_alloc
</UL>
<BR>[Calls]<UL><LI><a href="#[3c]">&gt;&gt;</a>&nbsp;&nbsp;&nbsp;timer_timeouts_check
</UL>
<BR>[Address Reference Count : 1]<UL><LI> arm_startup_nrf51.o(RESET)
</UL>
<P><STRONG><a name="[19]"></a>SWI0_IRQHandler</STRONG> (Thumb, 8 bytes, Stack size 8 bytes, app_timer.o(i.SWI0_IRQHandler))
<BR><BR>[Stack]<UL><LI>Max Depth = 80<LI>Call Chain = SWI0_IRQHandler &rArr; timer_list_handler &rArr; list_insertions_handler &rArr; timer_list_insert
</UL>
<BR>[Calls]<UL><LI><a href="#[3d]">&gt;&gt;</a>&nbsp;&nbsp;&nbsp;timer_list_handler
</UL>
<BR>[Address Reference Count : 1]<UL><LI> arm_startup_nrf51.o(RESET)
</UL>
<P><STRONG><a name="[1b]"></a>SWI2_IRQHandler</STRONG> (Thumb, 52 bytes, Stack size 16 bytes, softdevice_handler.o(i.SWI2_IRQHandler))
<BR><BR>[Stack]<UL><LI>Max Depth = 192<LI>Call Chain = SWI2_IRQHandler &rArr; intern_softdevice_events_execute &rArr; app_error_handler &rArr; bsp_indication_set &rArr; bsp_led_indication &rArr; app_timer_start &rArr; timer_start_op_schedule &rArr; user_op_alloc
</UL>
<BR>[Calls]<UL><LI><a href="#[3e]">&gt;&gt;</a>&nbsp;&nbsp;&nbsp;app_error_handler
<LI><a href="#[3f]">&gt;&gt;</a>&nbsp;&nbsp;&nbsp;intern_softdevice_events_execute
</UL>
<BR>[Address Reference Count : 1]<UL><LI> arm_startup_nrf51.o(RESET)
</UL>
<P><STRONG><a name="[20]"></a>SystemInit</STRONG> (Thumb, 38 bytes, Stack size 8 bytes, system_nrf51.o(i.SystemInit))
<BR><BR>[Stack]<UL><LI>Max Depth = 8<LI>Call Chain = SystemInit
</UL>
<BR>[Calls]<UL><LI><a href="#[40]">&gt;&gt;</a>&nbsp;&nbsp;&nbsp;is_manual_peripheral_setup_needed
<LI><a href="#[41]">&gt;&gt;</a>&nbsp;&nbsp;&nbsp;is_disabled_in_debug_needed
</UL>
<BR>[Address Reference Count : 1]<UL><LI> arm_startup_nrf51.o(.text)
</UL>
<P><STRONG><a name="[8]"></a>UART0_IRQHandler</STRONG> (Thumb, 304 bytes, Stack size 24 bytes, nrf_drv_uart.o(i.UART0_IRQHandler))
<BR><BR>[Stack]<UL><LI>Max Depth = 48<LI>Call Chain = UART0_IRQHandler &rArr; tx_done_event
</UL>
<BR>[Calls]<UL><LI><a href="#[4b]">&gt;&gt;</a>&nbsp;&nbsp;&nbsp;tx_done_event
<LI><a href="#[4a]">&gt;&gt;</a>&nbsp;&nbsp;&nbsp;tx_byte
<LI><a href="#[49]">&gt;&gt;</a>&nbsp;&nbsp;&nbsp;rx_done_event
<LI><a href="#[48]">&gt;&gt;</a>&nbsp;&nbsp;&nbsp;rx_byte
<LI><a href="#[46]">&gt;&gt;</a>&nbsp;&nbsp;&nbsp;nrf_uart_task_trigger
<LI><a href="#[42]">&gt;&gt;</a>&nbsp;&nbsp;&nbsp;nrf_uart_int_enable_check
<LI><a href="#[45]">&gt;&gt;</a>&nbsp;&nbsp;&nbsp;nrf_uart_int_disable
<LI><a href="#[44]">&gt;&gt;</a>&nbsp;&nbsp;&nbsp;nrf_uart_event_clear
<LI><a href="#[43]">&gt;&gt;</a>&nbsp;&nbsp;&nbsp;nrf_uart_event_check
<LI><a href="#[47]">&gt;&gt;</a>&nbsp;&nbsp;&nbsp;nrf_uart_errorsrc_get_and_clear
</UL>
<BR>[Address Reference Count : 1]<UL><LI> arm_startup_nrf51.o(RESET)
</UL>
<P><STRONG><a name="[4c]"></a>__0printf$3</STRONG> (Thumb, 24 bytes, Stack size 24 bytes, printf3.o(i.__0printf$3), UNUSED)
<BR><BR>[Calls]<UL><LI><a href="#[4d]">&gt;&gt;</a>&nbsp;&nbsp;&nbsp;_printf_core
</UL>

<P><STRONG><a name="[dc]"></a>__1printf$3</STRONG> (Thumb, 0 bytes, Stack size 24 bytes, printf3.o(i.__0printf$3), UNUSED)

<P><STRONG><a name="[77]"></a>__2printf</STRONG> (Thumb, 0 bytes, Stack size 24 bytes, printf3.o(i.__0printf$3))
<BR><BR>[Stack]<UL><LI>Max Depth = 24<LI>Call Chain = __2printf
</UL>
<BR>[Called By]<UL><LI><a href="#[1f]">&gt;&gt;</a>&nbsp;&nbsp;&nbsp;main
<LI><a href="#[a1]">&gt;&gt;</a>&nbsp;&nbsp;&nbsp;gpiote_init
<LI><a href="#[2a]">&gt;&gt;</a>&nbsp;&nbsp;&nbsp;audio_stimulus_handler
<LI><a href="#[2c]">&gt;&gt;</a>&nbsp;&nbsp;&nbsp;timer_stim_freq_handler
</UL>

<P><STRONG><a name="[4e]"></a>__0sprintf$3</STRONG> (Thumb, 36 bytes, Stack size 24 bytes, printf3.o(i.__0sprintf$3), UNUSED)
<BR><BR>[Calls]<UL><LI><a href="#[23]">&gt;&gt;</a>&nbsp;&nbsp;&nbsp;_sputc
<LI><a href="#[4d]">&gt;&gt;</a>&nbsp;&nbsp;&nbsp;_printf_core
</UL>

<P><STRONG><a name="[dd]"></a>__1sprintf$3</STRONG> (Thumb, 0 bytes, Stack size 24 bytes, printf3.o(i.__0sprintf$3), UNUSED)

<P><STRONG><a name="[ce]"></a>__2sprintf</STRONG> (Thumb, 0 bytes, Stack size 24 bytes, printf3.o(i.__0sprintf$3))
<BR><BR>[Stack]<UL><LI>Max Depth = 24<LI>Call Chain = __2sprintf
</UL>
<BR>[Called By]<UL><LI><a href="#[2b]">&gt;&gt;</a>&nbsp;&nbsp;&nbsp;visual_stimulus_handler
</UL>

<P><STRONG><a name="[94]"></a>__ARM_common_switch8</STRONG> (Thumb, 28 bytes, Stack size 8 bytes, bsp.o(i.__ARM_common_switch8))
<BR><BR>[Stack]<UL><LI>Max Depth = 8<LI>Call Chain = __ARM_common_switch8
</UL>
<BR>[Called By]<UL><LI><a href="#[91]">&gt;&gt;</a>&nbsp;&nbsp;&nbsp;bsp_led_indication
</UL>

<P><STRONG><a name="[de]"></a>__scatterload_copy</STRONG> (Thumb, 14 bytes, Stack size unknown bytes, handlers.o(i.__scatterload_copy), UNUSED)

<P><STRONG><a name="[df]"></a>__scatterload_null</STRONG> (Thumb, 2 bytes, Stack size unknown bytes, handlers.o(i.__scatterload_null), UNUSED)

<P><STRONG><a name="[e0]"></a>__scatterload_zeroinit</STRONG> (Thumb, 14 bytes, Stack size unknown bytes, handlers.o(i.__scatterload_zeroinit), UNUSED)

<P><STRONG><a name="[3e]"></a>app_error_handler</STRONG> (Thumb, 48 bytes, Stack size 24 bytes, app_error.o(i.app_error_handler))
<BR><BR>[Stack]<UL><LI>Max Depth = 152<LI>Call Chain = app_error_handler &rArr; bsp_indication_set &rArr; bsp_led_indication &rArr; app_timer_start &rArr; timer_start_op_schedule &rArr; user_op_alloc
</UL>
<BR>[Calls]<UL><LI><a href="#[52]">&gt;&gt;</a>&nbsp;&nbsp;&nbsp;bsp_indication_set
</UL>
<BR>[Called By]<UL><LI><a href="#[2f]">&gt;&gt;</a>&nbsp;&nbsp;&nbsp;uart_event_handle
<LI><a href="#[1f]">&gt;&gt;</a>&nbsp;&nbsp;&nbsp;main
<LI><a href="#[a1]">&gt;&gt;</a>&nbsp;&nbsp;&nbsp;gpiote_init
<LI><a href="#[29]">&gt;&gt;</a>&nbsp;&nbsp;&nbsp;bsp_event_handler
<LI><a href="#[2a]">&gt;&gt;</a>&nbsp;&nbsp;&nbsp;audio_stimulus_handler
<LI><a href="#[ac]">&gt;&gt;</a>&nbsp;&nbsp;&nbsp;uart_init
<LI><a href="#[2c]">&gt;&gt;</a>&nbsp;&nbsp;&nbsp;timer_stim_freq_handler
<LI><a href="#[90]">&gt;&gt;</a>&nbsp;&nbsp;&nbsp;sleep_mode_enter
<LI><a href="#[84]">&gt;&gt;</a>&nbsp;&nbsp;&nbsp;scan_start
<LI><a href="#[af]">&gt;&gt;</a>&nbsp;&nbsp;&nbsp;power_manage
<LI><a href="#[80]">&gt;&gt;</a>&nbsp;&nbsp;&nbsp;on_ble_evt
<LI><a href="#[ae]">&gt;&gt;</a>&nbsp;&nbsp;&nbsp;nus_c_init
<LI><a href="#[95]">&gt;&gt;</a>&nbsp;&nbsp;&nbsp;buttons_leds_init
<LI><a href="#[88]">&gt;&gt;</a>&nbsp;&nbsp;&nbsp;ble_stack_init
<LI><a href="#[2d]">&gt;&gt;</a>&nbsp;&nbsp;&nbsp;ble_nus_c_evt_handler
<LI><a href="#[3f]">&gt;&gt;</a>&nbsp;&nbsp;&nbsp;intern_softdevice_events_execute
<LI><a href="#[1b]">&gt;&gt;</a>&nbsp;&nbsp;&nbsp;SWI2_IRQHandler
<LI><a href="#[c5]">&gt;&gt;</a>&nbsp;&nbsp;&nbsp;timeout_handler_exec
</UL>

<P><STRONG><a name="[53]"></a>app_fifo_get</STRONG> (Thumb, 32 bytes, Stack size 16 bytes, app_fifo.o(i.app_fifo_get))
<BR><BR>[Stack]<UL><LI>Max Depth = 16<LI>Call Chain = app_fifo_get
</UL>
<BR>[Calls]<UL><LI><a href="#[54]">&gt;&gt;</a>&nbsp;&nbsp;&nbsp;fifo_length
<LI><a href="#[55]">&gt;&gt;</a>&nbsp;&nbsp;&nbsp;fifo_get
</UL>
<BR>[Called By]<UL><LI><a href="#[67]">&gt;&gt;</a>&nbsp;&nbsp;&nbsp;app_uart_get
<LI><a href="#[24]">&gt;&gt;</a>&nbsp;&nbsp;&nbsp;uart_event_handler
</UL>

<P><STRONG><a name="[6b]"></a>app_fifo_init</STRONG> (Thumb, 42 bytes, Stack size 0 bytes, app_fifo.o(i.app_fifo_init))
<BR><BR>[Called By]<UL><LI><a href="#[6a]">&gt;&gt;</a>&nbsp;&nbsp;&nbsp;app_uart_init
</UL>

<P><STRONG><a name="[56]"></a>app_fifo_put</STRONG> (Thumb, 34 bytes, Stack size 16 bytes, app_fifo.o(i.app_fifo_put))
<BR><BR>[Stack]<UL><LI>Max Depth = 16<LI>Call Chain = app_fifo_put
</UL>
<BR>[Calls]<UL><LI><a href="#[57]">&gt;&gt;</a>&nbsp;&nbsp;&nbsp;fifo_put
<LI><a href="#[54]">&gt;&gt;</a>&nbsp;&nbsp;&nbsp;fifo_length
</UL>
<BR>[Called By]<UL><LI><a href="#[6f]">&gt;&gt;</a>&nbsp;&nbsp;&nbsp;app_uart_put
<LI><a href="#[24]">&gt;&gt;</a>&nbsp;&nbsp;&nbsp;uart_event_handler
</UL>

<P><STRONG><a name="[58]"></a>app_timer_cnt_diff_compute</STRONG> (Thumb, 22 bytes, Stack size 16 bytes, app_timer.o(i.app_timer_cnt_diff_compute))
<BR><BR>[Stack]<UL><LI>Max Depth = 16<LI>Call Chain = app_timer_cnt_diff_compute
</UL>
<BR>[Calls]<UL><LI><a href="#[59]">&gt;&gt;</a>&nbsp;&nbsp;&nbsp;ticks_diff_get
</UL>
<BR>[Called By]<UL><LI><a href="#[2a]">&gt;&gt;</a>&nbsp;&nbsp;&nbsp;audio_stimulus_handler
</UL>

<P><STRONG><a name="[5a]"></a>app_timer_cnt_get</STRONG> (Thumb, 14 bytes, Stack size 8 bytes, app_timer.o(i.app_timer_cnt_get))
<BR><BR>[Stack]<UL><LI>Max Depth = 8<LI>Call Chain = app_timer_cnt_get
</UL>
<BR>[Calls]<UL><LI><a href="#[5b]">&gt;&gt;</a>&nbsp;&nbsp;&nbsp;rtc1_counter_get
</UL>
<BR>[Called By]<UL><LI><a href="#[2a]">&gt;&gt;</a>&nbsp;&nbsp;&nbsp;audio_stimulus_handler
<LI><a href="#[2c]">&gt;&gt;</a>&nbsp;&nbsp;&nbsp;timer_stim_freq_handler
</UL>

<P><STRONG><a name="[93]"></a>app_timer_create</STRONG> (Thumb, 60 bytes, Stack size 8 bytes, app_timer.o(i.app_timer_create))
<BR><BR>[Stack]<UL><LI>Max Depth = 8<LI>Call Chain = app_timer_create
</UL>
<BR>[Called By]<UL><LI><a href="#[92]">&gt;&gt;</a>&nbsp;&nbsp;&nbsp;bsp_init
<LI><a href="#[1f]">&gt;&gt;</a>&nbsp;&nbsp;&nbsp;main
</UL>

<P><STRONG><a name="[5c]"></a>app_timer_init</STRONG> (Thumb, 156 bytes, Stack size 40 bytes, app_timer.o(i.app_timer_init))
<BR><BR>[Stack]<UL><LI>Max Depth = 56<LI>Call Chain = app_timer_init &rArr; rtc1_init &rArr; NVIC_SetPriority
</UL>
<BR>[Calls]<UL><LI><a href="#[5d]">&gt;&gt;</a>&nbsp;&nbsp;&nbsp;rtc1_stop
<LI><a href="#[61]">&gt;&gt;</a>&nbsp;&nbsp;&nbsp;rtc1_init
<LI><a href="#[5b]">&gt;&gt;</a>&nbsp;&nbsp;&nbsp;rtc1_counter_get
<LI><a href="#[5f]">&gt;&gt;</a>&nbsp;&nbsp;&nbsp;NVIC_SetPriority
<LI><a href="#[60]">&gt;&gt;</a>&nbsp;&nbsp;&nbsp;NVIC_EnableIRQ
<LI><a href="#[5e]">&gt;&gt;</a>&nbsp;&nbsp;&nbsp;NVIC_ClearPendingIRQ
</UL>
<BR>[Called By]<UL><LI><a href="#[1f]">&gt;&gt;</a>&nbsp;&nbsp;&nbsp;main
</UL>

<P><STRONG><a name="[62]"></a>app_timer_start</STRONG> (Thumb, 82 bytes, Stack size 32 bytes, app_timer.o(i.app_timer_start))
<BR><BR>[Stack]<UL><LI>Max Depth = 88<LI>Call Chain = app_timer_start &rArr; timer_start_op_schedule &rArr; user_op_alloc
</UL>
<BR>[Calls]<UL><LI><a href="#[63]">&gt;&gt;</a>&nbsp;&nbsp;&nbsp;user_id_get
<LI><a href="#[64]">&gt;&gt;</a>&nbsp;&nbsp;&nbsp;timer_start_op_schedule
</UL>
<BR>[Called By]<UL><LI><a href="#[91]">&gt;&gt;</a>&nbsp;&nbsp;&nbsp;bsp_led_indication
<LI><a href="#[2a]">&gt;&gt;</a>&nbsp;&nbsp;&nbsp;audio_stimulus_handler
<LI><a href="#[2c]">&gt;&gt;</a>&nbsp;&nbsp;&nbsp;timer_stim_freq_handler
</UL>

<P><STRONG><a name="[65]"></a>app_timer_stop</STRONG> (Thumb, 50 bytes, Stack size 16 bytes, app_timer.o(i.app_timer_stop))
<BR><BR>[Stack]<UL><LI>Max Depth = 56<LI>Call Chain = app_timer_stop &rArr; timer_stop_op_schedule &rArr; user_op_alloc
</UL>
<BR>[Calls]<UL><LI><a href="#[63]">&gt;&gt;</a>&nbsp;&nbsp;&nbsp;user_id_get
<LI><a href="#[66]">&gt;&gt;</a>&nbsp;&nbsp;&nbsp;timer_stop_op_schedule
</UL>
<BR>[Called By]<UL><LI><a href="#[91]">&gt;&gt;</a>&nbsp;&nbsp;&nbsp;bsp_led_indication
<LI><a href="#[2c]">&gt;&gt;</a>&nbsp;&nbsp;&nbsp;timer_stim_freq_handler
</UL>

<P><STRONG><a name="[67]"></a>app_uart_get</STRONG> (Thumb, 48 bytes, Stack size 16 bytes, app_uart_fifo.o(i.app_uart_get))
<BR><BR>[Stack]<UL><LI>Max Depth = 56<LI>Call Chain = app_uart_get &rArr; nrf_drv_uart_rx &rArr; rx_enable
</UL>
<BR>[Calls]<UL><LI><a href="#[53]">&gt;&gt;</a>&nbsp;&nbsp;&nbsp;app_fifo_get
<LI><a href="#[68]">&gt;&gt;</a>&nbsp;&nbsp;&nbsp;fifo_length
<LI><a href="#[69]">&gt;&gt;</a>&nbsp;&nbsp;&nbsp;nrf_drv_uart_rx
</UL>
<BR>[Called By]<UL><LI><a href="#[2f]">&gt;&gt;</a>&nbsp;&nbsp;&nbsp;uart_event_handle
</UL>

<P><STRONG><a name="[6a]"></a>app_uart_init</STRONG> (Thumb, 168 bytes, Stack size 72 bytes, app_uart_fifo.o(i.app_uart_init))
<BR><BR>[Stack]<UL><LI>Max Depth = 148<LI>Call Chain = app_uart_init &rArr; nrf_drv_uart_init &rArr; apply_config &rArr; nrf_gpio_cfg_input &rArr; nrf_gpio_cfg
</UL>
<BR>[Calls]<UL><LI><a href="#[6b]">&gt;&gt;</a>&nbsp;&nbsp;&nbsp;app_fifo_init
<LI><a href="#[6e]">&gt;&gt;</a>&nbsp;&nbsp;&nbsp;nrf_drv_uart_rx_enable
<LI><a href="#[69]">&gt;&gt;</a>&nbsp;&nbsp;&nbsp;nrf_drv_uart_rx
<LI><a href="#[6d]">&gt;&gt;</a>&nbsp;&nbsp;&nbsp;nrf_drv_uart_init
<LI><a href="#[6c]">&gt;&gt;</a>&nbsp;&nbsp;&nbsp;__aeabi_memcpy4
</UL>
<BR>[Called By]<UL><LI><a href="#[ac]">&gt;&gt;</a>&nbsp;&nbsp;&nbsp;uart_init
</UL>

<P><STRONG><a name="[6f]"></a>app_uart_put</STRONG> (Thumb, 34 bytes, Stack size 16 bytes, app_uart_fifo.o(i.app_uart_put))
<BR><BR>[Stack]<UL><LI>Max Depth = 40<LI>Call Chain = app_uart_put &rArr; nrf_drv_uart_tx &rArr; tx_byte
</UL>
<BR>[Calls]<UL><LI><a href="#[56]">&gt;&gt;</a>&nbsp;&nbsp;&nbsp;app_fifo_put
<LI><a href="#[70]">&gt;&gt;</a>&nbsp;&nbsp;&nbsp;nrf_drv_uart_tx
</UL>
<BR>[Called By]<UL><LI><a href="#[2d]">&gt;&gt;</a>&nbsp;&nbsp;&nbsp;ble_nus_c_evt_handler
<LI><a href="#[22]">&gt;&gt;</a>&nbsp;&nbsp;&nbsp;fputc
</UL>

<P><STRONG><a name="[2a]"></a>audio_stimulus_handler</STRONG> (Thumb, 272 bytes, Stack size 16 bytes, main.o(i.audio_stimulus_handler))
<BR><BR>[Stack]<UL><LI>Max Depth = 168<LI>Call Chain = audio_stimulus_handler &rArr; app_error_handler &rArr; bsp_indication_set &rArr; bsp_led_indication &rArr; app_timer_start &rArr; timer_start_op_schedule &rArr; user_op_alloc
</UL>
<BR>[Calls]<UL><LI><a href="#[62]">&gt;&gt;</a>&nbsp;&nbsp;&nbsp;app_timer_start
<LI><a href="#[5a]">&gt;&gt;</a>&nbsp;&nbsp;&nbsp;app_timer_cnt_get
<LI><a href="#[58]">&gt;&gt;</a>&nbsp;&nbsp;&nbsp;app_timer_cnt_diff_compute
<LI><a href="#[3e]">&gt;&gt;</a>&nbsp;&nbsp;&nbsp;app_error_handler
<LI><a href="#[77]">&gt;&gt;</a>&nbsp;&nbsp;&nbsp;__2printf
</UL>
<BR>[Address Reference Count : 1]<UL><LI> main.o(i.gpiote_init)
</UL>
<P><STRONG><a name="[78]"></a>average_tick</STRONG> (Thumb, 16 bytes, Stack size 16 bytes, main.o(i.average_tick))
<BR><BR>[Stack]<UL><LI>Max Depth = 68<LI>Call Chain = average_tick &rArr; median_tick &rArr; quicksort &rArr;  quicksort (Cycle)
</UL>
<BR>[Calls]<UL><LI><a href="#[79]">&gt;&gt;</a>&nbsp;&nbsp;&nbsp;median_tick
</UL>
<BR>[Called By]<UL><LI><a href="#[2c]">&gt;&gt;</a>&nbsp;&nbsp;&nbsp;timer_stim_freq_handler
</UL>

<P><STRONG><a name="[7a]"></a>ble_db_discovery_evt_register</STRONG> (Thumb, 52 bytes, Stack size 16 bytes, ble_db_discovery.o(i.ble_db_discovery_evt_register))
<BR><BR>[Stack]<UL><LI>Max Depth = 16<LI>Call Chain = ble_db_discovery_evt_register
</UL>
<BR>[Calls]<UL><LI><a href="#[7b]">&gt;&gt;</a>&nbsp;&nbsp;&nbsp;registered_handler_set
</UL>
<BR>[Called By]<UL><LI><a href="#[85]">&gt;&gt;</a>&nbsp;&nbsp;&nbsp;ble_nus_c_init
</UL>

<P><STRONG><a name="[ad]"></a>ble_db_discovery_init</STRONG> (Thumb, 20 bytes, Stack size 0 bytes, ble_db_discovery.o(i.ble_db_discovery_init))
<BR><BR>[Called By]<UL><LI><a href="#[1f]">&gt;&gt;</a>&nbsp;&nbsp;&nbsp;main
</UL>

<P><STRONG><a name="[7c]"></a>ble_db_discovery_on_ble_evt</STRONG> (Thumb, 118 bytes, Stack size 16 bytes, ble_db_discovery.o(i.ble_db_discovery_on_ble_evt))
<BR><BR>[Stack]<UL><LI>Max Depth = 128<LI>Call Chain = ble_db_discovery_on_ble_evt &rArr; on_characteristic_discovery_rsp &rArr; descriptors_discover &rArr; is_desc_discovery_reqd
</UL>
<BR>[Calls]<UL><LI><a href="#[7d]">&gt;&gt;</a>&nbsp;&nbsp;&nbsp;on_primary_srv_discovery_rsp
<LI><a href="#[7f]">&gt;&gt;</a>&nbsp;&nbsp;&nbsp;on_descriptor_discovery_rsp
<LI><a href="#[7e]">&gt;&gt;</a>&nbsp;&nbsp;&nbsp;on_characteristic_discovery_rsp
<LI><a href="#[33]">&gt;&gt;</a>&nbsp;&nbsp;&nbsp;__aeabi_memclr
</UL>
<BR>[Called By]<UL><LI><a href="#[26]">&gt;&gt;</a>&nbsp;&nbsp;&nbsp;ble_evt_dispatch
</UL>

<P><STRONG><a name="[c0]"></a>ble_db_discovery_start</STRONG> (Thumb, 126 bytes, Stack size 24 bytes, ble_db_discovery.o(i.ble_db_discovery_start))
<BR><BR>[Stack]<UL><LI>Max Depth = 24<LI>Call Chain = ble_db_discovery_start
</UL>
<BR>[Called By]<UL><LI><a href="#[80]">&gt;&gt;</a>&nbsp;&nbsp;&nbsp;on_ble_evt
</UL>

<P><STRONG><a name="[85]"></a>ble_nus_c_init</STRONG> (Thumb, 84 bytes, Stack size 40 bytes, ble_nus_c.o(i.ble_nus_c_init))
<BR><BR>[Stack]<UL><LI>Max Depth = 56<LI>Call Chain = ble_nus_c_init &rArr; ble_db_discovery_evt_register
</UL>
<BR>[Calls]<UL><LI><a href="#[7a]">&gt;&gt;</a>&nbsp;&nbsp;&nbsp;ble_db_discovery_evt_register
</UL>
<BR>[Called By]<UL><LI><a href="#[ae]">&gt;&gt;</a>&nbsp;&nbsp;&nbsp;nus_c_init
</UL>

<P><STRONG><a name="[82]"></a>ble_nus_c_on_ble_evt</STRONG> (Thumb, 94 bytes, Stack size 24 bytes, ble_nus_c.o(i.ble_nus_c_on_ble_evt))
<BR><BR>[Stack]<UL><LI>Max Depth = 48<LI>Call Chain = ble_nus_c_on_ble_evt &rArr; on_hvx
</UL>
<BR>[Calls]<UL><LI><a href="#[86]">&gt;&gt;</a>&nbsp;&nbsp;&nbsp;on_hvx
</UL>
<BR>[Called By]<UL><LI><a href="#[26]">&gt;&gt;</a>&nbsp;&nbsp;&nbsp;ble_evt_dispatch
</UL>

<P><STRONG><a name="[83]"></a>ble_nus_c_rx_notif_enable</STRONG> (Thumb, 42 bytes, Stack size 8 bytes, ble_nus_c.o(i.ble_nus_c_rx_notif_enable))
<BR><BR>[Stack]<UL><LI>Max Depth = 40<LI>Call Chain = ble_nus_c_rx_notif_enable &rArr; cccd_configure
</UL>
<BR>[Calls]<UL><LI><a href="#[87]">&gt;&gt;</a>&nbsp;&nbsp;&nbsp;cccd_configure
</UL>
<BR>[Called By]<UL><LI><a href="#[2d]">&gt;&gt;</a>&nbsp;&nbsp;&nbsp;ble_nus_c_evt_handler
</UL>

<P><STRONG><a name="[cc]"></a>ble_nus_c_string_send</STRONG> (Thumb, 62 bytes, Stack size 32 bytes, ble_nus_c.o(i.ble_nus_c_string_send))
<BR><BR>[Stack]<UL><LI>Max Depth = 32<LI>Call Chain = ble_nus_c_string_send
</UL>
<BR>[Called By]<UL><LI><a href="#[2b]">&gt;&gt;</a>&nbsp;&nbsp;&nbsp;visual_stimulus_handler
<LI><a href="#[2f]">&gt;&gt;</a>&nbsp;&nbsp;&nbsp;uart_event_handle
<LI><a href="#[2c]">&gt;&gt;</a>&nbsp;&nbsp;&nbsp;timer_stim_freq_handler
</UL>

<P><STRONG><a name="[8b]"></a>bsp_btn_ble_init</STRONG> (Thumb, 54 bytes, Stack size 16 bytes, bsp_btn_ble.o(i.bsp_btn_ble_init))
<BR><BR>[Stack]<UL><LI>Max Depth = 40<LI>Call Chain = bsp_btn_ble_init &rArr; startup_event_extract
</UL>
<BR>[Calls]<UL><LI><a href="#[8c]">&gt;&gt;</a>&nbsp;&nbsp;&nbsp;startup_event_extract
<LI><a href="#[50]">&gt;&gt;</a>&nbsp;&nbsp;&nbsp;advertising_buttons_configure
</UL>
<BR>[Called By]<UL><LI><a href="#[95]">&gt;&gt;</a>&nbsp;&nbsp;&nbsp;buttons_leds_init
</UL>

<P><STRONG><a name="[81]"></a>bsp_btn_ble_on_ble_evt</STRONG> (Thumb, 122 bytes, Stack size 16 bytes, bsp_btn_ble.o(i.bsp_btn_ble_on_ble_evt))
<BR><BR>[Stack]<UL><LI>Max Depth = 32<LI>Call Chain = bsp_btn_ble_on_ble_evt &rArr; connection_buttons_configure &rArr; bsp_event_to_button_action_assign
</UL>
<BR>[Calls]<UL><LI><a href="#[8d]">&gt;&gt;</a>&nbsp;&nbsp;&nbsp;connection_buttons_configure
<LI><a href="#[50]">&gt;&gt;</a>&nbsp;&nbsp;&nbsp;advertising_buttons_configure
</UL>
<BR>[Called By]<UL><LI><a href="#[26]">&gt;&gt;</a>&nbsp;&nbsp;&nbsp;ble_evt_dispatch
</UL>

<P><STRONG><a name="[8e]"></a>bsp_btn_ble_sleep_mode_prepare</STRONG> (Thumb, 30 bytes, Stack size 8 bytes, bsp_btn_ble.o(i.bsp_btn_ble_sleep_mode_prepare))
<BR><BR>[Stack]<UL><LI>Max Depth = 8<LI>Call Chain = bsp_btn_ble_sleep_mode_prepare
</UL>
<BR>[Calls]<UL><LI><a href="#[8f]">&gt;&gt;</a>&nbsp;&nbsp;&nbsp;bsp_wakeup_buttons_set
</UL>
<BR>[Called By]<UL><LI><a href="#[90]">&gt;&gt;</a>&nbsp;&nbsp;&nbsp;sleep_mode_enter
</UL>

<P><STRONG><a name="[c4]"></a>bsp_button_is_pressed</STRONG> (Thumb, 8 bytes, Stack size 0 bytes, bsp.o(i.bsp_button_is_pressed))
<BR><BR>[Called By]<UL><LI><a href="#[8c]">&gt;&gt;</a>&nbsp;&nbsp;&nbsp;startup_event_extract
</UL>

<P><STRONG><a name="[29]"></a>bsp_event_handler</STRONG> (Thumb, 66 bytes, Stack size 16 bytes, main.o(i.bsp_event_handler))
<BR><BR>[Stack]<UL><LI>Max Depth = 184<LI>Call Chain = bsp_event_handler &rArr; sleep_mode_enter &rArr; app_error_handler &rArr; bsp_indication_set &rArr; bsp_led_indication &rArr; app_timer_start &rArr; timer_start_op_schedule &rArr; user_op_alloc
</UL>
<BR>[Calls]<UL><LI><a href="#[3e]">&gt;&gt;</a>&nbsp;&nbsp;&nbsp;app_error_handler
<LI><a href="#[90]">&gt;&gt;</a>&nbsp;&nbsp;&nbsp;sleep_mode_enter
</UL>
<BR>[Address Reference Count : 1]<UL><LI> main.o(i.buttons_leds_init)
</UL>
<P><STRONG><a name="[51]"></a>bsp_event_to_button_action_assign</STRONG> (Thumb, 10 bytes, Stack size 8 bytes, bsp.o(i.bsp_event_to_button_action_assign))
<BR><BR>[Stack]<UL><LI>Max Depth = 8<LI>Call Chain = bsp_event_to_button_action_assign
</UL>
<BR>[Called By]<UL><LI><a href="#[8d]">&gt;&gt;</a>&nbsp;&nbsp;&nbsp;connection_buttons_configure
<LI><a href="#[50]">&gt;&gt;</a>&nbsp;&nbsp;&nbsp;advertising_buttons_configure
</UL>

<P><STRONG><a name="[52]"></a>bsp_indication_set</STRONG> (Thumb, 30 bytes, Stack size 16 bytes, bsp.o(i.bsp_indication_set))
<BR><BR>[Stack]<UL><LI>Max Depth = 128<LI>Call Chain = bsp_indication_set &rArr; bsp_led_indication &rArr; app_timer_start &rArr; timer_start_op_schedule &rArr; user_op_alloc
</UL>
<BR>[Calls]<UL><LI><a href="#[91]">&gt;&gt;</a>&nbsp;&nbsp;&nbsp;bsp_led_indication
</UL>
<BR>[Called By]<UL><LI><a href="#[3e]">&gt;&gt;</a>&nbsp;&nbsp;&nbsp;app_error_handler
<LI><a href="#[90]">&gt;&gt;</a>&nbsp;&nbsp;&nbsp;sleep_mode_enter
<LI><a href="#[84]">&gt;&gt;</a>&nbsp;&nbsp;&nbsp;scan_start
<LI><a href="#[80]">&gt;&gt;</a>&nbsp;&nbsp;&nbsp;on_ble_evt
</UL>

<P><STRONG><a name="[92]"></a>bsp_init</STRONG> (Thumb, 84 bytes, Stack size 24 bytes, bsp.o(i.bsp_init))
<BR><BR>[Stack]<UL><LI>Max Depth = 32<LI>Call Chain = bsp_init &rArr; app_timer_create
</UL>
<BR>[Calls]<UL><LI><a href="#[93]">&gt;&gt;</a>&nbsp;&nbsp;&nbsp;app_timer_create
</UL>
<BR>[Called By]<UL><LI><a href="#[95]">&gt;&gt;</a>&nbsp;&nbsp;&nbsp;buttons_leds_init
</UL>

<P><STRONG><a name="[8f]"></a>bsp_wakeup_buttons_set</STRONG> (Thumb, 6 bytes, Stack size 0 bytes, bsp.o(i.bsp_wakeup_buttons_set))
<BR><BR>[Called By]<UL><LI><a href="#[8e]">&gt;&gt;</a>&nbsp;&nbsp;&nbsp;bsp_btn_ble_sleep_mode_prepare
</UL>

<P><STRONG><a name="[22]"></a>fputc</STRONG> (Thumb, 16 bytes, Stack size 16 bytes, retarget.o(i.fputc))
<BR><BR>[Stack]<UL><LI>Max Depth = 56<LI>Call Chain = fputc &rArr; app_uart_put &rArr; nrf_drv_uart_tx &rArr; tx_byte
</UL>
<BR>[Calls]<UL><LI><a href="#[6f]">&gt;&gt;</a>&nbsp;&nbsp;&nbsp;app_uart_put
</UL>
<BR>[Address Reference Count : 1]<UL><LI> printf3.o(i.__0printf$3)
</UL>
<P><STRONG><a name="[a1]"></a>gpiote_init</STRONG> (Thumb, 184 bytes, Stack size 24 bytes, main.o(i.gpiote_init))
<BR><BR>[Stack]<UL><LI>Max Depth = 176<LI>Call Chain = gpiote_init &rArr; app_error_handler &rArr; bsp_indication_set &rArr; bsp_led_indication &rArr; app_timer_start &rArr; timer_start_op_schedule &rArr; user_op_alloc
</UL>
<BR>[Calls]<UL><LI><a href="#[a2]">&gt;&gt;</a>&nbsp;&nbsp;&nbsp;nrf_drv_gpiote_is_init
<LI><a href="#[a3]">&gt;&gt;</a>&nbsp;&nbsp;&nbsp;nrf_drv_gpiote_init
<LI><a href="#[a4]">&gt;&gt;</a>&nbsp;&nbsp;&nbsp;nrf_drv_gpiote_in_init
<LI><a href="#[a7]">&gt;&gt;</a>&nbsp;&nbsp;&nbsp;nrf_drv_gpiote_in_event_enable
<LI><a href="#[a6]">&gt;&gt;</a>&nbsp;&nbsp;&nbsp;nrf_drv_gpiote_in_event_addr_get
<LI><a href="#[3e]">&gt;&gt;</a>&nbsp;&nbsp;&nbsp;app_error_handler
<LI><a href="#[a5]">&gt;&gt;</a>&nbsp;&nbsp;&nbsp;NVIC_SetPriority
<LI><a href="#[77]">&gt;&gt;</a>&nbsp;&nbsp;&nbsp;__2printf
</UL>
<BR>[Called By]<UL><LI><a href="#[1f]">&gt;&gt;</a>&nbsp;&nbsp;&nbsp;main
</UL>

<P><STRONG><a name="[3f]"></a>intern_softdevice_events_execute</STRONG> (Thumb, 168 bytes, Stack size 24 bytes, softdevice_handler.o(i.intern_softdevice_events_execute))
<BR><BR>[Stack]<UL><LI>Max Depth = 176<LI>Call Chain = intern_softdevice_events_execute &rArr; app_error_handler &rArr; bsp_indication_set &rArr; bsp_led_indication &rArr; app_timer_start &rArr; timer_start_op_schedule &rArr; user_op_alloc
</UL>
<BR>[Calls]<UL><LI><a href="#[3e]">&gt;&gt;</a>&nbsp;&nbsp;&nbsp;app_error_handler
</UL>
<BR>[Called By]<UL><LI><a href="#[1b]">&gt;&gt;</a>&nbsp;&nbsp;&nbsp;SWI2_IRQHandler
</UL>

<P><STRONG><a name="[1f]"></a>main</STRONG> (Thumb, 172 bytes, Stack size 0 bytes, main.o(i.main))
<BR><BR>[Stack]<UL><LI>Max Depth = 192<LI>Call Chain = main &rArr; uart_init &rArr; app_error_handler &rArr; bsp_indication_set &rArr; bsp_led_indication &rArr; app_timer_start &rArr; timer_start_op_schedule &rArr; user_op_alloc
</UL>
<BR>[Calls]<UL><LI><a href="#[ad]">&gt;&gt;</a>&nbsp;&nbsp;&nbsp;ble_db_discovery_init
<LI><a href="#[5c]">&gt;&gt;</a>&nbsp;&nbsp;&nbsp;app_timer_init
<LI><a href="#[93]">&gt;&gt;</a>&nbsp;&nbsp;&nbsp;app_timer_create
<LI><a href="#[3e]">&gt;&gt;</a>&nbsp;&nbsp;&nbsp;app_error_handler
<LI><a href="#[a1]">&gt;&gt;</a>&nbsp;&nbsp;&nbsp;gpiote_init
<LI><a href="#[ac]">&gt;&gt;</a>&nbsp;&nbsp;&nbsp;uart_init
<LI><a href="#[84]">&gt;&gt;</a>&nbsp;&nbsp;&nbsp;scan_start
<LI><a href="#[af]">&gt;&gt;</a>&nbsp;&nbsp;&nbsp;power_manage
<LI><a href="#[ae]">&gt;&gt;</a>&nbsp;&nbsp;&nbsp;nus_c_init
<LI><a href="#[95]">&gt;&gt;</a>&nbsp;&nbsp;&nbsp;buttons_leds_init
<LI><a href="#[88]">&gt;&gt;</a>&nbsp;&nbsp;&nbsp;ble_stack_init
<LI><a href="#[77]">&gt;&gt;</a>&nbsp;&nbsp;&nbsp;__2printf
</UL>
<BR>[Address Reference Count : 1]<UL><LI> entry9a.o(.ARM.Collect$$$$0000000B)
</UL>
<P><STRONG><a name="[79]"></a>median_tick</STRONG> (Thumb, 52 bytes, Stack size 16 bytes, main.o(i.median_tick))
<BR><BR>[Stack]<UL><LI>Max Depth = 52<LI>Call Chain = median_tick &rArr; quicksort &rArr;  quicksort (Cycle)
</UL>
<BR>[Calls]<UL><LI><a href="#[b0]">&gt;&gt;</a>&nbsp;&nbsp;&nbsp;quicksort
</UL>
<BR>[Called By]<UL><LI><a href="#[78]">&gt;&gt;</a>&nbsp;&nbsp;&nbsp;average_tick
</UL>

<P><STRONG><a name="[b1]"></a>nrf_drv_common_irq_enable</STRONG> (Thumb, 48 bytes, Stack size 16 bytes, nrf_drv_common.o(i.nrf_drv_common_irq_enable))
<BR><BR>[Stack]<UL><LI>Max Depth = 24<LI>Call Chain = nrf_drv_common_irq_enable &rArr; NVIC_SetPriority
</UL>
<BR>[Calls]<UL><LI><a href="#[b2]">&gt;&gt;</a>&nbsp;&nbsp;&nbsp;NVIC_SetPriority
</UL>
<BR>[Called By]<UL><LI><a href="#[a3]">&gt;&gt;</a>&nbsp;&nbsp;&nbsp;nrf_drv_gpiote_init
<LI><a href="#[6d]">&gt;&gt;</a>&nbsp;&nbsp;&nbsp;nrf_drv_uart_init
</UL>

<P><STRONG><a name="[a6]"></a>nrf_drv_gpiote_in_event_addr_get</STRONG> (Thumb, 26 bytes, Stack size 16 bytes, nrf_drv_gpiote.o(i.nrf_drv_gpiote_in_event_addr_get))
<BR><BR>[Stack]<UL><LI>Max Depth = 16<LI>Call Chain = nrf_drv_gpiote_in_event_addr_get
</UL>
<BR>[Calls]<UL><LI><a href="#[b3]">&gt;&gt;</a>&nbsp;&nbsp;&nbsp;nrf_gpiote_event_addr_get
<LI><a href="#[3a]">&gt;&gt;</a>&nbsp;&nbsp;&nbsp;channel_port_get
</UL>
<BR>[Called By]<UL><LI><a href="#[a1]">&gt;&gt;</a>&nbsp;&nbsp;&nbsp;gpiote_init
</UL>

<P><STRONG><a name="[a7]"></a>nrf_drv_gpiote_in_event_enable</STRONG> (Thumb, 186 bytes, Stack size 32 bytes, nrf_drv_gpiote.o(i.nrf_drv_gpiote_in_event_enable))
<BR><BR>[Stack]<UL><LI>Max Depth = 40<LI>Call Chain = nrf_drv_gpiote_in_event_enable &rArr; nrf_gpiote_event_clear
</UL>
<BR>[Calls]<UL><LI><a href="#[b5]">&gt;&gt;</a>&nbsp;&nbsp;&nbsp;pin_in_use_by_te
<LI><a href="#[b4]">&gt;&gt;</a>&nbsp;&nbsp;&nbsp;pin_in_use_by_port
<LI><a href="#[b6]">&gt;&gt;</a>&nbsp;&nbsp;&nbsp;nrf_gpiote_int_enable
<LI><a href="#[38]">&gt;&gt;</a>&nbsp;&nbsp;&nbsp;nrf_gpiote_event_clear
<LI><a href="#[3b]">&gt;&gt;</a>&nbsp;&nbsp;&nbsp;nrf_gpio_cfg_sense_set
<LI><a href="#[3a]">&gt;&gt;</a>&nbsp;&nbsp;&nbsp;channel_port_get
<LI><a href="#[39]">&gt;&gt;</a>&nbsp;&nbsp;&nbsp;channel_handler_get
</UL>
<BR>[Called By]<UL><LI><a href="#[a1]">&gt;&gt;</a>&nbsp;&nbsp;&nbsp;gpiote_init
</UL>

<P><STRONG><a name="[a4]"></a>nrf_drv_gpiote_in_init</STRONG> (Thumb, 228 bytes, Stack size 48 bytes, nrf_drv_gpiote.o(i.nrf_drv_gpiote_in_init))
<BR><BR>[Stack]<UL><LI>Max Depth = 100<LI>Call Chain = nrf_drv_gpiote_in_init &rArr; channel_port_alloc
</UL>
<BR>[Calls]<UL><LI><a href="#[b7]">&gt;&gt;</a>&nbsp;&nbsp;&nbsp;pin_in_use_by_gpiote
<LI><a href="#[b9]">&gt;&gt;</a>&nbsp;&nbsp;&nbsp;nrf_gpio_cfg
<LI><a href="#[b8]">&gt;&gt;</a>&nbsp;&nbsp;&nbsp;channel_port_alloc
</UL>
<BR>[Called By]<UL><LI><a href="#[a1]">&gt;&gt;</a>&nbsp;&nbsp;&nbsp;gpiote_init
</UL>

<P><STRONG><a name="[a3]"></a>nrf_drv_gpiote_init</STRONG> (Thumb, 76 bytes, Stack size 8 bytes, nrf_drv_gpiote.o(i.nrf_drv_gpiote_init))
<BR><BR>[Stack]<UL><LI>Max Depth = 32<LI>Call Chain = nrf_drv_gpiote_init &rArr; nrf_drv_common_irq_enable &rArr; NVIC_SetPriority
</UL>
<BR>[Calls]<UL><LI><a href="#[ba]">&gt;&gt;</a>&nbsp;&nbsp;&nbsp;pin_in_use_clear
<LI><a href="#[b6]">&gt;&gt;</a>&nbsp;&nbsp;&nbsp;nrf_gpiote_int_enable
<LI><a href="#[bb]">&gt;&gt;</a>&nbsp;&nbsp;&nbsp;channel_free
<LI><a href="#[b1]">&gt;&gt;</a>&nbsp;&nbsp;&nbsp;nrf_drv_common_irq_enable
</UL>
<BR>[Called By]<UL><LI><a href="#[a1]">&gt;&gt;</a>&nbsp;&nbsp;&nbsp;gpiote_init
</UL>

<P><STRONG><a name="[a2]"></a>nrf_drv_gpiote_is_init</STRONG> (Thumb, 16 bytes, Stack size 0 bytes, nrf_drv_gpiote.o(i.nrf_drv_gpiote_is_init))
<BR><BR>[Called By]<UL><LI><a href="#[a1]">&gt;&gt;</a>&nbsp;&nbsp;&nbsp;gpiote_init
</UL>

<P><STRONG><a name="[6d]"></a>nrf_drv_uart_init</STRONG> (Thumb, 110 bytes, Stack size 16 bytes, nrf_drv_uart.o(i.nrf_drv_uart_init))
<BR><BR>[Stack]<UL><LI>Max Depth = 76<LI>Call Chain = nrf_drv_uart_init &rArr; apply_config &rArr; nrf_gpio_cfg_input &rArr; nrf_gpio_cfg
</UL>
<BR>[Calls]<UL><LI><a href="#[bc]">&gt;&gt;</a>&nbsp;&nbsp;&nbsp;nrf_uart_int_enable
<LI><a href="#[71]">&gt;&gt;</a>&nbsp;&nbsp;&nbsp;apply_config
<LI><a href="#[b1]">&gt;&gt;</a>&nbsp;&nbsp;&nbsp;nrf_drv_common_irq_enable
</UL>
<BR>[Called By]<UL><LI><a href="#[6a]">&gt;&gt;</a>&nbsp;&nbsp;&nbsp;app_uart_init
</UL>

<P><STRONG><a name="[69]"></a>nrf_drv_uart_rx</STRONG> (Thumb, 216 bytes, Stack size 32 bytes, nrf_drv_uart.o(i.nrf_drv_uart_rx))
<BR><BR>[Stack]<UL><LI>Max Depth = 40<LI>Call Chain = nrf_drv_uart_rx &rArr; rx_enable
</UL>
<BR>[Calls]<UL><LI><a href="#[bd]">&gt;&gt;</a>&nbsp;&nbsp;&nbsp;rx_enable
<LI><a href="#[48]">&gt;&gt;</a>&nbsp;&nbsp;&nbsp;rx_byte
<LI><a href="#[46]">&gt;&gt;</a>&nbsp;&nbsp;&nbsp;nrf_uart_task_trigger
<LI><a href="#[bc]">&gt;&gt;</a>&nbsp;&nbsp;&nbsp;nrf_uart_int_enable
<LI><a href="#[44]">&gt;&gt;</a>&nbsp;&nbsp;&nbsp;nrf_uart_event_clear
<LI><a href="#[43]">&gt;&gt;</a>&nbsp;&nbsp;&nbsp;nrf_uart_event_check
</UL>
<BR>[Called By]<UL><LI><a href="#[6a]">&gt;&gt;</a>&nbsp;&nbsp;&nbsp;app_uart_init
<LI><a href="#[67]">&gt;&gt;</a>&nbsp;&nbsp;&nbsp;app_uart_get
<LI><a href="#[24]">&gt;&gt;</a>&nbsp;&nbsp;&nbsp;uart_event_handler
</UL>

<P><STRONG><a name="[6e]"></a>nrf_drv_uart_rx_enable</STRONG> (Thumb, 22 bytes, Stack size 8 bytes, nrf_drv_uart.o(i.nrf_drv_uart_rx_enable))
<BR><BR>[Stack]<UL><LI>Max Depth = 16<LI>Call Chain = nrf_drv_uart_rx_enable &rArr; rx_enable
</UL>
<BR>[Calls]<UL><LI><a href="#[bd]">&gt;&gt;</a>&nbsp;&nbsp;&nbsp;rx_enable
</UL>
<BR>[Called By]<UL><LI><a href="#[6a]">&gt;&gt;</a>&nbsp;&nbsp;&nbsp;app_uart_init
</UL>

<P><STRONG><a name="[70]"></a>nrf_drv_uart_tx</STRONG> (Thumb, 170 bytes, Stack size 16 bytes, nrf_drv_uart.o(i.nrf_drv_uart_tx))
<BR><BR>[Stack]<UL><LI>Max Depth = 24<LI>Call Chain = nrf_drv_uart_tx &rArr; tx_byte
</UL>
<BR>[Calls]<UL><LI><a href="#[4a]">&gt;&gt;</a>&nbsp;&nbsp;&nbsp;tx_byte
<LI><a href="#[46]">&gt;&gt;</a>&nbsp;&nbsp;&nbsp;nrf_uart_task_trigger
<LI><a href="#[44]">&gt;&gt;</a>&nbsp;&nbsp;&nbsp;nrf_uart_event_clear
<LI><a href="#[43]">&gt;&gt;</a>&nbsp;&nbsp;&nbsp;nrf_uart_event_check
</UL>
<BR>[Called By]<UL><LI><a href="#[6f]">&gt;&gt;</a>&nbsp;&nbsp;&nbsp;app_uart_put
<LI><a href="#[24]">&gt;&gt;</a>&nbsp;&nbsp;&nbsp;uart_event_handler
</UL>

<P><STRONG><a name="[b0]"></a>quicksort</STRONG> (Thumb, 136 bytes, Stack size 36 bytes, quicksort.o(i.quicksort))
<BR><BR>[Stack]<UL><LI>Max Depth = 36 + In Cycle
<LI>Call Chain = quicksort &rArr;  quicksort (Cycle)
</UL>
<BR>[Calls]<UL><LI><a href="#[b0]">&gt;&gt;</a>&nbsp;&nbsp;&nbsp;quicksort
</UL>
<BR>[Called By]<UL><LI><a href="#[b0]">&gt;&gt;</a>&nbsp;&nbsp;&nbsp;quicksort
<LI><a href="#[79]">&gt;&gt;</a>&nbsp;&nbsp;&nbsp;median_tick
</UL>

<P><STRONG><a name="[2e]"></a>softdevice_assertion_handler</STRONG> (Thumb, 18 bytes, Stack size 16 bytes, softdevice_handler.o(i.softdevice_assertion_handler))
<BR><BR>[Stack]<UL><LI>Max Depth = 16<LI>Call Chain = softdevice_assertion_handler
</UL>
<BR>[Address Reference Count : 1]<UL><LI> softdevice_handler.o(i.softdevice_handler_init)
</UL>
<P><STRONG><a name="[8a]"></a>softdevice_ble_evt_handler_set</STRONG> (Thumb, 18 bytes, Stack size 0 bytes, softdevice_handler.o(i.softdevice_ble_evt_handler_set))
<BR><BR>[Called By]<UL><LI><a href="#[88]">&gt;&gt;</a>&nbsp;&nbsp;&nbsp;ble_stack_init
</UL>

<P><STRONG><a name="[89]"></a>softdevice_handler_init</STRONG> (Thumb, 84 bytes, Stack size 40 bytes, softdevice_handler.o(i.softdevice_handler_init))
<BR><BR>[Stack]<UL><LI>Max Depth = 40<LI>Call Chain = softdevice_handler_init
</UL>
<BR>[Called By]<UL><LI><a href="#[88]">&gt;&gt;</a>&nbsp;&nbsp;&nbsp;ble_stack_init
</UL>

<P><STRONG><a name="[2f]"></a>uart_event_handle</STRONG> (Thumb, 126 bytes, Stack size 8 bytes, main.o(i.uart_event_handle))
<BR><BR>[Stack]<UL><LI>Max Depth = 160<LI>Call Chain = uart_event_handle &rArr; app_error_handler &rArr; bsp_indication_set &rArr; bsp_led_indication &rArr; app_timer_start &rArr; timer_start_op_schedule &rArr; user_op_alloc
</UL>
<BR>[Calls]<UL><LI><a href="#[cc]">&gt;&gt;</a>&nbsp;&nbsp;&nbsp;ble_nus_c_string_send
<LI><a href="#[67]">&gt;&gt;</a>&nbsp;&nbsp;&nbsp;app_uart_get
<LI><a href="#[3e]">&gt;&gt;</a>&nbsp;&nbsp;&nbsp;app_error_handler
</UL>
<BR>[Address Reference Count : 1]<UL><LI> main.o(i.uart_init)
</UL>
<P><STRONG><a name="[2b]"></a>visual_stimulus_handler</STRONG> (Thumb, 42 bytes, Stack size 24 bytes, main.o(i.visual_stimulus_handler))
<BR><BR>[Stack]<UL><LI>Max Depth = 56<LI>Call Chain = visual_stimulus_handler &rArr; ble_nus_c_string_send
</UL>
<BR>[Calls]<UL><LI><a href="#[cc]">&gt;&gt;</a>&nbsp;&nbsp;&nbsp;ble_nus_c_string_send
<LI><a href="#[ce]">&gt;&gt;</a>&nbsp;&nbsp;&nbsp;__2sprintf
</UL>
<BR>[Address Reference Count : 1]<UL><LI> main.o(i.gpiote_init)
</UL><P>
<H3>
Local Symbols
</H3>
<P><STRONG><a name="[a5]"></a>NVIC_SetPriority</STRONG> (Thumb, 110 bytes, Stack size 8 bytes, main.o(i.NVIC_SetPriority))
<BR><BR>[Stack]<UL><LI>Max Depth = 8<LI>Call Chain = NVIC_SetPriority
</UL>
<BR>[Called By]<UL><LI><a href="#[a1]">&gt;&gt;</a>&nbsp;&nbsp;&nbsp;gpiote_init
</UL>

<P><STRONG><a name="[26]"></a>ble_evt_dispatch</STRONG> (Thumb, 34 bytes, Stack size 8 bytes, main.o(i.ble_evt_dispatch))
<BR><BR>[Stack]<UL><LI>Max Depth = 200<LI>Call Chain = ble_evt_dispatch &rArr; on_ble_evt &rArr; scan_start &rArr; app_error_handler &rArr; bsp_indication_set &rArr; bsp_led_indication &rArr; app_timer_start &rArr; timer_start_op_schedule &rArr; user_op_alloc
</UL>
<BR>[Calls]<UL><LI><a href="#[81]">&gt;&gt;</a>&nbsp;&nbsp;&nbsp;bsp_btn_ble_on_ble_evt
<LI><a href="#[82]">&gt;&gt;</a>&nbsp;&nbsp;&nbsp;ble_nus_c_on_ble_evt
<LI><a href="#[7c]">&gt;&gt;</a>&nbsp;&nbsp;&nbsp;ble_db_discovery_on_ble_evt
<LI><a href="#[80]">&gt;&gt;</a>&nbsp;&nbsp;&nbsp;on_ble_evt
</UL>
<BR>[Address Reference Count : 1]<UL><LI> main.o(i.ble_stack_init)
</UL>
<P><STRONG><a name="[2d]"></a>ble_nus_c_evt_handler</STRONG> (Thumb, 100 bytes, Stack size 24 bytes, main.o(i.ble_nus_c_evt_handler))
<BR><BR>[Stack]<UL><LI>Max Depth = 192<LI>Call Chain = ble_nus_c_evt_handler &rArr; scan_start &rArr; app_error_handler &rArr; bsp_indication_set &rArr; bsp_led_indication &rArr; app_timer_start &rArr; timer_start_op_schedule &rArr; user_op_alloc
</UL>
<BR>[Calls]<UL><LI><a href="#[83]">&gt;&gt;</a>&nbsp;&nbsp;&nbsp;ble_nus_c_rx_notif_enable
<LI><a href="#[6f]">&gt;&gt;</a>&nbsp;&nbsp;&nbsp;app_uart_put
<LI><a href="#[3e]">&gt;&gt;</a>&nbsp;&nbsp;&nbsp;app_error_handler
<LI><a href="#[84]">&gt;&gt;</a>&nbsp;&nbsp;&nbsp;scan_start
</UL>
<BR>[Address Reference Count : 1]<UL><LI> main.o(i.nus_c_init)
</UL>
<P><STRONG><a name="[88]"></a>ble_stack_init</STRONG> (Thumb, 126 bytes, Stack size 24 bytes, main.o(i.ble_stack_init))
<BR><BR>[Stack]<UL><LI>Max Depth = 176<LI>Call Chain = ble_stack_init &rArr; app_error_handler &rArr; bsp_indication_set &rArr; bsp_led_indication &rArr; app_timer_start &rArr; timer_start_op_schedule &rArr; user_op_alloc
</UL>
<BR>[Calls]<UL><LI><a href="#[89]">&gt;&gt;</a>&nbsp;&nbsp;&nbsp;softdevice_handler_init
<LI><a href="#[8a]">&gt;&gt;</a>&nbsp;&nbsp;&nbsp;softdevice_ble_evt_handler_set
<LI><a href="#[3e]">&gt;&gt;</a>&nbsp;&nbsp;&nbsp;app_error_handler
</UL>
<BR>[Called By]<UL><LI><a href="#[1f]">&gt;&gt;</a>&nbsp;&nbsp;&nbsp;main
</UL>

<P><STRONG><a name="[95]"></a>buttons_leds_init</STRONG> (Thumb, 76 bytes, Stack size 16 bytes, main.o(i.buttons_leds_init))
<BR><BR>[Stack]<UL><LI>Max Depth = 168<LI>Call Chain = buttons_leds_init &rArr; app_error_handler &rArr; bsp_indication_set &rArr; bsp_led_indication &rArr; app_timer_start &rArr; timer_start_op_schedule &rArr; user_op_alloc
</UL>
<BR>[Calls]<UL><LI><a href="#[92]">&gt;&gt;</a>&nbsp;&nbsp;&nbsp;bsp_init
<LI><a href="#[8b]">&gt;&gt;</a>&nbsp;&nbsp;&nbsp;bsp_btn_ble_init
<LI><a href="#[3e]">&gt;&gt;</a>&nbsp;&nbsp;&nbsp;app_error_handler
</UL>
<BR>[Called By]<UL><LI><a href="#[1f]">&gt;&gt;</a>&nbsp;&nbsp;&nbsp;main
</UL>

<P><STRONG><a name="[bf]"></a>is_uuid_present</STRONG> (Thumb, 270 bytes, Stack size 48 bytes, main.o(i.is_uuid_present))
<BR><BR>[Stack]<UL><LI>Max Depth = 48<LI>Call Chain = is_uuid_present
</UL>
<BR>[Called By]<UL><LI><a href="#[80]">&gt;&gt;</a>&nbsp;&nbsp;&nbsp;on_ble_evt
</UL>

<P><STRONG><a name="[ae]"></a>nus_c_init</STRONG> (Thumb, 42 bytes, Stack size 16 bytes, main.o(i.nus_c_init))
<BR><BR>[Stack]<UL><LI>Max Depth = 168<LI>Call Chain = nus_c_init &rArr; app_error_handler &rArr; bsp_indication_set &rArr; bsp_led_indication &rArr; app_timer_start &rArr; timer_start_op_schedule &rArr; user_op_alloc
</UL>
<BR>[Calls]<UL><LI><a href="#[85]">&gt;&gt;</a>&nbsp;&nbsp;&nbsp;ble_nus_c_init
<LI><a href="#[3e]">&gt;&gt;</a>&nbsp;&nbsp;&nbsp;app_error_handler
</UL>
<BR>[Called By]<UL><LI><a href="#[1f]">&gt;&gt;</a>&nbsp;&nbsp;&nbsp;main
</UL>

<P><STRONG><a name="[80]"></a>on_ble_evt</STRONG> (Thumb, 276 bytes, Stack size 24 bytes, main.o(i.on_ble_evt))
<BR><BR>[Stack]<UL><LI>Max Depth = 192<LI>Call Chain = on_ble_evt &rArr; scan_start &rArr; app_error_handler &rArr; bsp_indication_set &rArr; bsp_led_indication &rArr; app_timer_start &rArr; timer_start_op_schedule &rArr; user_op_alloc
</UL>
<BR>[Calls]<UL><LI><a href="#[52]">&gt;&gt;</a>&nbsp;&nbsp;&nbsp;bsp_indication_set
<LI><a href="#[c0]">&gt;&gt;</a>&nbsp;&nbsp;&nbsp;ble_db_discovery_start
<LI><a href="#[3e]">&gt;&gt;</a>&nbsp;&nbsp;&nbsp;app_error_handler
<LI><a href="#[84]">&gt;&gt;</a>&nbsp;&nbsp;&nbsp;scan_start
<LI><a href="#[bf]">&gt;&gt;</a>&nbsp;&nbsp;&nbsp;is_uuid_present
</UL>
<BR>[Called By]<UL><LI><a href="#[26]">&gt;&gt;</a>&nbsp;&nbsp;&nbsp;ble_evt_dispatch
</UL>

<P><STRONG><a name="[af]"></a>power_manage</STRONG> (Thumb, 32 bytes, Stack size 16 bytes, main.o(i.power_manage))
<BR><BR>[Stack]<UL><LI>Max Depth = 168<LI>Call Chain = power_manage &rArr; app_error_handler &rArr; bsp_indication_set &rArr; bsp_led_indication &rArr; app_timer_start &rArr; timer_start_op_schedule &rArr; user_op_alloc
</UL>
<BR>[Calls]<UL><LI><a href="#[3e]">&gt;&gt;</a>&nbsp;&nbsp;&nbsp;app_error_handler
</UL>
<BR>[Called By]<UL><LI><a href="#[1f]">&gt;&gt;</a>&nbsp;&nbsp;&nbsp;main
</UL>

<P><STRONG><a name="[84]"></a>scan_start</STRONG> (Thumb, 66 bytes, Stack size 16 bytes, main.o(i.scan_start))
<BR><BR>[Stack]<UL><LI>Max Depth = 168<LI>Call Chain = scan_start &rArr; app_error_handler &rArr; bsp_indication_set &rArr; bsp_led_indication &rArr; app_timer_start &rArr; timer_start_op_schedule &rArr; user_op_alloc
</UL>
<BR>[Calls]<UL><LI><a href="#[52]">&gt;&gt;</a>&nbsp;&nbsp;&nbsp;bsp_indication_set
<LI><a href="#[3e]">&gt;&gt;</a>&nbsp;&nbsp;&nbsp;app_error_handler
</UL>
<BR>[Called By]<UL><LI><a href="#[1f]">&gt;&gt;</a>&nbsp;&nbsp;&nbsp;main
<LI><a href="#[80]">&gt;&gt;</a>&nbsp;&nbsp;&nbsp;on_ble_evt
<LI><a href="#[2d]">&gt;&gt;</a>&nbsp;&nbsp;&nbsp;ble_nus_c_evt_handler
</UL>

<P><STRONG><a name="[90]"></a>sleep_mode_enter</STRONG> (Thumb, 94 bytes, Stack size 16 bytes, main.o(i.sleep_mode_enter))
<BR><BR>[Stack]<UL><LI>Max Depth = 168<LI>Call Chain = sleep_mode_enter &rArr; app_error_handler &rArr; bsp_indication_set &rArr; bsp_led_indication &rArr; app_timer_start &rArr; timer_start_op_schedule &rArr; user_op_alloc
</UL>
<BR>[Calls]<UL><LI><a href="#[52]">&gt;&gt;</a>&nbsp;&nbsp;&nbsp;bsp_indication_set
<LI><a href="#[8e]">&gt;&gt;</a>&nbsp;&nbsp;&nbsp;bsp_btn_ble_sleep_mode_prepare
<LI><a href="#[3e]">&gt;&gt;</a>&nbsp;&nbsp;&nbsp;app_error_handler
</UL>
<BR>[Called By]<UL><LI><a href="#[29]">&gt;&gt;</a>&nbsp;&nbsp;&nbsp;bsp_event_handler
</UL>

<P><STRONG><a name="[2c]"></a>timer_stim_freq_handler</STRONG> (Thumb, 390 bytes, Stack size 56 bytes, main.o(i.timer_stim_freq_handler))
<BR><BR>[Stack]<UL><LI>Max Depth = 208<LI>Call Chain = timer_stim_freq_handler &rArr; app_error_handler &rArr; bsp_indication_set &rArr; bsp_led_indication &rArr; app_timer_start &rArr; timer_start_op_schedule &rArr; user_op_alloc
</UL>
<BR>[Calls]<UL><LI><a href="#[cc]">&gt;&gt;</a>&nbsp;&nbsp;&nbsp;ble_nus_c_string_send
<LI><a href="#[65]">&gt;&gt;</a>&nbsp;&nbsp;&nbsp;app_timer_stop
<LI><a href="#[62]">&gt;&gt;</a>&nbsp;&nbsp;&nbsp;app_timer_start
<LI><a href="#[5a]">&gt;&gt;</a>&nbsp;&nbsp;&nbsp;app_timer_cnt_get
<LI><a href="#[3e]">&gt;&gt;</a>&nbsp;&nbsp;&nbsp;app_error_handler
<LI><a href="#[78]">&gt;&gt;</a>&nbsp;&nbsp;&nbsp;average_tick
<LI><a href="#[77]">&gt;&gt;</a>&nbsp;&nbsp;&nbsp;__2printf
<LI><a href="#[4f]">&gt;&gt;</a>&nbsp;&nbsp;&nbsp;__aeabi_uidivmod
</UL>
<BR>[Address Reference Count : 1]<UL><LI> main.o(i.main)
</UL>
<P><STRONG><a name="[ac]"></a>uart_init</STRONG> (Thumb, 78 bytes, Stack size 40 bytes, main.o(i.uart_init))
<BR><BR>[Stack]<UL><LI>Max Depth = 192<LI>Call Chain = uart_init &rArr; app_error_handler &rArr; bsp_indication_set &rArr; bsp_led_indication &rArr; app_timer_start &rArr; timer_start_op_schedule &rArr; user_op_alloc
</UL>
<BR>[Calls]<UL><LI><a href="#[6a]">&gt;&gt;</a>&nbsp;&nbsp;&nbsp;app_uart_init
<LI><a href="#[3e]">&gt;&gt;</a>&nbsp;&nbsp;&nbsp;app_error_handler
</UL>
<BR>[Called By]<UL><LI><a href="#[1f]">&gt;&gt;</a>&nbsp;&nbsp;&nbsp;main
</UL>

<P><STRONG><a name="[28]"></a>alert_timer_handler</STRONG> (Thumb, 30 bytes, Stack size 0 bytes, bsp.o(i.alert_timer_handler))
<BR>[Address Reference Count : 1]<UL><LI> bsp.o(i.bsp_init)
</UL>
<P><STRONG><a name="[91]"></a>bsp_led_indication</STRONG> (Thumb, 1362 bytes, Stack size 24 bytes, bsp.o(i.bsp_led_indication))
<BR><BR>[Stack]<UL><LI>Max Depth = 112<LI>Call Chain = bsp_led_indication &rArr; app_timer_start &rArr; timer_start_op_schedule &rArr; user_op_alloc
</UL>
<BR>[Calls]<UL><LI><a href="#[94]">&gt;&gt;</a>&nbsp;&nbsp;&nbsp;__ARM_common_switch8
<LI><a href="#[65]">&gt;&gt;</a>&nbsp;&nbsp;&nbsp;app_timer_stop
<LI><a href="#[62]">&gt;&gt;</a>&nbsp;&nbsp;&nbsp;app_timer_start
<LI><a href="#[4f]">&gt;&gt;</a>&nbsp;&nbsp;&nbsp;__aeabi_uidivmod
</UL>
<BR>[Called By]<UL><LI><a href="#[27]">&gt;&gt;</a>&nbsp;&nbsp;&nbsp;leds_timer_handler
<LI><a href="#[52]">&gt;&gt;</a>&nbsp;&nbsp;&nbsp;bsp_indication_set
</UL>

<P><STRONG><a name="[27]"></a>leds_timer_handler</STRONG> (Thumb, 26 bytes, Stack size 8 bytes, bsp.o(i.leds_timer_handler))
<BR><BR>[Stack]<UL><LI>Max Depth = 120<LI>Call Chain = leds_timer_handler &rArr; bsp_led_indication &rArr; app_timer_start &rArr; timer_start_op_schedule &rArr; user_op_alloc
</UL>
<BR>[Calls]<UL><LI><a href="#[91]">&gt;&gt;</a>&nbsp;&nbsp;&nbsp;bsp_led_indication
</UL>
<BR>[Address Reference Count : 1]<UL><LI> bsp.o(i.bsp_init)
</UL>
<P><STRONG><a name="[50]"></a>advertising_buttons_configure</STRONG> (Thumb, 90 bytes, Stack size 8 bytes, bsp_btn_ble.o(i.advertising_buttons_configure))
<BR><BR>[Stack]<UL><LI>Max Depth = 16<LI>Call Chain = advertising_buttons_configure &rArr; bsp_event_to_button_action_assign
</UL>
<BR>[Calls]<UL><LI><a href="#[51]">&gt;&gt;</a>&nbsp;&nbsp;&nbsp;bsp_event_to_button_action_assign
</UL>
<BR>[Called By]<UL><LI><a href="#[81]">&gt;&gt;</a>&nbsp;&nbsp;&nbsp;bsp_btn_ble_on_ble_evt
<LI><a href="#[8b]">&gt;&gt;</a>&nbsp;&nbsp;&nbsp;bsp_btn_ble_init
</UL>

<P><STRONG><a name="[8d]"></a>connection_buttons_configure</STRONG> (Thumb, 90 bytes, Stack size 8 bytes, bsp_btn_ble.o(i.connection_buttons_configure))
<BR><BR>[Stack]<UL><LI>Max Depth = 16<LI>Call Chain = connection_buttons_configure &rArr; bsp_event_to_button_action_assign
</UL>
<BR>[Calls]<UL><LI><a href="#[51]">&gt;&gt;</a>&nbsp;&nbsp;&nbsp;bsp_event_to_button_action_assign
</UL>
<BR>[Called By]<UL><LI><a href="#[81]">&gt;&gt;</a>&nbsp;&nbsp;&nbsp;bsp_btn_ble_on_ble_evt
</UL>

<P><STRONG><a name="[8c]"></a>startup_event_extract</STRONG> (Thumb, 84 bytes, Stack size 24 bytes, bsp_btn_ble.o(i.startup_event_extract))
<BR><BR>[Stack]<UL><LI>Max Depth = 24<LI>Call Chain = startup_event_extract
</UL>
<BR>[Calls]<UL><LI><a href="#[c4]">&gt;&gt;</a>&nbsp;&nbsp;&nbsp;bsp_button_is_pressed
</UL>
<BR>[Called By]<UL><LI><a href="#[8b]">&gt;&gt;</a>&nbsp;&nbsp;&nbsp;bsp_btn_ble_init
</UL>

<P><STRONG><a name="[41]"></a>is_disabled_in_debug_needed</STRONG> (Thumb, 52 bytes, Stack size 0 bytes, system_nrf51.o(i.is_disabled_in_debug_needed))
<BR><BR>[Called By]<UL><LI><a href="#[20]">&gt;&gt;</a>&nbsp;&nbsp;&nbsp;SystemInit
</UL>

<P><STRONG><a name="[40]"></a>is_manual_peripheral_setup_needed</STRONG> (Thumb, 104 bytes, Stack size 0 bytes, system_nrf51.o(i.is_manual_peripheral_setup_needed))
<BR><BR>[Called By]<UL><LI><a href="#[20]">&gt;&gt;</a>&nbsp;&nbsp;&nbsp;SystemInit
</UL>

<P><STRONG><a name="[87]"></a>cccd_configure</STRONG> (Thumb, 42 bytes, Stack size 32 bytes, ble_nus_c.o(i.cccd_configure))
<BR><BR>[Stack]<UL><LI>Max Depth = 32<LI>Call Chain = cccd_configure
</UL>
<BR>[Called By]<UL><LI><a href="#[83]">&gt;&gt;</a>&nbsp;&nbsp;&nbsp;ble_nus_c_rx_notif_enable
</UL>

<P><STRONG><a name="[25]"></a>db_discover_evt_handler</STRONG> (Thumb, 196 bytes, Stack size 24 bytes, ble_nus_c.o(i.db_discover_evt_handler))
<BR><BR>[Stack]<UL><LI>Max Depth = 24<LI>Call Chain = db_discover_evt_handler
</UL>
<BR>[Address Reference Count : 1]<UL><LI> ble_nus_c.o(i.ble_nus_c_init)
</UL>
<P><STRONG><a name="[86]"></a>on_hvx</STRONG> (Thumb, 56 bytes, Stack size 24 bytes, ble_nus_c.o(i.on_hvx))
<BR><BR>[Stack]<UL><LI>Max Depth = 24<LI>Call Chain = on_hvx
</UL>
<BR>[Called By]<UL><LI><a href="#[82]">&gt;&gt;</a>&nbsp;&nbsp;&nbsp;ble_nus_c_on_ble_evt
</UL>

<P><STRONG><a name="[c2]"></a>characteristics_discover</STRONG> (Thumb, 82 bytes, Stack size 16 bytes, ble_db_discovery.o(i.characteristics_discover))
<BR><BR>[Stack]<UL><LI>Max Depth = 16<LI>Call Chain = characteristics_discover
</UL>
<BR>[Called By]<UL><LI><a href="#[7d]">&gt;&gt;</a>&nbsp;&nbsp;&nbsp;on_primary_srv_discovery_rsp
<LI><a href="#[7e]">&gt;&gt;</a>&nbsp;&nbsp;&nbsp;on_characteristic_discovery_rsp
</UL>

<P><STRONG><a name="[9a]"></a>descriptors_discover</STRONG> (Thumb, 182 bytes, Stack size 40 bytes, ble_db_discovery.o(i.descriptors_discover))
<BR><BR>[Stack]<UL><LI>Max Depth = 56<LI>Call Chain = descriptors_discover &rArr; is_desc_discovery_reqd
</UL>
<BR>[Calls]<UL><LI><a href="#[9b]">&gt;&gt;</a>&nbsp;&nbsp;&nbsp;is_desc_discovery_reqd
</UL>
<BR>[Called By]<UL><LI><a href="#[7f]">&gt;&gt;</a>&nbsp;&nbsp;&nbsp;on_descriptor_discovery_rsp
<LI><a href="#[7e]">&gt;&gt;</a>&nbsp;&nbsp;&nbsp;on_characteristic_discovery_rsp
</UL>

<P><STRONG><a name="[9c]"></a>discovery_complete_evt_trigger</STRONG> (Thumb, 152 bytes, Stack size 24 bytes, ble_db_discovery.o(i.discovery_complete_evt_trigger))
<BR><BR>[Stack]<UL><LI>Max Depth = 32<LI>Call Chain = discovery_complete_evt_trigger &rArr; pending_user_evts_send
</UL>
<BR>[Calls]<UL><LI><a href="#[9d]">&gt;&gt;</a>&nbsp;&nbsp;&nbsp;registered_handler_get
<LI><a href="#[9f]">&gt;&gt;</a>&nbsp;&nbsp;&nbsp;pending_user_evts_send
<LI><a href="#[9e]">&gt;&gt;</a>&nbsp;&nbsp;&nbsp;__aeabi_memcpy
</UL>
<BR>[Called By]<UL><LI><a href="#[7d]">&gt;&gt;</a>&nbsp;&nbsp;&nbsp;on_primary_srv_discovery_rsp
<LI><a href="#[7f]">&gt;&gt;</a>&nbsp;&nbsp;&nbsp;on_descriptor_discovery_rsp
<LI><a href="#[7e]">&gt;&gt;</a>&nbsp;&nbsp;&nbsp;on_characteristic_discovery_rsp
</UL>

<P><STRONG><a name="[a0]"></a>discovery_error_evt_trigger</STRONG> (Thumb, 124 bytes, Stack size 24 bytes, ble_db_discovery.o(i.discovery_error_evt_trigger))
<BR><BR>[Stack]<UL><LI>Max Depth = 32<LI>Call Chain = discovery_error_evt_trigger &rArr; pending_user_evts_send
</UL>
<BR>[Calls]<UL><LI><a href="#[9d]">&gt;&gt;</a>&nbsp;&nbsp;&nbsp;registered_handler_get
<LI><a href="#[9f]">&gt;&gt;</a>&nbsp;&nbsp;&nbsp;pending_user_evts_send
</UL>
<BR>[Called By]<UL><LI><a href="#[c3]">&gt;&gt;</a>&nbsp;&nbsp;&nbsp;on_srv_disc_completion
<LI><a href="#[7d]">&gt;&gt;</a>&nbsp;&nbsp;&nbsp;on_primary_srv_discovery_rsp
<LI><a href="#[7f]">&gt;&gt;</a>&nbsp;&nbsp;&nbsp;on_descriptor_discovery_rsp
<LI><a href="#[7e]">&gt;&gt;</a>&nbsp;&nbsp;&nbsp;on_characteristic_discovery_rsp
</UL>

<P><STRONG><a name="[c1]"></a>is_char_discovery_reqd</STRONG> (Thumb, 30 bytes, Stack size 8 bytes, ble_db_discovery.o(i.is_char_discovery_reqd))
<BR><BR>[Stack]<UL><LI>Max Depth = 8<LI>Call Chain = is_char_discovery_reqd
</UL>
<BR>[Called By]<UL><LI><a href="#[7e]">&gt;&gt;</a>&nbsp;&nbsp;&nbsp;on_characteristic_discovery_rsp
</UL>

<P><STRONG><a name="[9b]"></a>is_desc_discovery_reqd</STRONG> (Thumb, 84 bytes, Stack size 16 bytes, ble_db_discovery.o(i.is_desc_discovery_reqd))
<BR><BR>[Stack]<UL><LI>Max Depth = 16<LI>Call Chain = is_desc_discovery_reqd
</UL>
<BR>[Called By]<UL><LI><a href="#[9a]">&gt;&gt;</a>&nbsp;&nbsp;&nbsp;descriptors_discover
</UL>

<P><STRONG><a name="[7e]"></a>on_characteristic_discovery_rsp</STRONG> (Thumb, 284 bytes, Stack size 56 bytes, ble_db_discovery.o(i.on_characteristic_discovery_rsp))
<BR><BR>[Stack]<UL><LI>Max Depth = 112<LI>Call Chain = on_characteristic_discovery_rsp &rArr; descriptors_discover &rArr; is_desc_discovery_reqd
</UL>
<BR>[Calls]<UL><LI><a href="#[c3]">&gt;&gt;</a>&nbsp;&nbsp;&nbsp;on_srv_disc_completion
<LI><a href="#[c1]">&gt;&gt;</a>&nbsp;&nbsp;&nbsp;is_char_discovery_reqd
<LI><a href="#[a0]">&gt;&gt;</a>&nbsp;&nbsp;&nbsp;discovery_error_evt_trigger
<LI><a href="#[9c]">&gt;&gt;</a>&nbsp;&nbsp;&nbsp;discovery_complete_evt_trigger
<LI><a href="#[9a]">&gt;&gt;</a>&nbsp;&nbsp;&nbsp;descriptors_discover
<LI><a href="#[c2]">&gt;&gt;</a>&nbsp;&nbsp;&nbsp;characteristics_discover
<LI><a href="#[9e]">&gt;&gt;</a>&nbsp;&nbsp;&nbsp;__aeabi_memcpy
</UL>
<BR>[Called By]<UL><LI><a href="#[7c]">&gt;&gt;</a>&nbsp;&nbsp;&nbsp;ble_db_discovery_on_ble_evt
</UL>

<P><STRONG><a name="[7f]"></a>on_descriptor_discovery_rsp</STRONG> (Thumb, 182 bytes, Stack size 32 bytes, ble_db_discovery.o(i.on_descriptor_discovery_rsp))
<BR><BR>[Stack]<UL><LI>Max Depth = 88<LI>Call Chain = on_descriptor_discovery_rsp &rArr; descriptors_discover &rArr; is_desc_discovery_reqd
</UL>
<BR>[Calls]<UL><LI><a href="#[c3]">&gt;&gt;</a>&nbsp;&nbsp;&nbsp;on_srv_disc_completion
<LI><a href="#[a0]">&gt;&gt;</a>&nbsp;&nbsp;&nbsp;discovery_error_evt_trigger
<LI><a href="#[9c]">&gt;&gt;</a>&nbsp;&nbsp;&nbsp;discovery_complete_evt_trigger
<LI><a href="#[9a]">&gt;&gt;</a>&nbsp;&nbsp;&nbsp;descriptors_discover
</UL>
<BR>[Called By]<UL><LI><a href="#[7c]">&gt;&gt;</a>&nbsp;&nbsp;&nbsp;ble_db_discovery_on_ble_evt
</UL>

<P><STRONG><a name="[7d]"></a>on_primary_srv_discovery_rsp</STRONG> (Thumb, 88 bytes, Stack size 24 bytes, ble_db_discovery.o(i.on_primary_srv_discovery_rsp))
<BR><BR>[Stack]<UL><LI>Max Depth = 72<LI>Call Chain = on_primary_srv_discovery_rsp &rArr; on_srv_disc_completion &rArr; discovery_error_evt_trigger &rArr; pending_user_evts_send
</UL>
<BR>[Calls]<UL><LI><a href="#[c3]">&gt;&gt;</a>&nbsp;&nbsp;&nbsp;on_srv_disc_completion
<LI><a href="#[a0]">&gt;&gt;</a>&nbsp;&nbsp;&nbsp;discovery_error_evt_trigger
<LI><a href="#[9c]">&gt;&gt;</a>&nbsp;&nbsp;&nbsp;discovery_complete_evt_trigger
<LI><a href="#[c2]">&gt;&gt;</a>&nbsp;&nbsp;&nbsp;characteristics_discover
</UL>
<BR>[Called By]<UL><LI><a href="#[7c]">&gt;&gt;</a>&nbsp;&nbsp;&nbsp;ble_db_discovery_on_ble_evt
</UL>

<P><STRONG><a name="[c3]"></a>on_srv_disc_completion</STRONG> (Thumb, 118 bytes, Stack size 16 bytes, ble_db_discovery.o(i.on_srv_disc_completion))
<BR><BR>[Stack]<UL><LI>Max Depth = 48<LI>Call Chain = on_srv_disc_completion &rArr; discovery_error_evt_trigger &rArr; pending_user_evts_send
</UL>
<BR>[Calls]<UL><LI><a href="#[a0]">&gt;&gt;</a>&nbsp;&nbsp;&nbsp;discovery_error_evt_trigger
</UL>
<BR>[Called By]<UL><LI><a href="#[7d]">&gt;&gt;</a>&nbsp;&nbsp;&nbsp;on_primary_srv_discovery_rsp
<LI><a href="#[7f]">&gt;&gt;</a>&nbsp;&nbsp;&nbsp;on_descriptor_discovery_rsp
<LI><a href="#[7e]">&gt;&gt;</a>&nbsp;&nbsp;&nbsp;on_characteristic_discovery_rsp
</UL>

<P><STRONG><a name="[9f]"></a>pending_user_evts_send</STRONG> (Thumb, 42 bytes, Stack size 8 bytes, ble_db_discovery.o(i.pending_user_evts_send))
<BR><BR>[Stack]<UL><LI>Max Depth = 8<LI>Call Chain = pending_user_evts_send
</UL>
<BR>[Called By]<UL><LI><a href="#[a0]">&gt;&gt;</a>&nbsp;&nbsp;&nbsp;discovery_error_evt_trigger
<LI><a href="#[9c]">&gt;&gt;</a>&nbsp;&nbsp;&nbsp;discovery_complete_evt_trigger
</UL>

<P><STRONG><a name="[9d]"></a>registered_handler_get</STRONG> (Thumb, 56 bytes, Stack size 0 bytes, ble_db_discovery.o(i.registered_handler_get))
<BR><BR>[Called By]<UL><LI><a href="#[a0]">&gt;&gt;</a>&nbsp;&nbsp;&nbsp;discovery_error_evt_trigger
<LI><a href="#[9c]">&gt;&gt;</a>&nbsp;&nbsp;&nbsp;discovery_complete_evt_trigger
</UL>

<P><STRONG><a name="[7b]"></a>registered_handler_set</STRONG> (Thumb, 58 bytes, Stack size 0 bytes, ble_db_discovery.o(i.registered_handler_set))
<BR><BR>[Called By]<UL><LI><a href="#[7a]">&gt;&gt;</a>&nbsp;&nbsp;&nbsp;ble_db_discovery_evt_register
</UL>

<P><STRONG><a name="[b2]"></a>NVIC_SetPriority</STRONG> (Thumb, 110 bytes, Stack size 8 bytes, nrf_drv_common.o(i.NVIC_SetPriority))
<BR><BR>[Stack]<UL><LI>Max Depth = 8<LI>Call Chain = NVIC_SetPriority
</UL>
<BR>[Called By]<UL><LI><a href="#[b1]">&gt;&gt;</a>&nbsp;&nbsp;&nbsp;nrf_drv_common_irq_enable
</UL>

<P><STRONG><a name="[bb]"></a>channel_free</STRONG> (Thumb, 26 bytes, Stack size 0 bytes, nrf_drv_gpiote.o(i.channel_free))
<BR><BR>[Called By]<UL><LI><a href="#[a3]">&gt;&gt;</a>&nbsp;&nbsp;&nbsp;nrf_drv_gpiote_init
</UL>

<P><STRONG><a name="[39]"></a>channel_handler_get</STRONG> (Thumb, 10 bytes, Stack size 0 bytes, nrf_drv_gpiote.o(i.channel_handler_get))
<BR><BR>[Called By]<UL><LI><a href="#[a7]">&gt;&gt;</a>&nbsp;&nbsp;&nbsp;nrf_drv_gpiote_in_event_enable
<LI><a href="#[b]">&gt;&gt;</a>&nbsp;&nbsp;&nbsp;GPIOTE_IRQHandler
</UL>

<P><STRONG><a name="[b8]"></a>channel_port_alloc</STRONG> (Thumb, 116 bytes, Stack size 52 bytes, nrf_drv_gpiote.o(i.channel_port_alloc))
<BR><BR>[Stack]<UL><LI>Max Depth = 52<LI>Call Chain = channel_port_alloc
</UL>
<BR>[Called By]<UL><LI><a href="#[a4]">&gt;&gt;</a>&nbsp;&nbsp;&nbsp;nrf_drv_gpiote_in_init
</UL>

<P><STRONG><a name="[3a]"></a>channel_port_get</STRONG> (Thumb, 8 bytes, Stack size 0 bytes, nrf_drv_gpiote.o(i.channel_port_get))
<BR><BR>[Called By]<UL><LI><a href="#[a7]">&gt;&gt;</a>&nbsp;&nbsp;&nbsp;nrf_drv_gpiote_in_event_enable
<LI><a href="#[a6]">&gt;&gt;</a>&nbsp;&nbsp;&nbsp;nrf_drv_gpiote_in_event_addr_get
<LI><a href="#[b]">&gt;&gt;</a>&nbsp;&nbsp;&nbsp;GPIOTE_IRQHandler
</UL>

<P><STRONG><a name="[b9]"></a>nrf_gpio_cfg</STRONG> (Thumb, 38 bytes, Stack size 20 bytes, nrf_drv_gpiote.o(i.nrf_gpio_cfg))
<BR><BR>[Stack]<UL><LI>Max Depth = 20<LI>Call Chain = nrf_gpio_cfg
</UL>
<BR>[Called By]<UL><LI><a href="#[a4]">&gt;&gt;</a>&nbsp;&nbsp;&nbsp;nrf_drv_gpiote_in_init
</UL>

<P><STRONG><a name="[3b]"></a>nrf_gpio_cfg_sense_set</STRONG> (Thumb, 70 bytes, Stack size 8 bytes, nrf_drv_gpiote.o(i.nrf_gpio_cfg_sense_set))
<BR><BR>[Stack]<UL><LI>Max Depth = 8<LI>Call Chain = nrf_gpio_cfg_sense_set
</UL>
<BR>[Called By]<UL><LI><a href="#[a7]">&gt;&gt;</a>&nbsp;&nbsp;&nbsp;nrf_drv_gpiote_in_event_enable
<LI><a href="#[b]">&gt;&gt;</a>&nbsp;&nbsp;&nbsp;GPIOTE_IRQHandler
</UL>

<P><STRONG><a name="[b3]"></a>nrf_gpiote_event_addr_get</STRONG> (Thumb, 8 bytes, Stack size 0 bytes, nrf_drv_gpiote.o(i.nrf_gpiote_event_addr_get))
<BR><BR>[Called By]<UL><LI><a href="#[a6]">&gt;&gt;</a>&nbsp;&nbsp;&nbsp;nrf_drv_gpiote_in_event_addr_get
<LI><a href="#[37]">&gt;&gt;</a>&nbsp;&nbsp;&nbsp;nrf_gpiote_event_is_set
<LI><a href="#[38]">&gt;&gt;</a>&nbsp;&nbsp;&nbsp;nrf_gpiote_event_clear
</UL>

<P><STRONG><a name="[38]"></a>nrf_gpiote_event_clear</STRONG> (Thumb, 16 bytes, Stack size 8 bytes, nrf_drv_gpiote.o(i.nrf_gpiote_event_clear))
<BR><BR>[Stack]<UL><LI>Max Depth = 8<LI>Call Chain = nrf_gpiote_event_clear
</UL>
<BR>[Calls]<UL><LI><a href="#[b3]">&gt;&gt;</a>&nbsp;&nbsp;&nbsp;nrf_gpiote_event_addr_get
</UL>
<BR>[Called By]<UL><LI><a href="#[a7]">&gt;&gt;</a>&nbsp;&nbsp;&nbsp;nrf_drv_gpiote_in_event_enable
<LI><a href="#[b]">&gt;&gt;</a>&nbsp;&nbsp;&nbsp;GPIOTE_IRQHandler
</UL>

<P><STRONG><a name="[37]"></a>nrf_gpiote_event_is_set</STRONG> (Thumb, 22 bytes, Stack size 8 bytes, nrf_drv_gpiote.o(i.nrf_gpiote_event_is_set))
<BR><BR>[Stack]<UL><LI>Max Depth = 8<LI>Call Chain = nrf_gpiote_event_is_set
</UL>
<BR>[Calls]<UL><LI><a href="#[b3]">&gt;&gt;</a>&nbsp;&nbsp;&nbsp;nrf_gpiote_event_addr_get
</UL>
<BR>[Called By]<UL><LI><a href="#[b]">&gt;&gt;</a>&nbsp;&nbsp;&nbsp;GPIOTE_IRQHandler
</UL>

<P><STRONG><a name="[b6]"></a>nrf_gpiote_int_enable</STRONG> (Thumb, 6 bytes, Stack size 0 bytes, nrf_drv_gpiote.o(i.nrf_gpiote_int_enable))
<BR><BR>[Called By]<UL><LI><a href="#[a3]">&gt;&gt;</a>&nbsp;&nbsp;&nbsp;nrf_drv_gpiote_init
<LI><a href="#[a7]">&gt;&gt;</a>&nbsp;&nbsp;&nbsp;nrf_drv_gpiote_in_event_enable
</UL>

<P><STRONG><a name="[b7]"></a>pin_in_use_by_gpiote</STRONG> (Thumb, 22 bytes, Stack size 0 bytes, nrf_drv_gpiote.o(i.pin_in_use_by_gpiote))
<BR><BR>[Called By]<UL><LI><a href="#[a4]">&gt;&gt;</a>&nbsp;&nbsp;&nbsp;nrf_drv_gpiote_in_init
</UL>

<P><STRONG><a name="[b4]"></a>pin_in_use_by_port</STRONG> (Thumb, 18 bytes, Stack size 0 bytes, nrf_drv_gpiote.o(i.pin_in_use_by_port))
<BR><BR>[Called By]<UL><LI><a href="#[a7]">&gt;&gt;</a>&nbsp;&nbsp;&nbsp;nrf_drv_gpiote_in_event_enable
</UL>

<P><STRONG><a name="[b5]"></a>pin_in_use_by_te</STRONG> (Thumb, 26 bytes, Stack size 0 bytes, nrf_drv_gpiote.o(i.pin_in_use_by_te))
<BR><BR>[Called By]<UL><LI><a href="#[a7]">&gt;&gt;</a>&nbsp;&nbsp;&nbsp;nrf_drv_gpiote_in_event_enable
</UL>

<P><STRONG><a name="[ba]"></a>pin_in_use_clear</STRONG> (Thumb, 10 bytes, Stack size 0 bytes, nrf_drv_gpiote.o(i.pin_in_use_clear))
<BR><BR>[Called By]<UL><LI><a href="#[a3]">&gt;&gt;</a>&nbsp;&nbsp;&nbsp;nrf_drv_gpiote_init
</UL>

<P><STRONG><a name="[71]"></a>apply_config</STRONG> (Thumb, 106 bytes, Stack size 16 bytes, nrf_drv_uart.o(i.apply_config))
<BR><BR>[Stack]<UL><LI>Max Depth = 60<LI>Call Chain = apply_config &rArr; nrf_gpio_cfg_input &rArr; nrf_gpio_cfg
</UL>
<BR>[Calls]<UL><LI><a href="#[75]">&gt;&gt;</a>&nbsp;&nbsp;&nbsp;nrf_uart_txrx_pins_set
<LI><a href="#[76]">&gt;&gt;</a>&nbsp;&nbsp;&nbsp;nrf_uart_hwfc_pins_set
<LI><a href="#[73]">&gt;&gt;</a>&nbsp;&nbsp;&nbsp;nrf_gpio_pin_set
<LI><a href="#[72]">&gt;&gt;</a>&nbsp;&nbsp;&nbsp;nrf_gpio_cfg_output
<LI><a href="#[74]">&gt;&gt;</a>&nbsp;&nbsp;&nbsp;nrf_gpio_cfg_input
</UL>
<BR>[Called By]<UL><LI><a href="#[6d]">&gt;&gt;</a>&nbsp;&nbsp;&nbsp;nrf_drv_uart_init
</UL>

<P><STRONG><a name="[be]"></a>nrf_gpio_cfg</STRONG> (Thumb, 38 bytes, Stack size 20 bytes, nrf_drv_uart.o(i.nrf_gpio_cfg))
<BR><BR>[Stack]<UL><LI>Max Depth = 20<LI>Call Chain = nrf_gpio_cfg
</UL>
<BR>[Called By]<UL><LI><a href="#[72]">&gt;&gt;</a>&nbsp;&nbsp;&nbsp;nrf_gpio_cfg_output
<LI><a href="#[74]">&gt;&gt;</a>&nbsp;&nbsp;&nbsp;nrf_gpio_cfg_input
</UL>

<P><STRONG><a name="[74]"></a>nrf_gpio_cfg_input</STRONG> (Thumb, 26 bytes, Stack size 24 bytes, nrf_drv_uart.o(i.nrf_gpio_cfg_input))
<BR><BR>[Stack]<UL><LI>Max Depth = 44<LI>Call Chain = nrf_gpio_cfg_input &rArr; nrf_gpio_cfg
</UL>
<BR>[Calls]<UL><LI><a href="#[be]">&gt;&gt;</a>&nbsp;&nbsp;&nbsp;nrf_gpio_cfg
</UL>
<BR>[Called By]<UL><LI><a href="#[71]">&gt;&gt;</a>&nbsp;&nbsp;&nbsp;apply_config
</UL>

<P><STRONG><a name="[72]"></a>nrf_gpio_cfg_output</STRONG> (Thumb, 24 bytes, Stack size 16 bytes, nrf_drv_uart.o(i.nrf_gpio_cfg_output))
<BR><BR>[Stack]<UL><LI>Max Depth = 36<LI>Call Chain = nrf_gpio_cfg_output &rArr; nrf_gpio_cfg
</UL>
<BR>[Calls]<UL><LI><a href="#[be]">&gt;&gt;</a>&nbsp;&nbsp;&nbsp;nrf_gpio_cfg
</UL>
<BR>[Called By]<UL><LI><a href="#[71]">&gt;&gt;</a>&nbsp;&nbsp;&nbsp;apply_config
</UL>

<P><STRONG><a name="[73]"></a>nrf_gpio_pin_set</STRONG> (Thumb, 10 bytes, Stack size 0 bytes, nrf_drv_uart.o(i.nrf_gpio_pin_set))
<BR><BR>[Called By]<UL><LI><a href="#[71]">&gt;&gt;</a>&nbsp;&nbsp;&nbsp;apply_config
</UL>

<P><STRONG><a name="[47]"></a>nrf_uart_errorsrc_get_and_clear</STRONG> (Thumb, 20 bytes, Stack size 0 bytes, nrf_drv_uart.o(i.nrf_uart_errorsrc_get_and_clear))
<BR><BR>[Called By]<UL><LI><a href="#[8]">&gt;&gt;</a>&nbsp;&nbsp;&nbsp;UART0_IRQHandler
</UL>

<P><STRONG><a name="[43]"></a>nrf_uart_event_check</STRONG> (Thumb, 16 bytes, Stack size 0 bytes, nrf_drv_uart.o(i.nrf_uart_event_check))
<BR><BR>[Called By]<UL><LI><a href="#[70]">&gt;&gt;</a>&nbsp;&nbsp;&nbsp;nrf_drv_uart_tx
<LI><a href="#[69]">&gt;&gt;</a>&nbsp;&nbsp;&nbsp;nrf_drv_uart_rx
<LI><a href="#[8]">&gt;&gt;</a>&nbsp;&nbsp;&nbsp;UART0_IRQHandler
</UL>

<P><STRONG><a name="[44]"></a>nrf_uart_event_clear</STRONG> (Thumb, 6 bytes, Stack size 0 bytes, nrf_drv_uart.o(i.nrf_uart_event_clear))
<BR><BR>[Called By]<UL><LI><a href="#[70]">&gt;&gt;</a>&nbsp;&nbsp;&nbsp;nrf_drv_uart_tx
<LI><a href="#[69]">&gt;&gt;</a>&nbsp;&nbsp;&nbsp;nrf_drv_uart_rx
<LI><a href="#[8]">&gt;&gt;</a>&nbsp;&nbsp;&nbsp;UART0_IRQHandler
<LI><a href="#[4a]">&gt;&gt;</a>&nbsp;&nbsp;&nbsp;tx_byte
<LI><a href="#[bd]">&gt;&gt;</a>&nbsp;&nbsp;&nbsp;rx_enable
<LI><a href="#[48]">&gt;&gt;</a>&nbsp;&nbsp;&nbsp;rx_byte
</UL>

<P><STRONG><a name="[76]"></a>nrf_uart_hwfc_pins_set</STRONG> (Thumb, 18 bytes, Stack size 0 bytes, nrf_drv_uart.o(i.nrf_uart_hwfc_pins_set))
<BR><BR>[Called By]<UL><LI><a href="#[71]">&gt;&gt;</a>&nbsp;&nbsp;&nbsp;apply_config
</UL>

<P><STRONG><a name="[45]"></a>nrf_uart_int_disable</STRONG> (Thumb, 10 bytes, Stack size 0 bytes, nrf_drv_uart.o(i.nrf_uart_int_disable))
<BR><BR>[Called By]<UL><LI><a href="#[8]">&gt;&gt;</a>&nbsp;&nbsp;&nbsp;UART0_IRQHandler
</UL>

<P><STRONG><a name="[bc]"></a>nrf_uart_int_enable</STRONG> (Thumb, 10 bytes, Stack size 0 bytes, nrf_drv_uart.o(i.nrf_uart_int_enable))
<BR><BR>[Called By]<UL><LI><a href="#[69]">&gt;&gt;</a>&nbsp;&nbsp;&nbsp;nrf_drv_uart_rx
<LI><a href="#[6d]">&gt;&gt;</a>&nbsp;&nbsp;&nbsp;nrf_drv_uart_init
</UL>

<P><STRONG><a name="[42]"></a>nrf_uart_int_enable_check</STRONG> (Thumb, 24 bytes, Stack size 0 bytes, nrf_drv_uart.o(i.nrf_uart_int_enable_check))
<BR><BR>[Called By]<UL><LI><a href="#[8]">&gt;&gt;</a>&nbsp;&nbsp;&nbsp;UART0_IRQHandler
</UL>

<P><STRONG><a name="[46]"></a>nrf_uart_task_trigger</STRONG> (Thumb, 6 bytes, Stack size 0 bytes, nrf_drv_uart.o(i.nrf_uart_task_trigger))
<BR><BR>[Called By]<UL><LI><a href="#[70]">&gt;&gt;</a>&nbsp;&nbsp;&nbsp;nrf_drv_uart_tx
<LI><a href="#[69]">&gt;&gt;</a>&nbsp;&nbsp;&nbsp;nrf_drv_uart_rx
<LI><a href="#[8]">&gt;&gt;</a>&nbsp;&nbsp;&nbsp;UART0_IRQHandler
<LI><a href="#[bd]">&gt;&gt;</a>&nbsp;&nbsp;&nbsp;rx_enable
</UL>

<P><STRONG><a name="[75]"></a>nrf_uart_txrx_pins_set</STRONG> (Thumb, 18 bytes, Stack size 0 bytes, nrf_drv_uart.o(i.nrf_uart_txrx_pins_set))
<BR><BR>[Called By]<UL><LI><a href="#[71]">&gt;&gt;</a>&nbsp;&nbsp;&nbsp;apply_config
</UL>

<P><STRONG><a name="[48]"></a>rx_byte</STRONG> (Thumb, 48 bytes, Stack size 8 bytes, nrf_drv_uart.o(i.rx_byte))
<BR><BR>[Stack]<UL><LI>Max Depth = 8<LI>Call Chain = rx_byte
</UL>
<BR>[Calls]<UL><LI><a href="#[44]">&gt;&gt;</a>&nbsp;&nbsp;&nbsp;nrf_uart_event_clear
</UL>
<BR>[Called By]<UL><LI><a href="#[69]">&gt;&gt;</a>&nbsp;&nbsp;&nbsp;nrf_drv_uart_rx
<LI><a href="#[8]">&gt;&gt;</a>&nbsp;&nbsp;&nbsp;UART0_IRQHandler
</UL>

<P><STRONG><a name="[49]"></a>rx_done_event</STRONG> (Thumb, 38 bytes, Stack size 24 bytes, nrf_drv_uart.o(i.rx_done_event))
<BR><BR>[Stack]<UL><LI>Max Depth = 24<LI>Call Chain = rx_done_event
</UL>
<BR>[Called By]<UL><LI><a href="#[8]">&gt;&gt;</a>&nbsp;&nbsp;&nbsp;UART0_IRQHandler
</UL>

<P><STRONG><a name="[bd]"></a>rx_enable</STRONG> (Thumb, 32 bytes, Stack size 8 bytes, nrf_drv_uart.o(i.rx_enable))
<BR><BR>[Stack]<UL><LI>Max Depth = 8<LI>Call Chain = rx_enable
</UL>
<BR>[Calls]<UL><LI><a href="#[46]">&gt;&gt;</a>&nbsp;&nbsp;&nbsp;nrf_uart_task_trigger
<LI><a href="#[44]">&gt;&gt;</a>&nbsp;&nbsp;&nbsp;nrf_uart_event_clear
</UL>
<BR>[Called By]<UL><LI><a href="#[6e]">&gt;&gt;</a>&nbsp;&nbsp;&nbsp;nrf_drv_uart_rx_enable
<LI><a href="#[69]">&gt;&gt;</a>&nbsp;&nbsp;&nbsp;nrf_drv_uart_rx
</UL>

<P><STRONG><a name="[4a]"></a>tx_byte</STRONG> (Thumb, 48 bytes, Stack size 8 bytes, nrf_drv_uart.o(i.tx_byte))
<BR><BR>[Stack]<UL><LI>Max Depth = 8<LI>Call Chain = tx_byte
</UL>
<BR>[Calls]<UL><LI><a href="#[44]">&gt;&gt;</a>&nbsp;&nbsp;&nbsp;nrf_uart_event_clear
</UL>
<BR>[Called By]<UL><LI><a href="#[70]">&gt;&gt;</a>&nbsp;&nbsp;&nbsp;nrf_drv_uart_tx
<LI><a href="#[8]">&gt;&gt;</a>&nbsp;&nbsp;&nbsp;UART0_IRQHandler
</UL>

<P><STRONG><a name="[4b]"></a>tx_done_event</STRONG> (Thumb, 38 bytes, Stack size 24 bytes, nrf_drv_uart.o(i.tx_done_event))
<BR><BR>[Stack]<UL><LI>Max Depth = 24<LI>Call Chain = tx_done_event
</UL>
<BR>[Called By]<UL><LI><a href="#[8]">&gt;&gt;</a>&nbsp;&nbsp;&nbsp;UART0_IRQHandler
</UL>

<P><STRONG><a name="[68]"></a>fifo_length</STRONG> (Thumb, 10 bytes, Stack size 0 bytes, app_uart_fifo.o(i.fifo_length))
<BR><BR>[Called By]<UL><LI><a href="#[67]">&gt;&gt;</a>&nbsp;&nbsp;&nbsp;app_uart_get
<LI><a href="#[24]">&gt;&gt;</a>&nbsp;&nbsp;&nbsp;uart_event_handler
</UL>

<P><STRONG><a name="[24]"></a>uart_event_handler</STRONG> (Thumb, 170 bytes, Stack size 24 bytes, app_uart_fifo.o(i.uart_event_handler))
<BR><BR>[Stack]<UL><LI>Max Depth = 64<LI>Call Chain = uart_event_handler &rArr; nrf_drv_uart_rx &rArr; rx_enable
</UL>
<BR>[Calls]<UL><LI><a href="#[56]">&gt;&gt;</a>&nbsp;&nbsp;&nbsp;app_fifo_put
<LI><a href="#[53]">&gt;&gt;</a>&nbsp;&nbsp;&nbsp;app_fifo_get
<LI><a href="#[68]">&gt;&gt;</a>&nbsp;&nbsp;&nbsp;fifo_length
<LI><a href="#[70]">&gt;&gt;</a>&nbsp;&nbsp;&nbsp;nrf_drv_uart_tx
<LI><a href="#[69]">&gt;&gt;</a>&nbsp;&nbsp;&nbsp;nrf_drv_uart_rx
</UL>
<BR>[Address Reference Count : 1]<UL><LI> app_uart_fifo.o(i.app_uart_init)
</UL>
<P><STRONG><a name="[55]"></a>fifo_get</STRONG> (Thumb, 20 bytes, Stack size 0 bytes, app_fifo.o(i.fifo_get))
<BR><BR>[Called By]<UL><LI><a href="#[53]">&gt;&gt;</a>&nbsp;&nbsp;&nbsp;app_fifo_get
</UL>

<P><STRONG><a name="[54]"></a>fifo_length</STRONG> (Thumb, 10 bytes, Stack size 0 bytes, app_fifo.o(i.fifo_length))
<BR><BR>[Called By]<UL><LI><a href="#[56]">&gt;&gt;</a>&nbsp;&nbsp;&nbsp;app_fifo_put
<LI><a href="#[53]">&gt;&gt;</a>&nbsp;&nbsp;&nbsp;app_fifo_get
</UL>

<P><STRONG><a name="[57]"></a>fifo_put</STRONG> (Thumb, 18 bytes, Stack size 0 bytes, app_fifo.o(i.fifo_put))
<BR><BR>[Called By]<UL><LI><a href="#[56]">&gt;&gt;</a>&nbsp;&nbsp;&nbsp;app_fifo_put
</UL>

<P><STRONG><a name="[5e]"></a>NVIC_ClearPendingIRQ</STRONG> (Thumb, 14 bytes, Stack size 0 bytes, app_timer.o(i.NVIC_ClearPendingIRQ))
<BR><BR>[Called By]<UL><LI><a href="#[5c]">&gt;&gt;</a>&nbsp;&nbsp;&nbsp;app_timer_init
<LI><a href="#[97]">&gt;&gt;</a>&nbsp;&nbsp;&nbsp;rtc1_start
</UL>

<P><STRONG><a name="[60]"></a>NVIC_EnableIRQ</STRONG> (Thumb, 14 bytes, Stack size 0 bytes, app_timer.o(i.NVIC_EnableIRQ))
<BR><BR>[Called By]<UL><LI><a href="#[5c]">&gt;&gt;</a>&nbsp;&nbsp;&nbsp;app_timer_init
<LI><a href="#[97]">&gt;&gt;</a>&nbsp;&nbsp;&nbsp;rtc1_start
</UL>

<P><STRONG><a name="[c9]"></a>NVIC_SetPendingIRQ</STRONG> (Thumb, 14 bytes, Stack size 0 bytes, app_timer.o(i.NVIC_SetPendingIRQ))
<BR><BR>[Called By]<UL><LI><a href="#[99]">&gt;&gt;</a>&nbsp;&nbsp;&nbsp;timer_timeouts_check_sched
<LI><a href="#[c8]">&gt;&gt;</a>&nbsp;&nbsp;&nbsp;timer_list_handler_sched
</UL>

<P><STRONG><a name="[5f]"></a>NVIC_SetPriority</STRONG> (Thumb, 110 bytes, Stack size 8 bytes, app_timer.o(i.NVIC_SetPriority))
<BR><BR>[Stack]<UL><LI>Max Depth = 8<LI>Call Chain = NVIC_SetPriority
</UL>
<BR>[Called By]<UL><LI><a href="#[5c]">&gt;&gt;</a>&nbsp;&nbsp;&nbsp;app_timer_init
<LI><a href="#[61]">&gt;&gt;</a>&nbsp;&nbsp;&nbsp;rtc1_init
</UL>

<P><STRONG><a name="[96]"></a>compare_reg_update</STRONG> (Thumb, 126 bytes, Stack size 32 bytes, app_timer.o(i.compare_reg_update))
<BR><BR>[Stack]<UL><LI>Max Depth = 40<LI>Call Chain = compare_reg_update &rArr; timer_timeouts_check_sched
</UL>
<BR>[Calls]<UL><LI><a href="#[32]">&gt;&gt;</a>&nbsp;&nbsp;&nbsp;__asm___11_app_timer_c_cd27f9c3__nrf_delay_us
<LI><a href="#[99]">&gt;&gt;</a>&nbsp;&nbsp;&nbsp;timer_timeouts_check_sched
<LI><a href="#[59]">&gt;&gt;</a>&nbsp;&nbsp;&nbsp;ticks_diff_get
<LI><a href="#[5d]">&gt;&gt;</a>&nbsp;&nbsp;&nbsp;rtc1_stop
<LI><a href="#[97]">&gt;&gt;</a>&nbsp;&nbsp;&nbsp;rtc1_start
<LI><a href="#[5b]">&gt;&gt;</a>&nbsp;&nbsp;&nbsp;rtc1_counter_get
<LI><a href="#[98]">&gt;&gt;</a>&nbsp;&nbsp;&nbsp;rtc1_compare0_set
</UL>
<BR>[Called By]<UL><LI><a href="#[3d]">&gt;&gt;</a>&nbsp;&nbsp;&nbsp;timer_list_handler
</UL>

<P><STRONG><a name="[cd]"></a>current_int_priority_get</STRONG> (Thumb, 84 bytes, Stack size 8 bytes, app_timer.o(i.current_int_priority_get))
<BR><BR>[Stack]<UL><LI>Max Depth = 8<LI>Call Chain = current_int_priority_get
</UL>
<BR>[Called By]<UL><LI><a href="#[63]">&gt;&gt;</a>&nbsp;&nbsp;&nbsp;user_id_get
</UL>

<P><STRONG><a name="[c6]"></a>elapsed_ticks_acquire</STRONG> (Thumb, 82 bytes, Stack size 0 bytes, app_timer.o(i.elapsed_ticks_acquire))
<BR><BR>[Called By]<UL><LI><a href="#[3d]">&gt;&gt;</a>&nbsp;&nbsp;&nbsp;timer_list_handler
</UL>

<P><STRONG><a name="[c7]"></a>expired_timers_handler</STRONG> (Thumb, 86 bytes, Stack size 20 bytes, app_timer.o(i.expired_timers_handler))
<BR><BR>[Stack]<UL><LI>Max Depth = 20<LI>Call Chain = expired_timers_handler
</UL>
<BR>[Called By]<UL><LI><a href="#[3d]">&gt;&gt;</a>&nbsp;&nbsp;&nbsp;timer_list_handler
</UL>

<P><STRONG><a name="[a8]"></a>list_deletions_handler</STRONG> (Thumb, 136 bytes, Stack size 24 bytes, app_timer.o(i.list_deletions_handler))
<BR><BR>[Stack]<UL><LI>Max Depth = 36<LI>Call Chain = list_deletions_handler &rArr; timer_list_remove
</UL>
<BR>[Calls]<UL><LI><a href="#[a9]">&gt;&gt;</a>&nbsp;&nbsp;&nbsp;timer_list_remove
</UL>
<BR>[Called By]<UL><LI><a href="#[3d]">&gt;&gt;</a>&nbsp;&nbsp;&nbsp;timer_list_handler
</UL>

<P><STRONG><a name="[aa]"></a>list_insertions_handler</STRONG> (Thumb, 248 bytes, Stack size 32 bytes, app_timer.o(i.list_insertions_handler))
<BR><BR>[Stack]<UL><LI>Max Depth = 40<LI>Call Chain = list_insertions_handler &rArr; timer_list_insert
</UL>
<BR>[Calls]<UL><LI><a href="#[ab]">&gt;&gt;</a>&nbsp;&nbsp;&nbsp;timer_list_insert
<LI><a href="#[59]">&gt;&gt;</a>&nbsp;&nbsp;&nbsp;ticks_diff_get
</UL>
<BR>[Called By]<UL><LI><a href="#[3d]">&gt;&gt;</a>&nbsp;&nbsp;&nbsp;timer_list_handler
</UL>

<P><STRONG><a name="[98]"></a>rtc1_compare0_set</STRONG> (Thumb, 6 bytes, Stack size 0 bytes, app_timer.o(i.rtc1_compare0_set))
<BR><BR>[Called By]<UL><LI><a href="#[96]">&gt;&gt;</a>&nbsp;&nbsp;&nbsp;compare_reg_update
</UL>

<P><STRONG><a name="[5b]"></a>rtc1_counter_get</STRONG> (Thumb, 6 bytes, Stack size 0 bytes, app_timer.o(i.rtc1_counter_get))
<BR><BR>[Called By]<UL><LI><a href="#[5c]">&gt;&gt;</a>&nbsp;&nbsp;&nbsp;app_timer_init
<LI><a href="#[5a]">&gt;&gt;</a>&nbsp;&nbsp;&nbsp;app_timer_cnt_get
<LI><a href="#[3c]">&gt;&gt;</a>&nbsp;&nbsp;&nbsp;timer_timeouts_check
<LI><a href="#[64]">&gt;&gt;</a>&nbsp;&nbsp;&nbsp;timer_start_op_schedule
<LI><a href="#[96]">&gt;&gt;</a>&nbsp;&nbsp;&nbsp;compare_reg_update
</UL>

<P><STRONG><a name="[61]"></a>rtc1_init</STRONG> (Thumb, 18 bytes, Stack size 8 bytes, app_timer.o(i.rtc1_init))
<BR><BR>[Stack]<UL><LI>Max Depth = 16<LI>Call Chain = rtc1_init &rArr; NVIC_SetPriority
</UL>
<BR>[Calls]<UL><LI><a href="#[5f]">&gt;&gt;</a>&nbsp;&nbsp;&nbsp;NVIC_SetPriority
</UL>
<BR>[Called By]<UL><LI><a href="#[5c]">&gt;&gt;</a>&nbsp;&nbsp;&nbsp;app_timer_init
</UL>

<P><STRONG><a name="[97]"></a>rtc1_start</STRONG> (Thumb, 48 bytes, Stack size 8 bytes, app_timer.o(i.rtc1_start))
<BR><BR>[Stack]<UL><LI>Max Depth = 8<LI>Call Chain = rtc1_start
</UL>
<BR>[Calls]<UL><LI><a href="#[32]">&gt;&gt;</a>&nbsp;&nbsp;&nbsp;__asm___11_app_timer_c_cd27f9c3__nrf_delay_us
<LI><a href="#[60]">&gt;&gt;</a>&nbsp;&nbsp;&nbsp;NVIC_EnableIRQ
<LI><a href="#[5e]">&gt;&gt;</a>&nbsp;&nbsp;&nbsp;NVIC_ClearPendingIRQ
</UL>
<BR>[Called By]<UL><LI><a href="#[96]">&gt;&gt;</a>&nbsp;&nbsp;&nbsp;compare_reg_update
</UL>

<P><STRONG><a name="[5d]"></a>rtc1_stop</STRONG> (Thumb, 66 bytes, Stack size 8 bytes, app_timer.o(i.rtc1_stop))
<BR><BR>[Stack]<UL><LI>Max Depth = 8<LI>Call Chain = rtc1_stop
</UL>
<BR>[Calls]<UL><LI><a href="#[32]">&gt;&gt;</a>&nbsp;&nbsp;&nbsp;__asm___11_app_timer_c_cd27f9c3__nrf_delay_us
</UL>
<BR>[Called By]<UL><LI><a href="#[5c]">&gt;&gt;</a>&nbsp;&nbsp;&nbsp;app_timer_init
<LI><a href="#[96]">&gt;&gt;</a>&nbsp;&nbsp;&nbsp;compare_reg_update
</UL>

<P><STRONG><a name="[59]"></a>ticks_diff_get</STRONG> (Thumb, 10 bytes, Stack size 0 bytes, app_timer.o(i.ticks_diff_get))
<BR><BR>[Called By]<UL><LI><a href="#[58]">&gt;&gt;</a>&nbsp;&nbsp;&nbsp;app_timer_cnt_diff_compute
<LI><a href="#[3c]">&gt;&gt;</a>&nbsp;&nbsp;&nbsp;timer_timeouts_check
<LI><a href="#[aa]">&gt;&gt;</a>&nbsp;&nbsp;&nbsp;list_insertions_handler
<LI><a href="#[96]">&gt;&gt;</a>&nbsp;&nbsp;&nbsp;compare_reg_update
</UL>

<P><STRONG><a name="[c5]"></a>timeout_handler_exec</STRONG> (Thumb, 60 bytes, Stack size 16 bytes, app_timer.o(i.timeout_handler_exec))
<BR><BR>[Stack]<UL><LI>Max Depth = 168<LI>Call Chain = timeout_handler_exec &rArr; app_error_handler &rArr; bsp_indication_set &rArr; bsp_led_indication &rArr; app_timer_start &rArr; timer_start_op_schedule &rArr; user_op_alloc
</UL>
<BR>[Calls]<UL><LI><a href="#[3e]">&gt;&gt;</a>&nbsp;&nbsp;&nbsp;app_error_handler
</UL>
<BR>[Called By]<UL><LI><a href="#[3c]">&gt;&gt;</a>&nbsp;&nbsp;&nbsp;timer_timeouts_check
</UL>

<P><STRONG><a name="[3d]"></a>timer_list_handler</STRONG> (Thumb, 74 bytes, Stack size 32 bytes, app_timer.o(i.timer_list_handler))
<BR><BR>[Stack]<UL><LI>Max Depth = 72<LI>Call Chain = timer_list_handler &rArr; list_insertions_handler &rArr; timer_list_insert
</UL>
<BR>[Calls]<UL><LI><a href="#[aa]">&gt;&gt;</a>&nbsp;&nbsp;&nbsp;list_insertions_handler
<LI><a href="#[a8]">&gt;&gt;</a>&nbsp;&nbsp;&nbsp;list_deletions_handler
<LI><a href="#[c7]">&gt;&gt;</a>&nbsp;&nbsp;&nbsp;expired_timers_handler
<LI><a href="#[c6]">&gt;&gt;</a>&nbsp;&nbsp;&nbsp;elapsed_ticks_acquire
<LI><a href="#[96]">&gt;&gt;</a>&nbsp;&nbsp;&nbsp;compare_reg_update
</UL>
<BR>[Called By]<UL><LI><a href="#[19]">&gt;&gt;</a>&nbsp;&nbsp;&nbsp;SWI0_IRQHandler
</UL>

<P><STRONG><a name="[c8]"></a>timer_list_handler_sched</STRONG> (Thumb, 10 bytes, Stack size 8 bytes, app_timer.o(i.timer_list_handler_sched))
<BR><BR>[Stack]<UL><LI>Max Depth = 8<LI>Call Chain = timer_list_handler_sched
</UL>
<BR>[Calls]<UL><LI><a href="#[c9]">&gt;&gt;</a>&nbsp;&nbsp;&nbsp;NVIC_SetPendingIRQ
</UL>
<BR>[Called By]<UL><LI><a href="#[3c]">&gt;&gt;</a>&nbsp;&nbsp;&nbsp;timer_timeouts_check
<LI><a href="#[66]">&gt;&gt;</a>&nbsp;&nbsp;&nbsp;timer_stop_op_schedule
<LI><a href="#[64]">&gt;&gt;</a>&nbsp;&nbsp;&nbsp;timer_start_op_schedule
</UL>

<P><STRONG><a name="[ab]"></a>timer_list_insert</STRONG> (Thumb, 104 bytes, Stack size 8 bytes, app_timer.o(i.timer_list_insert))
<BR><BR>[Stack]<UL><LI>Max Depth = 8<LI>Call Chain = timer_list_insert
</UL>
<BR>[Called By]<UL><LI><a href="#[aa]">&gt;&gt;</a>&nbsp;&nbsp;&nbsp;list_insertions_handler
</UL>

<P><STRONG><a name="[a9]"></a>timer_list_remove</STRONG> (Thumb, 96 bytes, Stack size 12 bytes, app_timer.o(i.timer_list_remove))
<BR><BR>[Stack]<UL><LI>Max Depth = 12<LI>Call Chain = timer_list_remove
</UL>
<BR>[Called By]<UL><LI><a href="#[a8]">&gt;&gt;</a>&nbsp;&nbsp;&nbsp;list_deletions_handler
</UL>

<P><STRONG><a name="[64]"></a>timer_start_op_schedule</STRONG> (Thumb, 82 bytes, Stack size 40 bytes, app_timer.o(i.timer_start_op_schedule))
<BR><BR>[Stack]<UL><LI>Max Depth = 56<LI>Call Chain = timer_start_op_schedule &rArr; user_op_alloc
</UL>
<BR>[Calls]<UL><LI><a href="#[cb]">&gt;&gt;</a>&nbsp;&nbsp;&nbsp;user_op_enque
<LI><a href="#[ca]">&gt;&gt;</a>&nbsp;&nbsp;&nbsp;user_op_alloc
<LI><a href="#[c8]">&gt;&gt;</a>&nbsp;&nbsp;&nbsp;timer_list_handler_sched
<LI><a href="#[5b]">&gt;&gt;</a>&nbsp;&nbsp;&nbsp;rtc1_counter_get
</UL>
<BR>[Called By]<UL><LI><a href="#[62]">&gt;&gt;</a>&nbsp;&nbsp;&nbsp;app_timer_start
</UL>

<P><STRONG><a name="[66]"></a>timer_stop_op_schedule</STRONG> (Thumb, 60 bytes, Stack size 24 bytes, app_timer.o(i.timer_stop_op_schedule))
<BR><BR>[Stack]<UL><LI>Max Depth = 40<LI>Call Chain = timer_stop_op_schedule &rArr; user_op_alloc
</UL>
<BR>[Calls]<UL><LI><a href="#[cb]">&gt;&gt;</a>&nbsp;&nbsp;&nbsp;user_op_enque
<LI><a href="#[ca]">&gt;&gt;</a>&nbsp;&nbsp;&nbsp;user_op_alloc
<LI><a href="#[c8]">&gt;&gt;</a>&nbsp;&nbsp;&nbsp;timer_list_handler_sched
</UL>
<BR>[Called By]<UL><LI><a href="#[65]">&gt;&gt;</a>&nbsp;&nbsp;&nbsp;app_timer_stop
</UL>

<P><STRONG><a name="[3c]"></a>timer_timeouts_check</STRONG> (Thumb, 128 bytes, Stack size 24 bytes, app_timer.o(i.timer_timeouts_check))
<BR><BR>[Stack]<UL><LI>Max Depth = 192<LI>Call Chain = timer_timeouts_check &rArr; timeout_handler_exec &rArr; app_error_handler &rArr; bsp_indication_set &rArr; bsp_led_indication &rArr; app_timer_start &rArr; timer_start_op_schedule &rArr; user_op_alloc
</UL>
<BR>[Calls]<UL><LI><a href="#[c8]">&gt;&gt;</a>&nbsp;&nbsp;&nbsp;timer_list_handler_sched
<LI><a href="#[c5]">&gt;&gt;</a>&nbsp;&nbsp;&nbsp;timeout_handler_exec
<LI><a href="#[59]">&gt;&gt;</a>&nbsp;&nbsp;&nbsp;ticks_diff_get
<LI><a href="#[5b]">&gt;&gt;</a>&nbsp;&nbsp;&nbsp;rtc1_counter_get
</UL>
<BR>[Called By]<UL><LI><a href="#[16]">&gt;&gt;</a>&nbsp;&nbsp;&nbsp;RTC1_IRQHandler
</UL>

<P><STRONG><a name="[99]"></a>timer_timeouts_check_sched</STRONG> (Thumb, 10 bytes, Stack size 8 bytes, app_timer.o(i.timer_timeouts_check_sched))
<BR><BR>[Stack]<UL><LI>Max Depth = 8<LI>Call Chain = timer_timeouts_check_sched
</UL>
<BR>[Calls]<UL><LI><a href="#[c9]">&gt;&gt;</a>&nbsp;&nbsp;&nbsp;NVIC_SetPendingIRQ
</UL>
<BR>[Called By]<UL><LI><a href="#[96]">&gt;&gt;</a>&nbsp;&nbsp;&nbsp;compare_reg_update
</UL>

<P><STRONG><a name="[63]"></a>user_id_get</STRONG> (Thumb, 34 bytes, Stack size 8 bytes, app_timer.o(i.user_id_get))
<BR><BR>[Stack]<UL><LI>Max Depth = 16<LI>Call Chain = user_id_get &rArr; current_int_priority_get
</UL>
<BR>[Calls]<UL><LI><a href="#[cd]">&gt;&gt;</a>&nbsp;&nbsp;&nbsp;current_int_priority_get
</UL>
<BR>[Called By]<UL><LI><a href="#[65]">&gt;&gt;</a>&nbsp;&nbsp;&nbsp;app_timer_stop
<LI><a href="#[62]">&gt;&gt;</a>&nbsp;&nbsp;&nbsp;app_timer_start
</UL>

<P><STRONG><a name="[ca]"></a>user_op_alloc</STRONG> (Thumb, 46 bytes, Stack size 16 bytes, app_timer.o(i.user_op_alloc))
<BR><BR>[Stack]<UL><LI>Max Depth = 16<LI>Call Chain = user_op_alloc
</UL>
<BR>[Called By]<UL><LI><a href="#[66]">&gt;&gt;</a>&nbsp;&nbsp;&nbsp;timer_stop_op_schedule
<LI><a href="#[64]">&gt;&gt;</a>&nbsp;&nbsp;&nbsp;timer_start_op_schedule
</UL>

<P><STRONG><a name="[cb]"></a>user_op_enque</STRONG> (Thumb, 4 bytes, Stack size 0 bytes, app_timer.o(i.user_op_enque))
<BR><BR>[Called By]<UL><LI><a href="#[66]">&gt;&gt;</a>&nbsp;&nbsp;&nbsp;timer_stop_op_schedule
<LI><a href="#[64]">&gt;&gt;</a>&nbsp;&nbsp;&nbsp;timer_start_op_schedule
</UL>

<P><STRONG><a name="[4d]"></a>_printf_core</STRONG> (Thumb, 456 bytes, Stack size 88 bytes, printf3.o(i._printf_core), UNUSED)
<BR><BR>[Calls]<UL><LI><a href="#[4f]">&gt;&gt;</a>&nbsp;&nbsp;&nbsp;__aeabi_uidivmod
</UL>
<BR>[Called By]<UL><LI><a href="#[4e]">&gt;&gt;</a>&nbsp;&nbsp;&nbsp;__0sprintf$3
<LI><a href="#[4c]">&gt;&gt;</a>&nbsp;&nbsp;&nbsp;__0printf$3
</UL>

<P><STRONG><a name="[23]"></a>_sputc</STRONG> (Thumb, 10 bytes, Stack size 0 bytes, printf3.o(i._sputc))
<BR><BR>[Called By]<UL><LI><a href="#[4e]">&gt;&gt;</a>&nbsp;&nbsp;&nbsp;__0sprintf$3
</UL>
<BR>[Address Reference Count : 1]<UL><LI> printf3.o(i.__0sprintf$3)
</UL><P>
<H3>
Undefined Global Symbols
</H3><HR></body></html>
