<html>
<body>
<pre>
<h1>µVision Build Log</h1>
<h2>Tool Versions:</h2>
IDE-Version: µVision V5.20.0.0
Copyright (C) 2016 ARM Ltd and ARM Germany GmbH. All rights reserved.
License Information: Johnson Thie, University of Sydney, LIC=----
 
Tool Versions:
Toolchain:       MDK-Lite  Version: 5.20
Toolchain Path:  C:\Keil_v5\ARM\ARMCC\Bin
C Compiler:      Armcc.exe V5.06 update 2 (build 183)
Assembler:       Armasm.exe V5.06 update 2 (build 183)
Linker/Locator:  ArmLink.exe V5.06 update 2 (build 183)
Library Manager: ArmAr.exe V5.06 update 2 (build 183)
Hex Converter:   FromElf.exe V5.06 update 2 (build 183)
CPU DLL:         
Dialog DLL:      
Target DLL:      Segger\JL2CM3.dll V2.99.20.0
Dialog DLL:      TARMCM1.DLL V1.10.0.0
 
<h2>Project:</h2>
C:\Users\jthie\Dropbox\Projects\Electrophys_trigger\Wireless_trigger\3G_BT\Code\ble_central_app_uart\pca10031\s120\arm5\ble_app_uart_c_s120_pca10031.uvprojx
Project File Date:  07/26/2016

<h2>Output:</h2>
*** Using Compiler 'V5.06 update 2 (build 183)', folder: 'C:\Keil_v5\ARM\ARMCC\Bin'
Build target 'nrf51422_xxac_s120'
compiling main.c...
..\..\..\main.c(619): warning:  #177-D: variable "audio_data_index" was declared but never referenced
        uint8_t audio_data_index = 0;
..\..\..\main.c(587): warning:  #550-D: variable "diff_tick" was set but never used
  	uint32_t err_code, diff_tick;
..\..\..\main.c(847): warning:  #167-D: argument of type "void (*)(void)" is incompatible with parameter of type "nrf_drv_gpiote_evt_handler_t"
    err_code = nrf_drv_gpiote_in_init(
UDIO_STIM_PIN, &fall_event_config, audio_stimulus_handler);
..\..\..\main.c(833): warning:  #550-D: variable "gpiote_event_addr" was set but never used
  	uint32_t gpiote_event_addr;
..\..\..\main.c: 4 warnings, 0 errors
linking...
Program Size: Code=16004 RO-data=388 RW-data=156 ZI-data=4460  
FromELF: creating hex file...
".\_build\nrf51422_xxac_s120.axf" - 0 Error(s), 4 Warning(s).

<h2>Software Packages used:</h2>

Package Vendor: ARM
                http://www.keil.com/pack/ARM.CMSIS.4.5.0.pack
                ARM::CMSIS:CORE:4.3.0
                CMSIS (Cortex Microcontroller Software Interface Standard)
   * Component: CORE Version: 4.3.0

Package Vendor: NordicSemiconductor
                http://developer.nordicsemi.com/nRF51_SDK/pieces/nRF_BLE/NordicSemiconductor.nRF_BLE.3.1.0.pack
                NordicSemiconductor::nRF_BLE:BLE_Modules:ble_db_discovery:3.1.0
                Bluetooth Low Energy (Bluetooth Smart) services and software modules for Nordic Semiconductor nRF family.
   * Component: ble_db_discovery Version: 3.1.0
   * Component: ble_service_common Version: 3.1.0
   * Component: ble_nus_c Version: 3.1.0
   * Component: ble_advdata Version: 3.1.0

Package Vendor: NordicSemiconductor
                http://developer.nordicsemi.com/nRF51_SDK/pieces/nRF_DeviceFamilyPack/NordicSemiconductor.nRF_DeviceFamilyPack.8.2.0.pack
                NordicSemiconductor::Device:Startup:8.2.0
                Nordic Semiconductor nRF ARM devices Device Family Pack.
   * Component: Startup Version: 8.2.0

Package Vendor: NordicSemiconductor
                http://developer.nordicsemi.com/nRF51_SDK/pieces/nRF_Drivers/NordicSemiconductor.nRF_Drivers.3.1.0.pack
                NordicSemiconductor::nRF_Drivers:nrf_delay:3.1.0
                Drivers for Nordic Semiconductor nRF family.
   * Component: nrf_delay Version: 3.1.0
   * Component: nrf_gpio Version: 3.1.0
   * Component: nrf_gpiote Version: 3.1.0
   * Component: nrf_uart Version: 3.1.0
   * Component: nrf_error Variant: default Version: 3.1.0
   * Component: nrf_timer Version: 3.1.0
   * Component: nrf_uarte Version: 3.1.0
   * Component: nrf_drv_uart Version: 3.1.0
   * Component: nrf_drv_gpiote Version: 3.1.0
   * Component: nrf_drv_common Version: 3.1.0

Package Vendor: NordicSemiconductor
                http://developer.nordicsemi.com/nRF51_SDK/pieces/nRF_Examples/NordicSemiconductor.nRF_Examples.10.0.0.pack
                NordicSemiconductor::Board Support:bsp:Uart:10.0.0
                Examples and BSP for Nordic Semiconductor nRF family.
   * Component: bsp Variant: Uart Version: 10.0.0
   * Component: bsp_btn_ble Version: 10.0.0

Package Vendor: NordicSemiconductor
                http://developer.nordicsemi.com/nRF51_SDK/pieces/nRF_Libraries/NordicSemiconductor.nRF_Libraries.3.1.0.pack
                NordicSemiconductor::nRF_Libraries:app_button:3.1.0
                Software modules for Nordic Semiconductor nRF family.
   * Component: app_button Version: 3.1.0
   * Component: app_error Version: 3.1.0
   * Component: nrf_assert Version: 3.1.0
   * Component: retarget Version: 3.1.0
   * Component: app_fifo Version: 3.1.0
   * Component: app_util Variant: default Version: 3.1.0
   * Component: app_trace Variant: default Version: 3.1.0
   * Component: nordic_common Version: 3.1.0
   * Component: app_timer Variant: default Version: 3.1.0
   * Component: app_uart Variant: Fifo Version: 3.1.0

Package Vendor: NordicSemiconductor
                http://developer.nordicsemi.com/nRF51_SDK/pieces/nRF_SoftDevice_Common/NordicSemiconductor.nRF_SoftDevice_Common.1.1.5.pack
                NordicSemiconductor::nRF_SoftDevice:Internal:sd_common:default:1.1.5
                Common components for Nordic Semiconductor nRF family SoftDevices.
   * Component: sd_common Variant: default Version: 1.1.5
   * Component: softdevice_present Version: 1.1.5

Package Vendor: NordicSemiconductor
                http://developer.nordicsemi.com/nRF51_SDK/pieces/nRF_SoftDevice_S120/NordicSemiconductor.nRF_SoftDevice_S120.2.1.1.pack
                NordicSemiconductor::nRF_SoftDevice:s120_hex:2.1.1
                Components for Bluetooth Low Energy (Bluetooth Smart) S120 SoftDevice for Nordic Semiconductor nRF family.
   * Component: s120_hex Version: 2.1.1
   * Component: s120 Variant: default Version: 2.1.1

<h2>Collection of Component include folders:</h2>
  C:\Users\jthie\Dropbox\Projects\Electrophys_trigger\Wireless_trigger\3G_BT\Code\ble_central_app_uart\pca10031\s120\arm5\RTE
  C:\Users\jthie\Dropbox\Projects\Electrophys_trigger\Wireless_trigger\3G_BT\Code\ble_central_app_uart\pca10031\s120\arm5\RTE\nRF_BLE\nRF51422_xxAC
  C:\Users\jthie\Dropbox\Projects\Electrophys_trigger\Wireless_trigger\3G_BT\Code\ble_central_app_uart\pca10031\s120\arm5\RTE\nRF_Drivers\nRF51422_xxAC
  C:\Users\jthie\Dropbox\Projects\Electrophys_trigger\Wireless_trigger\3G_BT\Code\ble_central_app_uart\pca10031\s120\arm5\RTE\nRF_Libraries\nRF51422_xxAC
  C:\Keil_v5\ARM\PACK\ARM\CMSIS\4.5.0\CMSIS\Include
  C:\Keil_v5\ARM\PACK\NordicSemiconductor\nRF_BLE\3.1.0\ble_db_discovery
  C:\Keil_v5\ARM\PACK\NordicSemiconductor\nRF_BLE\3.1.0\ble_services\ble_nus_c
  C:\Keil_v5\ARM\PACK\NordicSemiconductor\nRF_BLE\3.1.0\common
  C:\Keil_v5\ARM\PACK\NordicSemiconductor\nRF_DeviceFamilyPack\8.2.0\Device\Include
  C:\Keil_v5\ARM\PACK\NordicSemiconductor\nRF_Drivers\3.1.0\common
  C:\Keil_v5\ARM\PACK\NordicSemiconductor\nRF_Drivers\3.1.0\config
  C:\Keil_v5\ARM\PACK\NordicSemiconductor\nRF_Drivers\3.1.0\delay
  C:\Keil_v5\ARM\PACK\NordicSemiconductor\nRF_Drivers\3.1.0\gpiote
  C:\Keil_v5\ARM\PACK\NordicSemiconductor\nRF_Drivers\3.1.0\hal
  C:\Keil_v5\ARM\PACK\NordicSemiconductor\nRF_Drivers\3.1.0\uart
  C:\Keil_v5\ARM\PACK\NordicSemiconductor\nRF_Examples\10.0.0\bsp
  C:\Keil_v5\ARM\PACK\NordicSemiconductor\nRF_Libraries\3.1.0\button
  C:\Keil_v5\ARM\PACK\NordicSemiconductor\nRF_Libraries\3.1.0\fifo
  C:\Keil_v5\ARM\PACK\NordicSemiconductor\nRF_Libraries\3.1.0\timer
  C:\Keil_v5\ARM\PACK\NordicSemiconductor\nRF_Libraries\3.1.0\trace
  C:\Keil_v5\ARM\PACK\NordicSemiconductor\nRF_Libraries\3.1.0\uart
  C:\Keil_v5\ARM\PACK\NordicSemiconductor\nRF_Libraries\3.1.0\util
  C:\Keil_v5\ARM\PACK\NordicSemiconductor\nRF_SoftDevice_Common\1.1.5\softdevice_handler
  C:\Keil_v5\ARM\PACK\NordicSemiconductor\nRF_SoftDevice_S120\2.1.1\headers

<h2>Collection of Component Files used:</h2>

   * Component: ARM::CMSIS:CORE:4.3.0

   * Component: NordicSemiconductor::nRF_BLE:BLE_Modules:ble_db_discovery:3.1.0
      Source file:   ble_db_discovery\ble_db_discovery.c
      Include file:  ble_db_discovery\ble_db_discovery.h

   * Component: NordicSemiconductor::nRF_BLE:BLE_Modules:ble_service_common:3.1.0
      Source file:   common\ble_srv_common.c
      Include file:  common\ble_srv_common.h

   * Component: NordicSemiconductor::nRF_BLE:BLE_Services:ble_nus_c:3.1.0
      Source file:   ble_services\ble_nus_c\ble_nus_c.c
      Include file:  ble_services\ble_nus_c\ble_nus_c.h

   * Component: NordicSemiconductor::nRF_BLE:BLE_Modules:ble_advdata:3.1.0
      Source file:   common\ble_advdata.c
      Include file:  common\ble_advdata.h

   * Component: NordicSemiconductor::Device:Startup:8.2.0
      Source file:   Device\Source\arm\arm_startup_nrf51.s
      Source file:   Device\Source\system_nrf51.c
      Include file:  Device\Include\system_nrf51.h

   * Component: NordicSemiconductor::nRF_Drivers:nrf_delay:3.1.0
      Source file:   delay\nrf_delay.c
      Include file:  delay\nrf_delay.h

   * Component: NordicSemiconductor::nRF_Drivers:nrf_gpio:3.1.0
      Include file:  hal\nrf_gpio.h

   * Component: NordicSemiconductor::nRF_Drivers:nrf_gpiote:3.1.0
      Include file:  hal\nrf_gpiote.h

   * Component: NordicSemiconductor::nRF_Drivers:nrf_uart:3.1.0
      Include file:  hal\nrf_uart.h

   * Component: NordicSemiconductor::nRF_Drivers:nrf_error:default:3.1.0

   * Component: NordicSemiconductor::nRF_Drivers:nrf_timer:3.1.0
      Include file:  hal\nrf_timer.h

   * Component: NordicSemiconductor::nRF_Drivers:nrf_uarte:3.1.0
      Include file:  hal\nrf_uarte.h

   * Component: NordicSemiconductor::nRF_Drivers:nrf_drv_uart:3.1.0
      Source file:   uart\nrf_drv_uart.c
      Include file:  uart\nrf_drv_uart.h
      Include file:  config\nrf_drv_config.h

   * Component: NordicSemiconductor::nRF_Drivers:nrf_drv_gpiote:3.1.0
      Source file:   gpiote\nrf_drv_gpiote.c
      Include file:  gpiote\nrf_drv_gpiote.h
      Include file:  config\nrf_drv_config.h

   * Component: NordicSemiconductor::nRF_Drivers:nrf_drv_common:3.1.0
      Source file:   common\nrf_drv_common.c
      Include file:  common\nrf_drv_common.h

   * Component: NordicSemiconductor::Board Support:bsp:Uart:10.0.0
      Source file:   bsp\bsp.c

   * Component: NordicSemiconductor::Board Support:bsp_btn_ble:10.0.0
      Source file:   bsp\bsp_btn_ble.c

   * Component: NordicSemiconductor::nRF_Libraries:app_button:3.1.0
      Source file:   button\app_button.c
      Include file:  button\app_button.h

   * Component: NordicSemiconductor::nRF_Libraries:app_error:3.1.0
      Source file:   util\app_error.c
      Include file:  util\app_error.h

   * Component: NordicSemiconductor::nRF_Libraries:nrf_assert:3.1.0
      Source file:   util\nrf_assert.c
      Include file:  util\nrf_assert.h

   * Component: NordicSemiconductor::nRF_Libraries:retarget:3.1.0
      Source file:   uart\retarget.c

   * Component: NordicSemiconductor::nRF_Libraries:app_fifo:3.1.0
      Source file:   fifo\app_fifo.c
      Include file:  fifo\app_fifo.h

   * Component: NordicSemiconductor::nRF_Libraries:app_util:default:3.1.0

   * Component: NordicSemiconductor::nRF_Libraries:app_trace:default:3.1.0
      Source file:   trace\app_trace.c
      Include file:  trace\app_trace.h

   * Component: NordicSemiconductor::nRF_Libraries:nordic_common:3.1.0

   * Component: NordicSemiconductor::nRF_Libraries:app_timer:default:3.1.0
      Source file:   timer\app_timer.c
      Include file:  timer\app_timer.h

   * Component: NordicSemiconductor::nRF_Drivers:app_uart:Fifo:3.1.0
      Source file:   uart\app_uart_fifo.c
      Include file:  uart\app_uart.h

   * Component: NordicSemiconductor::nRF_SoftDevice:Internal:sd_common:default:1.1.5
      Source file:   softdevice_handler\softdevice_handler.c

   * Component: NordicSemiconductor::nRF_SoftDevice:Internal:softdevice_present:1.1.5

   * Component: NordicSemiconductor::nRF_SoftDevice:s120_hex:2.1.1

   * Component: NordicSemiconductor::nRF_SoftDevice:s120:default:2.1.1
      Include file:  headers\ble.h
      Include file:  headers\ble_gatt.h
      Include file:  headers\ble_hci.h
      Include file:  headers\ble_types.h
      Include file:  headers\nrf_error_soc.h
      Include file:  headers\nrf_soc.h
      Include file:  headers\ble_err.h
      Include file:  headers\ble_gattc.h
      Include file:  headers\ble_l2cap.h
      Include file:  headers\nrf_error.h
      Include file:  headers\nrf_mbr.h
      Include file:  headers\nrf_svc.h
      Include file:  headers\ble_gap.h
      Include file:  headers\ble_gatts.h
      Include file:  headers\ble_ranges.h
      Include file:  headers\nrf_error_sdm.h
      Include file:  headers\nrf_sdm.h
      Include file:  headers\softdevice_assert.h
      Include file:  headers\nrf_sd_def.h
Build Time Elapsed:  00:00:00
</pre>
</body>
</html>
